[    0.000000] Linux version 4.15.0-64-generic (buildd@lgw01-amd64-038) (gcc version 7.4.0 (Ubuntu 7.4.0-1ubuntu1~18.04.1)) #73-Ubuntu SMP Thu Sep 12 13:16:13 UTC 2019 (Ubuntu 4.15.0-64.73-generic 4.15.18)
[    0.000000] Command line: BOOT_IMAGE=/boot/vmlinuz-4.15.0-64-generic root=LABEL=cloudimg-rootfs ro console=tty1 console=ttyS0
[    0.000000] KERNEL supported cpus:
[    0.000000]   Intel GenuineIntel
[    0.000000]   AMD AuthenticAMD
[    0.000000]   Centaur CentaurHauls
[    0.000000] x86/fpu: Supporting XSAVE feature 0x001: 'x87 floating point registers'
[    0.000000] x86/fpu: Supporting XSAVE feature 0x002: 'SSE registers'
[    0.000000] x86/fpu: Supporting XSAVE feature 0x004: 'AVX registers'
[    0.000000] x86/fpu: xstate_offset[2]:  576, xstate_sizes[2]:  256
[    0.000000] x86/fpu: Enabled xstate features 0x7, context size is 832 bytes, using 'standard' format.
[    0.000000] e820: BIOS-provided physical RAM map:
[    0.000000] BIOS-e820: [mem 0x0000000000000000-0x000000000009fbff] usable
[    0.000000] BIOS-e820: [mem 0x000000000009fc00-0x000000000009ffff] reserved
[    0.000000] BIOS-e820: [mem 0x00000000000f0000-0x00000000000fffff] reserved
[    0.000000] BIOS-e820: [mem 0x0000000000100000-0x00000000dffeffff] usable
[    0.000000] BIOS-e820: [mem 0x00000000dfff0000-0x00000000dfffffff] ACPI data
[    0.000000] BIOS-e820: [mem 0x00000000fec00000-0x00000000fec00fff] reserved
[    0.000000] BIOS-e820: [mem 0x00000000fee00000-0x00000000fee00fff] reserved
[    0.000000] BIOS-e820: [mem 0x00000000fffc0000-0x00000000ffffffff] reserved
[    0.000000] BIOS-e820: [mem 0x0000000100000000-0x000000021fffffff] usable
[    0.000000] NX (Execute Disable) protection: active
[    0.000000] SMBIOS 2.5 present.
[    0.000000] DMI: innotek GmbH VirtualBox/VirtualBox, BIOS VirtualBox 12/01/2006
[    0.000000] Hypervisor detected: KVM
[    0.000000] e820: last_pfn = 0x220000 max_arch_pfn = 0x400000000
[    0.000000] MTRR: Disabled
[    0.000000] x86/PAT: MTRRs disabled, skipping PAT initialization too.
[    0.000000] CPU MTRRs all blank - virtualized system.
[    0.000000] x86/PAT: Configuration [0-7]: WB  WT  UC- UC  WB  WT  UC- UC  
[    0.000000] e820: last_pfn = 0xdfff0 max_arch_pfn = 0x400000000
[    0.000000] found SMP MP-table at [mem 0x0009fff0-0x0009ffff]
[    0.000000] Scanning 1 areas for low memory corruption
[    0.000000] RAMDISK: [mem 0x35a89000-0x36d3bfff]
[    0.000000] ACPI: Early table checksum verification disabled
[    0.000000] ACPI: RSDP 0x00000000000E0000 000024 (v02 VBOX  )
[    0.000000] ACPI: XSDT 0x00000000DFFF0030 00003C (v01 VBOX   VBOXXSDT 00000001 ASL  00000061)
[    0.000000] ACPI: FACP 0x00000000DFFF00F0 0000F4 (v04 VBOX   VBOXFACP 00000001 ASL  00000061)
[    0.000000] ACPI: DSDT 0x00000000DFFF0470 0022EA (v02 VBOX   VBOXBIOS 00000002 INTL 20180105)
[    0.000000] ACPI: FACS 0x00000000DFFF0200 000040
[    0.000000] ACPI: FACS 0x00000000DFFF0200 000040
[    0.000000] ACPI: APIC 0x00000000DFFF0240 00005C (v02 VBOX   VBOXAPIC 00000001 ASL  00000061)
[    0.000000] ACPI: SSDT 0x00000000DFFF02A0 0001CC (v01 VBOX   VBOXCPUT 00000002 INTL 20180105)
[    0.000000] No NUMA configuration found
[    0.000000] Faking a node at [mem 0x0000000000000000-0x000000021fffffff]
[    0.000000] NODE_DATA(0) allocated [mem 0x21ffd1000-0x21fffbfff]
[    0.000000] kvm-clock: cpu 0, msr 2:1ff50001, primary cpu clock
[    0.000000] kvm-clock: Using msrs 4b564d01 and 4b564d00
[    0.000000] kvm-clock: using sched offset of 3679734294 cycles
[    0.000000] clocksource: kvm-clock: mask: 0xffffffffffffffff max_cycles: 0x1cd42e4dffb, max_idle_ns: 881590591483 ns
[    0.000000] Zone ranges:
[    0.000000]   DMA      [mem 0x0000000000001000-0x0000000000ffffff]
[    0.000000]   DMA32    [mem 0x0000000001000000-0x00000000ffffffff]
[    0.000000]   Normal   [mem 0x0000000100000000-0x000000021fffffff]
[    0.000000]   Device   empty
[    0.000000] Movable zone start for each node
[    0.000000] Early memory node ranges
[    0.000000]   node   0: [mem 0x0000000000001000-0x000000000009efff]
[    0.000000]   node   0: [mem 0x0000000000100000-0x00000000dffeffff]
[    0.000000]   node   0: [mem 0x0000000100000000-0x000000021fffffff]
[    0.000000] Reserved but unavailable: 98 pages
[    0.000000] Initmem setup node 0 [mem 0x0000000000001000-0x000000021fffffff]
[    0.000000] ACPI: PM-Timer IO Port: 0x4008
[    0.000000] IOAPIC[0]: apic_id 2, version 32, address 0xfec00000, GSI 0-23
[    0.000000] ACPI: INT_SRC_OVR (bus 0 bus_irq 0 global_irq 2 dfl dfl)
[    0.000000] ACPI: INT_SRC_OVR (bus 0 bus_irq 9 global_irq 9 low level)
[    0.000000] Using ACPI (MADT) for SMP configuration information
[    0.000000] smpboot: Allowing 2 CPUs, 0 hotplug CPUs
[    0.000000] PM: Registered nosave memory: [mem 0x00000000-0x00000fff]
[    0.000000] PM: Registered nosave memory: [mem 0x0009f000-0x0009ffff]
[    0.000000] PM: Registered nosave memory: [mem 0x000a0000-0x000effff]
[    0.000000] PM: Registered nosave memory: [mem 0x000f0000-0x000fffff]
[    0.000000] PM: Registered nosave memory: [mem 0xdfff0000-0xdfffffff]
[    0.000000] PM: Registered nosave memory: [mem 0xe0000000-0xfebfffff]
[    0.000000] PM: Registered nosave memory: [mem 0xfec00000-0xfec00fff]
[    0.000000] PM: Registered nosave memory: [mem 0xfec01000-0xfedfffff]
[    0.000000] PM: Registered nosave memory: [mem 0xfee00000-0xfee00fff]
[    0.000000] PM: Registered nosave memory: [mem 0xfee01000-0xfffbffff]
[    0.000000] PM: Registered nosave memory: [mem 0xfffc0000-0xffffffff]
[    0.000000] e820: [mem 0xe0000000-0xfebfffff] available for PCI devices
[    0.000000] Booting paravirtualized kernel on KVM
[    0.000000] clocksource: refined-jiffies: mask: 0xffffffff max_cycles: 0xffffffff, max_idle_ns: 7645519600211568 ns
[    0.000000] random: get_random_bytes called from start_kernel+0x99/0x4fd with crng_init=0
[    0.000000] setup_percpu: NR_CPUS:8192 nr_cpumask_bits:2 nr_cpu_ids:2 nr_node_ids:1
[    0.000000] percpu: Embedded 46 pages/cpu s151552 r8192 d28672 u1048576
[    0.000000] PV qspinlock hash table entries: 256 (order: 0, 4096 bytes)
[    0.000000] Built 1 zonelists, mobility grouping on.  Total pages: 2064249
[    0.000000] Policy zone: Normal
[    0.000000] Kernel command line: BOOT_IMAGE=/boot/vmlinuz-4.15.0-64-generic root=LABEL=cloudimg-rootfs ro console=tty1 console=ttyS0
[    0.000000] Memory: 8142812K/8388152K available (12300K kernel code, 2481K rwdata, 4172K rodata, 2436K init, 2384K bss, 245340K reserved, 0K cma-reserved)
[    0.000000] SLUB: HWalign=64, Order=0-3, MinObjects=0, CPUs=2, Nodes=1
[    0.000000] Kernel/User page tables isolation: enabled
[    0.000000] ftrace: allocating 39306 entries in 154 pages
[    0.004000] Hierarchical RCU implementation.
[    0.004000] 	RCU restricting CPUs from NR_CPUS=8192 to nr_cpu_ids=2.
[    0.004000] 	Tasks RCU enabled.
[    0.004000] RCU: Adjusting geometry for rcu_fanout_leaf=16, nr_cpu_ids=2
[    0.004000] NR_IRQS: 524544, nr_irqs: 440, preallocated irqs: 16
[    0.004000] Console: colour VGA+ 80x25
[    0.004000] console [tty1] enabled
[    0.004000] console [ttyS0] enabled
[    0.004000] ACPI: Core revision 20170831
[    0.004000] ACPI: 2 ACPI AML tables successfully acquired and loaded
[    0.004000] APIC: Switch to symmetric I/O mode setup
[    0.004000] x2apic enabled
[    0.004000] Switched APIC routing to physical x2apic.
[    0.004000] ..TIMER: vector=0x30 apic1=0 pin1=2 apic2=-1 pin2=-1
[    0.004000] tsc: Detected 2597.028 MHz processor
[    0.004011] Calibrating delay loop (skipped) preset value.. 5194.05 BogoMIPS (lpj=10388112)
[    0.005161] pid_max: default: 32768 minimum: 301
[    0.005781] Security Framework initialized
[    0.006338] Yama: becoming mindful.
[    0.006842] AppArmor: AppArmor initialized
[    0.009851] Dentry cache hash table entries: 1048576 (order: 11, 8388608 bytes)
[    0.013691] Inode-cache hash table entries: 524288 (order: 10, 4194304 bytes)
[    0.015098] Mount-cache hash table entries: 16384 (order: 5, 131072 bytes)
[    0.016014] Mountpoint-cache hash table entries: 16384 (order: 5, 131072 bytes)
[    0.017364] Last level iTLB entries: 4KB 1024, 2MB 1024, 4MB 1024
[    0.018160] Last level dTLB entries: 4KB 1024, 2MB 1024, 4MB 1024, 1GB 4
[    0.019028] Spectre V1 : Mitigation: usercopy/swapgs barriers and __user pointer sanitization
[    0.020002] Spectre V2 : Mitigation: Full generic retpoline
[    0.020819] Spectre V2 : Spectre v2 / SpectreRSB mitigation: Filling RSB on context switch
[    0.021905] Speculative Store Bypass: Vulnerable
[    0.022568] MDS: Mitigation: Clear CPU buffers
[    0.024184] Freeing SMP alternatives memory: 36K
[    0.028000] smpboot: CPU0: Intel(R) Xeon(R) CPU E5-2640 v3 @ 2.60GHz (family: 0x6, model: 0x3f, stepping: 0x2)
[    0.028000] Performance Events: unsupported p6 CPU model 63 no PMU driver, software events only.
[    0.028000] Hierarchical SRCU implementation.
[    0.028561] NMI watchdog: Perf event create on CPU 0 failed with -2
[    0.029615] NMI watchdog: Perf NMI watchdog permanently disabled
[    0.031719] smp: Bringing up secondary CPUs ...
[    0.032071] x86: Booting SMP configuration:
[    0.032682] .... node  #0, CPUs:      #1
[    0.004000] kvm-clock: cpu 1, msr 2:1ff50041, secondary cpu clock
[    0.038162] smp: Brought up 1 node, 2 CPUs
[    0.038162] smpboot: Max logical packages: 1
[    0.038162] smpboot: Total of 2 processors activated (10388.11 BogoMIPS)
[    0.040610] devtmpfs: initialized
[    0.040610] x86/mm: Memory block size: 128MB
[    0.041635] evm: security.selinux
[    0.042090] evm: security.SMACK64
[    0.042538] evm: security.SMACK64EXEC
[    0.044003] evm: security.SMACK64TRANSMUTE
[    0.044559] evm: security.SMACK64MMAP
[    0.045046] evm: security.apparmor
[    0.045505] evm: security.ima
[    0.045932] evm: security.capability
[    0.046508] clocksource: jiffies: mask: 0xffffffff max_cycles: 0xffffffff, max_idle_ns: 7645041785100000 ns
[    0.048007] futex hash table entries: 512 (order: 3, 32768 bytes)
[    0.048925] pinctrl core: initialized pinctrl subsystem
[    0.049722] RTC time: 19:18:08, date: 11/15/19
[    0.050479] NET: Registered protocol family 16
[    0.051134] audit: initializing netlink subsys (disabled)
[    0.051868] audit: type=2000 audit(1573845492.749:1): state=initialized audit_enabled=0 res=1
[    0.052027] cpuidle: using governor ladder
[    0.052582] cpuidle: using governor menu
[    0.053181] ACPI: bus type PCI registered
[    0.053732] acpiphp: ACPI Hot Plug PCI Controller Driver version: 0.5
[    0.056082] PCI: Using configuration type 1 for base access
[    0.056911] HugeTLB registered 2.00 MiB page size, pre-allocated 0 pages
[    0.056940] ACPI: Added _OSI(Module Device)
[    0.056940] ACPI: Added _OSI(Processor Device)
[    0.060008] ACPI: Added _OSI(3.0 _SCP Extensions)
[    0.060655] ACPI: Added _OSI(Processor Aggregator Device)
[    0.061338] ACPI: Added _OSI(Linux-Dell-Video)
[    0.061967] ACPI: Added _OSI(Linux-Lenovo-NV-HDMI-Audio)
[    0.062639] ACPI: Added _OSI(Linux-HPI-Hybrid-Graphics)
[    0.064085] ACPI: Executed 1 blocks of module-level executable AML code
[    0.067852] ACPI: Interpreter enabled
[    0.068013] ACPI: (supports S0 S5)
[    0.068477] ACPI: Using IOAPIC for interrupt routing
[    0.069296] PCI: Using host bridge windows from ACPI; if necessary, use "pci=nocrs" and report a bug
[    0.070647] ACPI: Enabled 2 GPEs in block 00 to 07
[    0.076252] ACPI: PCI Root Bridge [PCI0] (domain 0000 [bus 00-ff])
[    0.077058] acpi PNP0A03:00: _OSC: OS supports [ASPM ClockPM Segments MSI]
[    0.078375] acpi PNP0A03:00: _OSC: not requesting OS control; OS requires [ExtendedConfig ASPM ClockPM MSI]
[    0.079652] acpi PNP0A03:00: fail to add MMCONFIG information, can't access extended PCI configuration space under this bridge.
[    0.080262] PCI host bridge to bus 0000:00
[    0.080863] pci_bus 0000:00: root bus resource [io  0x0000-0x0cf7 window]
[    0.081751] pci_bus 0000:00: root bus resource [io  0x0d00-0xffff window]
[    0.084002] pci_bus 0000:00: root bus resource [mem 0x000a0000-0x000bffff window]
[    0.085021] pci_bus 0000:00: root bus resource [mem 0xe0000000-0xfdffffff window]
[    0.086024] pci_bus 0000:00: root bus resource [bus 00-ff]
[    0.088376] pci 0000:00:01.1: legacy IDE quirk: reg 0x10: [io  0x01f0-0x01f7]
[    0.089284] pci 0000:00:01.1: legacy IDE quirk: reg 0x14: [io  0x03f6]
[    0.090154] pci 0000:00:01.1: legacy IDE quirk: reg 0x18: [io  0x0170-0x0177]
[    0.091053] pci 0000:00:01.1: legacy IDE quirk: reg 0x1c: [io  0x0376]
[    0.254671] pci 0000:00:07.0: quirk: [io  0x4000-0x403f] claimed by PIIX4 ACPI
[    0.256030] pci 0000:00:07.0: quirk: [io  0x4100-0x410f] claimed by PIIX4 SMB
[    0.379491] ACPI: PCI Interrupt Link [LNKA] (IRQs 5 9 10 *11)
[    0.380719] ACPI: PCI Interrupt Link [LNKB] (IRQs 5 9 *10 11)
[    0.384256] ACPI: PCI Interrupt Link [LNKC] (IRQs 5 *9 10 11)
[    0.386579] ACPI: PCI Interrupt Link [LNKD] (IRQs 5 9 10 *11)
[    0.388867] SCSI subsystem initialized
[    0.389576] pci 0000:00:02.0: vgaarb: setting as boot VGA device
[    0.389576] pci 0000:00:02.0: vgaarb: VGA device added: decodes=io+mem,owns=io+mem,locks=none
[    0.392006] pci 0000:00:02.0: vgaarb: bridge control possible
[    0.392914] vgaarb: loaded
[    0.393448] ACPI: bus type USB registered
[    0.394135] usbcore: registered new interface driver usbfs
[    0.395018] usbcore: registered new interface driver hub
[    0.396036] usbcore: registered new device driver usb
[    0.396977] EDAC MC: Ver: 3.0.0
[    0.396977] PCI: Using ACPI for IRQ routing
[    0.397024] NetLabel: Initializing
[    0.400003] NetLabel:  domain hash size = 128
[    0.400707] NetLabel:  protocols = UNLABELED CIPSOv4 CALIPSO
[    0.401601] NetLabel:  unlabeled traffic allowed by default
[    0.403326] clocksource: Switched to clocksource kvm-clock
[    0.425074] VFS: Disk quotas dquot_6.6.0
[    0.426484] VFS: Dquot-cache hash table entries: 512 (order 0, 4096 bytes)
[    0.428860] AppArmor: AppArmor Filesystem Enabled
[    0.430473] pnp: PnP ACPI init
[    0.433551] pnp: PnP ACPI: found 3 devices
[    0.448550] clocksource: acpi_pm: mask: 0xffffff max_cycles: 0xffffff, max_idle_ns: 2085701024 ns
[    0.451724] NET: Registered protocol family 2
[    0.453865] TCP established hash table entries: 65536 (order: 7, 524288 bytes)
[    0.456669] TCP bind hash table entries: 65536 (order: 8, 1048576 bytes)
[    0.460424] TCP: Hash tables configured (established 65536 bind 65536)
[    0.462837] UDP hash table entries: 4096 (order: 5, 131072 bytes)
[    0.464999] UDP-Lite hash table entries: 4096 (order: 5, 131072 bytes)
[    0.467280] NET: Registered protocol family 1
[    0.468922] pci 0000:00:00.0: Limiting direct PCI/PCI transfers
[    0.470980] pci 0000:00:01.0: Activating ISA DMA hang workarounds
[    0.473199] pci 0000:00:02.0: Video device with shadowed ROM at [mem 0x000c0000-0x000dffff]
[    0.476272] Unpacking initramfs...
[    0.746174] Freeing initrd memory: 19148K
[    0.746941] PCI-DMA: Using software bounce buffering for IO (SWIOTLB)
[    0.747823] software IO TLB: mapped [mem 0xdbff0000-0xdfff0000] (64MB)
[    0.748800] clocksource: tsc: mask: 0xffffffffffffffff max_cycles: 0x256f44924bd, max_idle_ns: 440795285008 ns
[    0.750153] platform rtc_cmos: registered platform RTC device (no PNP device found)
[    0.751227] Scanning for low memory corruption every 60 seconds
[    0.752841] Initialise system trusted keyrings
[    0.753490] Key type blacklist registered
[    0.754157] workingset: timestamp_bits=36 max_order=21 bucket_order=0
[    0.756037] zbud: loaded
[    0.757088] squashfs: version 4.0 (2009/01/31) Phillip Lougher
[    0.758137] fuse init (API version 7.26)
[    0.762321] Key type asymmetric registered
[    0.762938] Asymmetric key parser 'x509' registered
[    0.763634] Block layer SCSI generic (bsg) driver version 0.4 loaded (major 246)
[    0.764809] io scheduler noop registered
[    0.765366] io scheduler deadline registered
[    0.765953] io scheduler cfq registered (default)
[    0.766903] ACPI: AC Adapter [AC] (on-line)
[    0.767513] input: Power Button as /devices/LNXSYSTM:00/LNXPWRBN:00/input/input0
[    0.768662] ACPI: Power Button [PWRF]
[    0.769281] input: Sleep Button as /devices/LNXSYSTM:00/LNXSLPBN:00/input/input1
[    0.770270] ACPI: Sleep Button [SLPF]
[    0.771206] Serial: 8250/16550 driver, 32 ports, IRQ sharing enabled
[    0.792812] 00:02: ttyS0 at I/O 0x3f8 (irq = 4, base_baud = 115200) is a 16550A
[    0.796842] Linux agpgart interface v0.103
[    0.799102] loop: module loaded
[    0.800201] scsi host0: ata_piix
[    0.800900] scsi host1: ata_piix
[    0.801511] ata1: PATA max UDMA/33 cmd 0x1f0 ctl 0x3f6 bmdma 0xd000 irq 14
[    0.802448] ata2: PATA max UDMA/33 cmd 0x170 ctl 0x376 bmdma 0xd008 irq 15
[    0.803464] libphy: Fixed MDIO Bus: probed
[    0.804279] tun: Universal TUN/TAP device driver, 1.6
[    0.805261] PPP generic driver version 2.4.2
[    0.806099] ehci_hcd: USB 2.0 'Enhanced' Host Controller (EHCI) Driver
[    0.807060] ehci-pci: EHCI PCI platform driver
[    0.807705] ehci-platform: EHCI generic platform driver
[    0.808478] ohci_hcd: USB 1.1 'Open' Host Controller (OHCI) Driver
[    0.809307] ohci-pci: OHCI PCI platform driver
[    0.809885] ohci-platform: OHCI generic platform driver
[    0.810555] uhci_hcd: USB Universal Host Controller Interface driver
[    0.811420] i8042: PNP: PS/2 Controller [PNP0303:PS2K,PNP0f03:PS2M] at 0x60,0x64 irq 1,12
[    0.812932] serio: i8042 KBD port at 0x60,0x64 irq 1
[    0.813623] serio: i8042 AUX port at 0x60,0x64 irq 12
[    0.814740] mousedev: PS/2 mouse device common for all mice
[    0.816185] input: AT Translated Set 2 keyboard as /devices/platform/i8042/serio0/input/input2
[    0.817395] rtc_cmos rtc_cmos: rtc core: registered rtc_cmos as rtc0
[    0.818410] rtc_cmos rtc_cmos: alarms up to one day, 114 bytes nvram
[    0.819256] i2c /dev entries driver
[    0.819763] device-mapper: uevent: version 1.0.3
[    0.820566] device-mapper: ioctl: 4.37.0-ioctl (2017-09-20) initialised: dm-devel@redhat.com
[    0.821849] ledtrig-cpu: registered to indicate activity on CPUs
[    0.823052] NET: Registered protocol family 10
[    0.831893] Segment Routing with IPv6
[    0.832494] NET: Registered protocol family 17
[    0.833294] Key type dns_resolver registered
[    0.834197] mce: Using 0 MCE banks
[    0.834717] RAS: Correctable Errors collector initialized.
[    0.835463] sched_clock: Marking stable (834152266, 0)->(1200406318, -366254052)
[    0.837193] registered taskstats version 1
[    0.837796] Loading compiled-in X.509 certificates
[    0.841146] Loaded X.509 cert 'Build time autogenerated kernel key: 9ff85db0b1f72c0c954e4d2eaca5a9366845820b'
[    0.842477] zswap: loaded using pool lzo/zbud
[    0.846765] Key type big_key registered
[    0.847406] Key type trusted registered
[    0.849916] Key type encrypted registered
[    0.850581] AppArmor: AppArmor sha1 policy hashing enabled
[    0.851441] ima: No TPM chip found, activating TPM-bypass! (rc=-19)
[    0.852472] ima: Allocated hash algorithm: sha1
[    0.853233] evm: HMAC attrs: 0x1
[    0.854007]   Magic number: 11:445:344
[    0.854632] tty tty61: hash matches
[    0.855300] rtc_cmos rtc_cmos: setting system clock to 2019-11-15 19:18:08 UTC (1573845488)
[    0.856827] BIOS EDD facility v0.16 2004-Jun-25, 0 devices found
[    0.857756] EDD information not available.
[    0.966959] Freeing unused kernel image memory: 2436K
[    0.988866] Write protecting the kernel read-only data: 20480k
[    0.991410] Freeing unused kernel image memory: 2008K
[    0.993551] Freeing unused kernel image memory: 1972K
[    1.005704] x86/mm: Checked W+X mappings: passed, no W+X pages found.
[    1.006668] x86/mm: Checking user space page tables
[    1.013251] x86/mm: Checked W+X mappings: passed, no W+X pages found.
Loading, please wait...
starting version 237
[    1.122755] Fusion MPT base driver 3.04.20
[    1.123650] Copyright (c) 1999-2008 LSI Corporation
[    1.128486] e1000: Intel(R) PRO/1000 Network Driver - version 7.3.21-k8-NAPI
[    1.129743] e1000: Copyright (c) 1999-2006 Intel Corporation.
[    1.133786] Fusion MPT SPI Host driver 3.04.20
[    1.134940] AVX2 version of gcm_enc/dec engaged.
[    1.135936] AES CTR mode by8 optimization enabled
[    1.335393] input: ImExPS/2 Generic Explorer Mouse as /devices/platform/i8042/serio1/input/input4
[    1.484872] e1000 0000:00:03.0 eth0: (PCI:33MHz:32-bit) 02:50:d4:3b:43:74
[    1.485852] e1000 0000:00:03.0 eth0: Intel(R) PRO/1000 Network Connection
[    1.487540] mptbase: ioc0: Initiating bringup
[    1.629292] ioc0: LSI53C1030 A0: Capabilities={Initiator}
[    2.811208] scsi host2: ioc0: LSI53C1030 A0, FwRev=00000000h, Ports=1, MaxQ=256, IRQ=20
[    3.529732] scsi 2:0:0:0: Direct-Access     VBOX     HARDDISK         1.0  PQ: 0 ANSI: 5
[    3.568164] scsi target2:0:0: Beginning Domain Validation
[    3.572655] scsi target2:0:0: Domain Validation skipping write tests
[    3.575129] scsi target2:0:0: Ending Domain Validation
[    3.577283] scsi target2:0:0: asynchronous
[    3.579624] scsi 2:0:1:0: Direct-Access     VBOX     HARDDISK         1.0  PQ: 0 ANSI: 5
[    3.848162] scsi target2:0:1: Beginning Domain Validation
[    3.851708] random: fast init done
[    3.856262] scsi target2:0:1: Domain Validation skipping write tests
[    3.858485] scsi target2:0:1: Ending Domain Validation
[    3.860428] scsi target2:0:1: asynchronous
[    3.868083] random: systemd-udevd: uninitialized urandom read (16 bytes read)
[    3.869973] random: systemd-udevd: uninitialized urandom read (16 bytes read)
[    3.870591] sd 2:0:0:0: [sda] 20971520 512-byte logical blocks: (10.7 GB/10.0 GiB)
[    3.872086] random: systemd-udevd: uninitialized urandom read (16 bytes read)
[    3.873610] sd 2:0:0:0: Attached scsi generic sg0 type 0
[    3.875974] sd 2:0:0:0: [sda] Write Protect is off
[    3.876712] sd 2:0:1:0: Attached scsi generic sg1 type 0
[    3.878250] sd 2:0:0:0: [sda] Incomplete mode parameter data
[    3.878259] sd 2:0:1:0: [sdb] 20480 512-byte logical blocks: (10.5 MB/10.0 MiB)
[    3.879389] sd 2:0:0:0: [sda] Assuming drive cache: write through
[    3.881900] sd 2:0:1:0: [sdb] Write Protect is off
[    3.882977] sd 2:0:1:0: [sdb] Incomplete mode parameter data
[    3.883873]  sda: sda1
[    3.883948] sd 2:0:1:0: [sdb] Assuming drive cache: write through
[    3.886508] sd 2:0:0:0: [sda] Attached SCSI disk
[    3.888695] sd 2:0:1:0: [sdb] Attached SCSI disk
[    3.921643] e1000 0000:00:08.0 eth1: (PCI:33MHz:32-bit) 08:00:27:2a:b9:bb
[    3.922821] e1000 0000:00:08.0 eth1: Intel(R) PRO/1000 Network Connection
[    3.925091] e1000 0000:00:03.0 enp0s3: renamed from eth0
[    3.940444] e1000 0000:00:08.0 enp0s8: renamed from eth1
Begin: Loading essential drivers ... [    5.520912] raid6: sse2x1   gen()  8221 MB/s
[    5.568753] raid6: sse2x1   xor()  5656 MB/s
[    5.618757] raid6: sse2x2   gen() 10058 MB/s
[    5.678760] raid6: sse2x2   xor()  7330 MB/s
[    5.724594] raid6: sse2x4   gen() 12258 MB/s
[    5.773732] raid6: sse2x4   xor()  7804 MB/s
[    5.828753] raid6: avx2x1   gen() 17337 MB/s
[    5.876756] raid6: avx2x1   xor() 11550 MB/s
[    5.928750] raid6: avx2x2   gen() 20734 MB/s
[    5.976181] raid6: avx2x2   xor() 11960 MB/s
[    6.028759] raid6: avx2x4   gen() 23916 MB/s
[    6.076940] raid6: avx2x4   xor() 13772 MB/s
[    6.077866] raid6: using algorithm avx2x4 gen() 23916 MB/s
[    6.079012] raid6: .... xor() 13772 MB/s, rmw enabled
[    6.080078] raid6: using avx2x2 recovery algorithm
[    6.083829] xor: automatically using best checksumming function   avx       
[    6.089245] async_tx: api initialized (async)
done.
Begin: Running /scripts/init-premount ... done.
Begin: Mounting root file system ... Begin: Running /scripts/local-top ... done.
Begin: Running /scripts/local-premount ... [    6.146936] Btrfs loaded, crc32c=crc32c-intel
Scanning for Btrfs filesystems
done.
Warning: fsck not present, so skipping root file system
[    6.199524] EXT4-fs (sda1): mounted filesystem with ordered data mode. Opts: (null)
done.
Begin: Running /scripts/local-bottom ... done.
Begin: Running /scripts/init-bottom ... done.
[    6.761519] ip_tables: (C) 2000-2006 Netfilter Core Team
[    6.788389] systemd[1]: systemd 237 running in system mode. (+PAM +AUDIT +SELINUX +IMA +APPARMOR +SMACK +SYSVINIT +UTMP +LIBCRYPTSETUP +GCRYPT +GNUTLS +ACL +XZ +LZ4 +SECCOMP +BLKID +ELFUTILS +KMOD -IDN2 +IDN -PCRE2 default-hierarchy=hybrid)
[    6.794194] systemd[1]: Detected virtualization oracle.
[    6.795670] systemd[1]: Detected architecture x86-64.

Welcome to [1mUbuntu 18.04.3 LTS[0m!

[    6.815912] systemd[1]: Set hostname to <ubuntu>.
[    6.860320] systemd[1]: Initializing machine ID from random generator.
[    6.862534] systemd[1]: Installed transient /etc/machine-id file.
[    7.596512] systemd[1]: Reached target User and Group Name Lookups.
[[0;32m  OK  [0m] Reached target User and Group Name Lookups.
[    7.600074] systemd[1]: Started Forward Password Requests to Wall Directory Watch.
[[0;32m  OK  [0m] Started Forward Password Requests to Wall Directory Watch.
[    7.606500] systemd[1]: Created slice System Slice.
[[0;32m  OK  [0m] Created slice System Slice.
[    7.609080] systemd[1]: Listening on Journal Socket.
[[0;32m  OK  [0m] Listening on Journal Socket.
         Starting Create list of required stâ€¦ce nodes for the current kernel...
         Mounting Kernel Debug File System...
         Starting Set the console keyboard layout...
[[0;32m  OK  [0m] Listening on Network Service Netlink Socket.
         Mounting POSIX Message Queue File System...
[[0;32m  OK  [0m] Listening on LVM2 poll daemon socket.
[[0;32m  OK  [0m] Listening on Journal Audit Socket.
         Starting Load Kernel Modules...
         Mounting Huge Pages File System...
[[0;32m  OK  [0m] Listening on /dev/initctl Compatibility Named Pipe.
         Starting Remount Root and Kernel File Systems...
[[0;32m  OK  [0m] Reached target System Time Synchronized.
[[0;32m  OK  [0m] Set up automount Arbitrary Executabâ€¦rmats File System Automount Point.
[    7.695523] Loading iSCSI transport class v2.0-870.
[[0;32m  OK  [0m] Created slice User and Session Slice.
[[0;32m  OK  [0m] Reached target Slices.
[[0;32m  OK  [0m] Listening on Syslog Socket.
[[0;32m  OK  [0m] Listening on Device-mapper event daemon FIFOs.
[[0;32m  OK  [0m] Listening on udev Kernel Socket.
[[0;32m  OK  [0m] Reached target Swap.
         Starting Uncomplicated firewall...
[[0;32m  OK  [0m] Created slice system-serial\x2dgetty.slice.
[[0;32m  OK  [0m] Listening on udev Control Socket.
         Starting udev Coldplug all Devices...
[[0;32m  OK  [0m] Listening on LVM2 metadata daemon socket.
         Starting Monitoring of LVM2 mirrorsâ€¦ng dmeventd or progress polling...
[[0;32m  OK  [0m] Listening on Journal Socket (/dev/log).
         Starting Journal Service...
[[0;32m  OK  [0m] Started Create list of required staâ€¦vice nodes for the current kernel.
[[0;32m  OK  [0m] Mounted Kernel Debug File System.
[[0;32m  OK  [0m] Mounted POSIX Message Queue File System.
[[0;32m  OK  [0m] Mounted Huge Pages File System.
         Starting Create Static Device Nodes in /dev...
[    7.760075] EXT4-fs (sda1): re-mounted. Opts: (null)
[    7.762254] iscsi: registered transport (tcp)
[[0;32m  OK  [0m] Started Uncomplicated firewall.
[[0;32m  OK  [0m] Started Remount Root and Kernel File Systems.
         Starting Load/Save Random Seed...
[[0;32m  OK  [0m] Started udev Coldplug all Devices.
[[0;32m  OK  [0m] Started Journal Service.
         Starting Flush Journal to Persistent Storage...
[    8.024249] iscsi: registered transport (iser)
[[0;32m  OK  [0m] Started Load Kernel Modules.
         Starting Apply Kernel Variables...
         Mounting Kernel Configuration File System...
         Mounting FUSE Control File System...
[[0;32m  OK  [0m] Started Load/Save Random Seed.
[[0;32m  OK  [0m] Mounted FUSE Control File System.
[[0;32m  OK  [0m] Mounted Kernel Configuration File System.
[    8.043221] systemd-journald[395]: Received request to flush runtime journal from PID 1
[[0;32m  OK  [0m] Started Create Static Device Nodes in /dev.
         Starting udev Kernel Device Manager...
[[0;32m  OK  [0m] Started LVM2 metadata daemon.
[[0;32m  OK  [0m] Started Set the console keyboard layout.
[[0;32m  OK  [0m] Started udev Kernel Device Manager.
[[0;32m  OK  [0m] Started Dispatch Password Requests to Console Directory Watch.
[[0;32m  OK  [0m] Reached target Local Encrypted Volumes.
[[0;32m  OK  [0m] Started Apply Kernel Variables.
[[0;32m  OK  [0m] Started Monitoring of LVM2 mirrors,â€¦sing dmeventd or progress polling.
[[0;32m  OK  [0m] Reached target Local File Systems (Pre).
[[0;32m  OK  [0m] Reached target Local File Systems.
         Starting Set console font and keymap...
         Starting ebtables ruleset management...
         Starting Tell Plymouth To Write Out Runtime Data...
         Starting Commit a transient machine-id on disk...
         Starting AppArmor initialization...
[[0;32m  OK  [0m] Started Set console font and keymap.
[[0;32m  OK  [0m] Started Flush Journal to Persistent Storage.
         Starting Create Volatile Files and Directories...
[[0;32m  OK  [0m] Started Tell Plymouth To Write Out Runtime Data.
[[0;32m  OK  [0m] Started Create Volatile Files and Directories.
         Starting Update UTMP about System Boot/Shutdown...
[[0;32m  OK  [0m] Started Update UTMP about System Boot/Shutdown.
[[0;32m  OK  [0m] Started Commit a transient machine-id on disk.
[[0;32m  OK  [0m] Found device /dev/ttyS0.
[[0;32m  OK  [0m] Started ebtables ruleset management.
[[0;32m  OK  [0m] Listening on Load/Save RF Kill Switch Status /dev/rfkill Watch.
[[0;32m  OK  [0m] Started AppArmor initialization.
         Starting Initial cloud-init job (pre-networking)...
[   11.873801] cloud-init[536]: Cloud-init v. 19.2-24-ge7881d5c-0ubuntu1~18.04.1 running 'init-local' at Fri, 15 Nov 2019 19:18:18 +0000. Up 11.25 seconds.
[[0;32m  OK  [0m] Started Initial cloud-init job (pre-networking).
[[0;32m  OK  [0m] Reached target Network (Pre).
         Starting Network Service...
[[0;32m  OK  [0m] Started Network Service.
         Starting Network Name Resolution...
         Starting Wait for Network to be Configured...
[[0;32m  OK  [0m] Started Network Name Resolution.
[[0;32m  OK  [0m] Reached target Network.
[[0;32m  OK  [0m] Reached target Host and Network Name Lookups.
[[0;32m  OK  [0m] Started Wait for Network to be Configured.
         Starting Initial cloud-init job (metadata service crawler)...
[   14.034346] cloud-init[648]: Cloud-init v. 19.2-24-ge7881d5c-0ubuntu1~18.04.1 running 'init' at Fri, 15 Nov 2019 19:18:21 +0000. Up 13.84 seconds.
[   14.041030] cloud-init[648]: ci-info: ++++++++++++++++++++++++++++++++++++++Net device info+++++++++++++++++++++++++++++++++++++++
[   14.042552] cloud-init[648]: ci-info: +--------+-------+----------------------------+---------------+--------+-------------------+
[   14.044090] cloud-init[648]: ci-info: | Device |   Up  |          Address           |      Mask     | Scope  |     Hw-Address    |
[   14.045621] cloud-init[648]: ci-info: +--------+-------+----------------------------+---------------+--------+-------------------+
[   14.047062] cloud-init[648]: ci-info: | enp0s3 |  True |         10.0.2.15          | 255.255.255.0 | global | 02:50:d4:3b:43:74 |
[   14.048490] cloud-init[648]: ci-info: | enp0s3 |  True | fe80::50:d4ff:fe3b:4374/64 |       .       |  link  | 02:50:d4:3b:43:74 |
[   14.049888] cloud-init[648]: ci-info: | enp0s8 | False |             .              |       .       |   .    | 08:00:27:2a:b9:bb |
[   14.051388] cloud-init[648]: ci-info: |   lo   |  True |         127.0.0.1          |   255.0.0.0   |  host  |         .         |
[   14.052984] cloud-init[648]: ci-info: |   lo   |  True |          ::1/128           |       .       |  host  |         .         |
[   14.054588] cloud-init[648]: ci-info: +--------+-------+----------------------------+---------------+--------+-------------------+
[   14.056248] cloud-init[648]: ci-info: ++++++++++++++++++++++++++++Route IPv4 info+++++++++++++++++++++++++++++
[   14.058034] cloud-init[648]: ci-info: +-------+-------------+----------+-----------------+-----------+-------+
[   14.059552] cloud-init[648]: ci-info: | Route | Destination | Gateway  |     Genmask     | Interface | Flags |
[   14.061047] cloud-init[648]: ci-info: +-------+-------------+----------+-----------------+-----------+-------+
[   14.062497] cloud-init[648]: ci-info: |   0   |   0.0.0.0   | 10.0.2.2 |     0.0.0.0     |   enp0s3  |   UG  |
[   14.063906] cloud-init[648]: ci-info: |   1   |   10.0.2.0  | 0.0.0.0  |  255.255.255.0  |   enp0s3  |   U   |
[   14.065656] cloud-init[648]: ci-info: |   2   |   10.0.2.2  | 0.0.0.0  | 255.255.255.255 |   enp0s3  |   UH  |
[   14.067643] cloud-init[648]: ci-info: +-------+-------------+----------+-----------------+-----------+-------+
[   14.069657] cloud-init[648]: ci-info: +++++++++++++++++++Route IPv6 info+++++++++++++++++++
[   14.070829] cloud-init[648]: ci-info: +-------+-------------+---------+-----------+-------+
[   14.072009] cloud-init[648]: ci-info: | Route | Destination | Gateway | Interface | Flags |
[   14.073230] cloud-init[648]: ci-info: +-------+-------------+---------+-----------+-------+
[   14.074420] cloud-init[648]: ci-info: |   1   |  fe80::/64  |    ::   |   enp0s3  |   U   |
[   14.076650] cloud-init[648]: ci-info: |   3   |    local    |    ::   |   enp0s3  |   U   |
[   14.077656] cloud-init[648]: ci-info: |   4   |   ff00::/8  |    ::   |   enp0s3  |   U   |
[   14.078694] cloud-init[648]: ci-info: +-------+-------------+---------+-----------+-------+
[   15.836716] cloud-init[648]: Generating public/private rsa key pair.
[   15.837693] cloud-init[648]: Your identification has been saved in /etc/ssh/ssh_host_rsa_key.
[   15.838880] cloud-init[648]: Your public key has been saved in /etc/ssh/ssh_host_rsa_key.pub.
[   15.840058] cloud-init[648]: The key fingerprint is:
[   15.840829] cloud-init[648]: SHA256:tH6dHVy4O2FhIUxem9ygOuRrXPxZgrkr6+D8gCa1MYA root@ubuntu-bionic
[   15.841997] cloud-init[648]: The key's randomart image is:
[   15.842755] cloud-init[648]: +---[RSA 2048]----+
[   15.843445] cloud-init[648]: |           oo +  |
[   15.844221] cloud-init[648]: |   .       ..= B |
[   15.844904] cloud-init[648]: |  E .   . . o B o|
[   15.845647] cloud-init[648]: |     . . + o = + |
[   15.846295] cloud-init[648]: |      + S + = B .|
[   15.846967] cloud-init[648]: |     . * . = * B |
[   15.847620] cloud-init[648]: |    . + + = + *  |
[   15.848268] cloud-init[648]: |     o o =.  . . |
[   15.848866] cloud-init[648]: |        oo+o.    |
[   15.849487] cloud-init[648]: +----[SHA256]-----+
[   15.850103] cloud-init[648]: Generating public/private dsa key pair.
[   15.850897] cloud-init[648]: Your identification has been saved in /etc/ssh/ssh_host_dsa_key.
[   15.851935] cloud-init[648]: Your public key has been saved in /etc/ssh/ssh_host_dsa_key.pub.
[   15.853035] cloud-init[648]: The key fingerprint is:
[   15.853799] cloud-init[648]: SHA256:uGvNw1Fqkwc8BCyx4tdkJaFtnXLiWo2Ii4zNCdBIarg root@ubuntu-bionic
[   15.855062] cloud-init[648]: The key's randomart image is:
[   15.855872] cloud-init[648]: +---[DSA 1024]----+
[   15.856598] cloud-init[648]: | .  .o+o.        |
[   15.857295] cloud-init[648]: |+o  .+.+..       |
[   15.857937] cloud-init[648]: |=.o o.Bo+        |
[   15.858568] cloud-init[648]: |oo o B B+ .      |
[   15.859197] cloud-init[648]: |E o o * S*       |
[   15.859829] cloud-init[648]: |o= + o .* .      |
[   15.860447] cloud-init[648]: |o.= . .= +       |
[   15.861089] cloud-init[648]: |      ..=        |
[   15.861717] cloud-init[648]: |     ..  .       |
[   15.862346] cloud-init[648]: +----[SHA256]-----+
[   15.862978] cloud-init[648]: Generating public/private ecdsa key pair.
[   15.863799] cloud-init[648]: Your identification has been saved in /etc/ssh/ssh_host_ecdsa_key.
[   15.864910] cloud-init[648]: Your public key has been saved in /etc/ssh/ssh_host_ecdsa_key.pub.
[   15.865956] cloud-init[648]: The key fingerprint is:
[   15.866604] cloud-init[648]: SHA256:Qmv5BzCBl9CHUvblozhVdnScbWFF8h/9NVwOl+S6aPg root@ubuntu-bionic
[   15.867683] cloud-init[648]: The key's randomart image is:
[   15.868408] cloud-init[648]: +---[ECDSA 256]---+
[   15.869035] cloud-init[648]: |    .=+o  +.o.=BO|
[   15.869663] cloud-init[648]: |    o.=o.= . .*B=|
[   15.870286] cloud-init[648]: |     o+.o o    *=|
[   15.870902] cloud-init[648]: |     . B . .  . *|
[   15.871525] cloud-init[648]: |      B S    .  o|
[   15.872177] cloud-init[648]: |     . + .. . .  |
[   15.872816] cloud-init[648]: |        ...o .   |
[   15.873449] cloud-init[648]: |         .o      |
[   15.874083] cloud-init[648]: |           E     |
[   15.874709] cloud-init[648]: +----[SHA256]-----+
[   15.875330] cloud-init[648]: Generating public/private ed25519 key pair.
[   15.876182] cloud-init[648]: Your identification has been saved in /etc/ssh/ssh_host_ed25519_key.
[   15.877324] cloud-init[648]: Your public key has been saved in /etc/ssh/ssh_host_ed25519_key.pub.
[   15.878548] cloud-init[648]: The key fingerprint is:
[   15.879286] cloud-init[648]: SHA256:WzlG0HC9NFsOlOK3CRkyf77OSU4/SF0rtwnbJKIrnJI root@ubuntu-bionic
[   15.880518] cloud-init[648]: The key's randomart image is:
[   15.881278] cloud-init[648]: +--[ED25519 256]--+
[   15.881904] cloud-init[648]: |        oo.o..   |
[   15.882530] cloud-init[648]: |        oo+ * .  |
[   15.883153] cloud-init[648]: |         =.= B   |
[   15.883761] cloud-init[648]: |         .=.= . .|
[   15.884402] cloud-init[648]: |        S == + ..|
[   15.885028] cloud-init[648]: |         + o=+.+ |
[   15.885640] cloud-init[648]: |      o o ..+oO o|
[   15.886258] cloud-init[648]: |     E + . =o+.+ |
[   15.886929] cloud-init[648]: |      . ....= .. |
[   15.887551] cloud-init[648]: +----[SHA256]-----+
[[0;32m  OK  [0m] Started Initial cloud-init job (metadata service crawler).
[[0;32m  OK  [0m] Reached target System Initialization.
         Starting Socket activation for snappy daemon.
[[0;32m  OK  [0m] Listening on UUID daemon activation socket.
[[0;32m  OK  [0m] Started ACPI Events Check.
[[0;32m  OK  [0m] Reached target Paths.
[[0;32m  OK  [0m] Listening on D-Bus System Message Bus Socket.
         Starting LXD - unix socket.
[[0;32m  OK  [0m] Started Discard unused blocks once a week.
[[0;32m  OK  [0m] Listening on Open-iSCSI iscsid Socket.
[[0;32m  OK  [0m] Started Message of the Day.
[[0;32m  OK  [0m] Started Daily Cleanup of Temporary Directories.
[[0;32m  OK  [0m] Listening on ACPID Listen Socket.
[[0;32m  OK  [0m] Started Daily apt download activities.
[[0;32m  OK  [0m] Started Daily apt upgrade and clean activities.
[[0;32m  OK  [0m] Reached target Timers.
[[0;32m  OK  [0m] Reached target Cloud-config availability.
[[0;32m  OK  [0m] Reached target Network is Online.
         Starting Availability of block devices...
[[0;32m  OK  [0m] Reached target Remote File Systems (Pre).
[[0;32m  OK  [0m] Reached target Remote File Systems.
[[0;32m  OK  [0m] Listening on Socket activation for snappy daemon.
[[0;32m  OK  [0m] Listening on LXD - unix socket.
[[0;32m  OK  [0m] Reached target Sockets.
[[0;32m  OK  [0m] Reached target Basic System.
         Starting Pollinate to seed the pseudo random number generator...
         Starting LSB: automatic crash report generation...
[[0;32m  OK  [0m] Started Regular background program processing daemon.
         Starting Virtualbox guest utils...
[[0;32m  OK  [0m] Started FUSE filesystem for LXC.
[[0;32m  OK  [0m] Started Deferred execution scheduler.
[[0;32m  OK  [0m] Started irqbalance daemon.
         Starting Snappy daemon...
         Starting Login Service...
[[0;32m  OK  [0m] Started D-Bus System Message Bus.
         Starting System Logging Service...
         Starting Permit User Sessions...
         Starting LSB: Record successful boot for GRUB...
         Starting LXD - container startup/shutdown...
         Starting Dispatcher daemon for systemd-networkd...
         Starting Accounts Service...
[[0;32m  OK  [0m] Started System Logging Service.
[[0;32m  OK  [0m] Started Availability of block devices.
[[0;32m  OK  [0m] Started Permit User Sessions.
[[0;32m  OK  [0m] Started Login Service.
[[0;32m  OK  [0m] Started Unattended Upgrades Shutdown.
         Starting Terminate Plymouth Boot Screen...
         Starting Hold until boot process finishes up...
[[0;32m  OK  [0m] Started Hold until boot process finishes up.
[[0;32m  OK  [0m] Started Serial Getty on ttyS0.
         Starting Set console scheme...
[[0;32m  OK  [0m] Started Terminate Plymouth Boot Screen.
[[0;32m  OK  [0m] Started Set console scheme.
[[0;32m  OK  [0m] Created slice system-getty.slice.
[[0;32m  OK  [0m] Started Getty on tty1.
[[0;32m  OK  [0m] Reached target Login Prompts.
[[0;32m  OK  [0m] Started LSB: automatic crash report generation.
[[0;32m  OK  [0m] Started LSB: Record successful boot for GRUB.
[[0;32m  OK  [0m] Started Virtualbox guest utils.
         Starting Authorization Manager...
[[0;32m  OK  [0m] Started Authorization Manager.
[[0;32m  OK  [0m] Started Accounts Service.
[[0;32m  OK  [0m] Started Dispatcher daemon for systemd-networkd.
[[0;32m  OK  [0m] Started LXD - container startup/shutdown.
[[0;32m  OK  [0m] Started Snappy daemon.
         Starting Wait until snapd is fully seeded...
[[0;32m  OK  [0m] Started Pollinate to seed the pseudo random number generator.
         Starting OpenBSD Secure Shell server...
[[0;32m  OK  [0m] Started OpenBSD Secure Shell server.
[[0;32m  OK  [0m] Created slice User Slice of vagrant.
         Starting User Manager for UID 1000...
[[0;32m  OK  [0m] Started Session 1 of user vagrant.
[[0;32m  OK  [0m] Started User Manager for UID 1000.
[[0;32m  OK  [0m] Started Wait until snapd is fully seeded.
         Starting Apply the settings specified in cloud-config...
[[0;32m  OK  [0m] Reached target Multi-User System.
[[0;32m  OK  [0m] Reached target Graphical Interface.
         Starting Update UTMP about System Runlevel Changes...
[[0;32m  OK  [0m] Started Update UTMP about System Runlevel Changes.

Ubuntu 18.04.3 LTS ubuntu-bionic ttyS0

ubuntu-bionic login: [   23.246407] cloud-init[1254]: Cloud-init v. 19.2-24-ge7881d5c-0ubuntu1~18.04.1 running 'modules:config' at Fri, 15 Nov 2019 19:18:29 +0000. Up 21.77 seconds.
ci-info: no authorized ssh keys fingerprints found for user ubuntu.
<14>Nov 15 19:18:31 ec2: 
<14>Nov 15 19:18:31 ec2: #############################################################
<14>Nov 15 19:18:31 ec2: -----BEGIN SSH HOST KEY FINGERPRINTS-----
<14>Nov 15 19:18:31 ec2: 1024 SHA256:uGvNw1Fqkwc8BCyx4tdkJaFtnXLiWo2Ii4zNCdBIarg root@ubuntu-bionic (DSA)
<14>Nov 15 19:18:31 ec2: 256 SHA256:Qmv5BzCBl9CHUvblozhVdnScbWFF8h/9NVwOl+S6aPg root@ubuntu-bionic (ECDSA)
<14>Nov 15 19:18:31 ec2: 256 SHA256:WzlG0HC9NFsOlOK3CRkyf77OSU4/SF0rtwnbJKIrnJI root@ubuntu-bionic (ED25519)
<14>Nov 15 19:18:31 ec2: 2048 SHA256:tH6dHVy4O2FhIUxem9ygOuRrXPxZgrkr6+D8gCa1MYA root@ubuntu-bionic (RSA)
<14>Nov 15 19:18:31 ec2: -----END SSH HOST KEY FINGERPRINTS-----
<14>Nov 15 19:18:31 ec2: #############################################################
-----BEGIN SSH HOST KEY KEYS-----
ecdsa-sha2-nistp256 AAAAE2VjZHNhLXNoYTItbmlzdHAyNTYAAAAIbmlzdHAyNTYAAABBBNhDLydgLfoPgmWsdlsvrcpR67BwUrThIDtyX0eAXdq3bFFVuddFZOZetuSRs0rMu00ut9kesvSI1fyP1KWQqzA= root@ubuntu-bionic
ssh-ed25519 AAAAC3NzaC1lZDI1NTE5AAAAIPjQZpdrhhGc8CmRwx2GzIqE8Bqkt/z1WPdcxfjFgmDX root@ubuntu-bionic
ssh-rsa AAAAB3NzaC1yc2EAAAADAQABAAABAQDOKrQxUtuJH5KYE3M/sFu9Oafn7y5WNVzfj0UTR+omOx2kFg2NdikGfLmsegYyihm/hEP3WT0reJYkYZc1dvMTkQoVqBqcNU5RCgk0MtaTiNqy+vVADmeTPvFsvl7Kk/i2pNJ6MUNs90Tlfyz/g/ZJl4BG3BHTZ5RH4KXXEJwHtJuw5uiGzIjQ61VdhX/Q1oV/Mq2GLgC65Tjtlpl+g0BWAGiY//wNHhIFPJMKXavEyke8qWfpeVn0VVZBGAvL5+DTP29fVH384F0CIt2hdm8alm1gjA7JALRoJyfDHZMOTM29KiiL1XXP90s6rP8/gLp7REn96Gxv4WwP/CCRYtoL root@ubuntu-bionic
-----END SSH HOST KEY KEYS-----
[   24.084512] cloud-init[1401]: Cloud-init v. 19.2-24-ge7881d5c-0ubuntu1~18.04.1 running 'modules:final' at Fri, 15 Nov 2019 19:18:31 +0000. Up 23.83 seconds.
[   24.090290] cloud-init[1401]: ci-info: no authorized ssh keys fingerprints found for user ubuntu.
[   24.092953] cloud-init[1401]: Cloud-init v. 19.2-24-ge7881d5c-0ubuntu1~18.04.1 finished at Fri, 15 Nov 2019 19:18:31 +0000. Datasource DataSourceNoCloud [seed=/dev/sdb][dsmode=net].  Up 24.07 seconds
