[    0.000000] Linux version 4.15.0-88-generic (buildd@lgw01-amd64-036) (gcc version 7.4.0 (Ubuntu 7.4.0-1ubuntu1~18.04.1)) #88-Ubuntu SMP Tue Feb 11 20:11:34 UTC 2020 (Ubuntu 4.15.0-88.88-generic 4.15.18)
[    0.000000] Command line: BOOT_IMAGE=/boot/vmlinuz-4.15.0-88-generic root=LABEL=cloudimg-rootfs ro console=tty1 console=ttyS0
[    0.000000] KERNEL supported cpus:
[    0.000000]   Intel GenuineIntel
[    0.000000]   AMD AuthenticAMD
[    0.000000]   Centaur CentaurHauls
[    0.000000] x86/fpu: Supporting XSAVE feature 0x001: 'x87 floating point registers'
[    0.000000] x86/fpu: Supporting XSAVE feature 0x002: 'SSE registers'
[    0.000000] x86/fpu: Supporting XSAVE feature 0x004: 'AVX registers'
[    0.000000] x86/fpu: xstate_offset[2]:  576, xstate_sizes[2]:  256
[    0.000000] x86/fpu: Enabled xstate features 0x7, context size is 832 bytes, using 'standard' format.
[    0.000000] e820: BIOS-provided physical RAM map:
[    0.000000] BIOS-e820: [mem 0x0000000000000000-0x000000000009fbff] usable
[    0.000000] BIOS-e820: [mem 0x000000000009fc00-0x000000000009ffff] reserved
[    0.000000] BIOS-e820: [mem 0x00000000000f0000-0x00000000000fffff] reserved
[    0.000000] BIOS-e820: [mem 0x0000000000100000-0x000000003ffeffff] usable
[    0.000000] BIOS-e820: [mem 0x000000003fff0000-0x000000003fffffff] ACPI data
[    0.000000] BIOS-e820: [mem 0x00000000fec00000-0x00000000fec00fff] reserved
[    0.000000] BIOS-e820: [mem 0x00000000fee00000-0x00000000fee00fff] reserved
[    0.000000] BIOS-e820: [mem 0x00000000fffc0000-0x00000000ffffffff] reserved
[    0.000000] NX (Execute Disable) protection: active
[    0.000000] SMBIOS 2.5 present.
[    0.000000] DMI: innotek GmbH VirtualBox/VirtualBox, BIOS VirtualBox 12/01/2006
[    0.000000] Hypervisor detected: KVM
[    0.000000] e820: last_pfn = 0x3fff0 max_arch_pfn = 0x400000000
[    0.000000] MTRR: Disabled
[    0.000000] x86/PAT: MTRRs disabled, skipping PAT initialization too.
[    0.000000] CPU MTRRs all blank - virtualized system.
[    0.000000] x86/PAT: Configuration [0-7]: WB  WT  UC- UC  WB  WT  UC- UC  
[    0.000000] found SMP MP-table at [mem 0x0009fff0-0x0009ffff]
[    0.000000] Scanning 1 areas for low memory corruption
[    0.000000] RAMDISK: [mem 0x35a6d000-0x36d2dfff]
[    0.000000] ACPI: Early table checksum verification disabled
[    0.000000] ACPI: RSDP 0x00000000000E0000 000024 (v02 VBOX  )
[    0.000000] ACPI: XSDT 0x000000003FFF0030 00003C (v01 VBOX   VBOXXSDT 00000001 ASL  00000061)
[    0.000000] ACPI: FACP 0x000000003FFF00F0 0000F4 (v04 VBOX   VBOXFACP 00000001 ASL  00000061)
[    0.000000] ACPI: DSDT 0x000000003FFF0470 002325 (v02 VBOX   VBOXBIOS 00000002 INTL 20180105)
[    0.000000] ACPI: FACS 0x000000003FFF0200 000040
[    0.000000] ACPI: FACS 0x000000003FFF0200 000040
[    0.000000] ACPI: APIC 0x000000003FFF0240 00005C (v02 VBOX   VBOXAPIC 00000001 ASL  00000061)
[    0.000000] ACPI: SSDT 0x000000003FFF02A0 0001CC (v01 VBOX   VBOXCPUT 00000002 INTL 20180105)
[    0.000000] No NUMA configuration found
[    0.000000] Faking a node at [mem 0x0000000000000000-0x000000003ffeffff]
[    0.000000] NODE_DATA(0) allocated [mem 0x3ffc5000-0x3ffeffff]
[    0.000000] kvm-clock: cpu 0, msr 0:3ff44001, primary cpu clock
[    0.000000] kvm-clock: Using msrs 4b564d01 and 4b564d00
[    0.000000] kvm-clock: using sched offset of 3618240435 cycles
[    0.000000] clocksource: kvm-clock: mask: 0xffffffffffffffff max_cycles: 0x1cd42e4dffb, max_idle_ns: 881590591483 ns
[    0.000000] Zone ranges:
[    0.000000]   DMA      [mem 0x0000000000001000-0x0000000000ffffff]
[    0.000000]   DMA32    [mem 0x0000000001000000-0x000000003ffeffff]
[    0.000000]   Normal   empty
[    0.000000]   Device   empty
[    0.000000] Movable zone start for each node
[    0.000000] Early memory node ranges
[    0.000000]   node   0: [mem 0x0000000000001000-0x000000000009efff]
[    0.000000]   node   0: [mem 0x0000000000100000-0x000000003ffeffff]
[    0.000000] Reserved but unavailable: 98 pages
[    0.000000] Initmem setup node 0 [mem 0x0000000000001000-0x000000003ffeffff]
[    0.000000] ACPI: PM-Timer IO Port: 0x4008
[    0.000000] IOAPIC[0]: apic_id 2, version 32, address 0xfec00000, GSI 0-23
[    0.000000] ACPI: INT_SRC_OVR (bus 0 bus_irq 0 global_irq 2 dfl dfl)
[    0.000000] ACPI: INT_SRC_OVR (bus 0 bus_irq 9 global_irq 9 low level)
[    0.000000] Using ACPI (MADT) for SMP configuration information
[    0.000000] smpboot: Allowing 2 CPUs, 0 hotplug CPUs
[    0.000000] PM: Registered nosave memory: [mem 0x00000000-0x00000fff]
[    0.000000] PM: Registered nosave memory: [mem 0x0009f000-0x0009ffff]
[    0.000000] PM: Registered nosave memory: [mem 0x000a0000-0x000effff]
[    0.000000] PM: Registered nosave memory: [mem 0x000f0000-0x000fffff]
[    0.000000] e820: [mem 0x40000000-0xfebfffff] available for PCI devices
[    0.000000] Booting paravirtualized kernel on KVM
[    0.000000] clocksource: refined-jiffies: mask: 0xffffffff max_cycles: 0xffffffff, max_idle_ns: 7645519600211568 ns
[    0.000000] random: get_random_bytes called from start_kernel+0x99/0x4fd with crng_init=0
[    0.000000] setup_percpu: NR_CPUS:8192 nr_cpumask_bits:2 nr_cpu_ids:2 nr_node_ids:1
[    0.000000] percpu: Embedded 45 pages/cpu s147456 r8192 d28672 u1048576
[    0.000000] PV qspinlock hash table entries: 256 (order: 0, 4096 bytes)
[    0.000000] Built 1 zonelists, mobility grouping on.  Total pages: 257913
[    0.000000] Policy zone: DMA32
[    0.000000] Kernel command line: BOOT_IMAGE=/boot/vmlinuz-4.15.0-88-generic root=LABEL=cloudimg-rootfs ro console=tty1 console=ttyS0
[    0.000000] Memory: 983068K/1048120K available (12300K kernel code, 2481K rwdata, 4264K rodata, 2428K init, 2712K bss, 65052K reserved, 0K cma-reserved)
[    0.000000] SLUB: HWalign=64, Order=0-3, MinObjects=0, CPUs=2, Nodes=1
[    0.000000] Kernel/User page tables isolation: enabled
[    0.000000] ftrace: allocating 39344 entries in 154 pages
[    0.004000] Hierarchical RCU implementation.
[    0.004000] 	RCU restricting CPUs from NR_CPUS=8192 to nr_cpu_ids=2.
[    0.004000] 	Tasks RCU enabled.
[    0.004000] RCU: Adjusting geometry for rcu_fanout_leaf=16, nr_cpu_ids=2
[    0.004000] NR_IRQS: 524544, nr_irqs: 440, preallocated irqs: 16
[    0.004000] Console: colour VGA+ 80x25
[    0.004000] console [tty1] enabled
[    0.004000] console [ttyS0] enabled
[    0.004000] ACPI: Core revision 20170831
[    0.004000] ACPI: 2 ACPI AML tables successfully acquired and loaded
[    0.004000] APIC: Switch to symmetric I/O mode setup
[    0.004000] x2apic enabled
[    0.004000] Switched APIC routing to physical x2apic.
[    0.004000] ..TIMER: vector=0x30 apic1=0 pin1=2 apic2=-1 pin2=-1
[    0.004000] tsc: Detected 2596.992 MHz processor
[    0.004010] Calibrating delay loop (skipped) preset value.. 5193.98 BogoMIPS (lpj=10387968)
[    0.005178] pid_max: default: 32768 minimum: 301
[    0.005863] Security Framework initialized
[    0.006458] Yama: becoming mindful.
[    0.006994] AppArmor: AppArmor initialized
[    0.008823] Dentry cache hash table entries: 131072 (order: 8, 1048576 bytes)
[    0.009882] Inode-cache hash table entries: 65536 (order: 7, 524288 bytes)
[    0.010816] Mount-cache hash table entries: 2048 (order: 2, 16384 bytes)
[    0.011782] Mountpoint-cache hash table entries: 2048 (order: 2, 16384 bytes)
[    0.012267] Last level iTLB entries: 4KB 1024, 2MB 1024, 4MB 1024
[    0.013176] Last level dTLB entries: 4KB 1024, 2MB 1024, 4MB 1024, 1GB 4
[    0.014122] Spectre V1 : Mitigation: usercopy/swapgs barriers and __user pointer sanitization
[    0.015349] Spectre V2 : Mitigation: Full generic retpoline
[    0.016002] Spectre V2 : Spectre v2 / SpectreRSB mitigation: Filling RSB on context switch
[    0.017207] Speculative Store Bypass: Vulnerable
[    0.017941] MDS: Mitigation: Clear CPU buffers
[    0.020176] Freeing SMP alternatives memory: 36K
[    0.130849] smpboot: CPU0: Intel(R) Xeon(R) CPU E5-2640 v3 @ 2.60GHz (family: 0x6, model: 0x3f, stepping: 0x2)
[    0.132000] Performance Events: unsupported p6 CPU model 63 no PMU driver, software events only.
[    0.132000] Hierarchical SRCU implementation.
[    0.132672] NMI watchdog: Perf event create on CPU 0 failed with -2
[    0.133732] NMI watchdog: Perf NMI watchdog permanently disabled
[    0.134854] smp: Bringing up secondary CPUs ...
[    0.136098] x86: Booting SMP configuration:
[    0.136900] .... node  #0, CPUs:      #1
[    0.004000] kvm-clock: cpu 1, msr 0:3ff44041, secondary cpu clock
[    0.142969] smp: Brought up 1 node, 2 CPUs
[    0.144016] smpboot: Max logical packages: 1
[    0.144808] smpboot: Total of 2 processors activated (10387.96 BogoMIPS)
[    0.146080] devtmpfs: initialized
[    0.146080] x86/mm: Memory block size: 128MB
[    0.148163] evm: security.selinux
[    0.148803] evm: security.SMACK64
[    0.149443] evm: security.SMACK64EXEC
[    0.150162] evm: security.SMACK64TRANSMUTE
[    0.150948] evm: security.SMACK64MMAP
[    0.151752] evm: security.apparmor
[    0.152003] evm: security.ima
[    0.152648] evm: security.capability
[    0.153352] clocksource: jiffies: mask: 0xffffffff max_cycles: 0xffffffff, max_idle_ns: 7645041785100000 ns
[    0.156015] futex hash table entries: 512 (order: 3, 32768 bytes)
[    0.158153] pinctrl core: initialized pinctrl subsystem
[    0.159424] RTC time: 18:15:20, date: 05/11/20
[    0.160181] NET: Registered protocol family 16
[    0.161164] audit: initializing netlink subsys (disabled)
[    0.162267] audit: type=2000 audit(1589220926.137:1): state=initialized audit_enabled=0 res=1
[    0.164032] cpuidle: using governor ladder
[    0.164910] cpuidle: using governor menu
[    0.165742] ACPI: bus type PCI registered
[    0.168004] acpiphp: ACPI Hot Plug PCI Controller Driver version: 0.5
[    0.169265] PCI: Using configuration type 1 for base access
[    0.170294] HugeTLB registered 2.00 MiB page size, pre-allocated 0 pages
[    0.172090] ACPI: Added _OSI(Module Device)
[    0.172923] ACPI: Added _OSI(Processor Device)
[    0.173838] ACPI: Added _OSI(3.0 _SCP Extensions)
[    0.176004] ACPI: Added _OSI(Processor Aggregator Device)
[    0.177093] ACPI: Added _OSI(Linux-Dell-Video)
[    0.177949] ACPI: Added _OSI(Linux-Lenovo-NV-HDMI-Audio)
[    0.178983] ACPI: Added _OSI(Linux-HPI-Hybrid-Graphics)
[    0.180260] ACPI: Executed 1 blocks of module-level executable AML code
[    0.185132] ACPI: Interpreter enabled
[    0.185811] ACPI: (supports S0 S5)
[    0.186453] ACPI: Using IOAPIC for interrupt routing
[    0.187591] PCI: Using host bridge windows from ACPI; if necessary, use "pci=nocrs" and report a bug
[    0.188156] ACPI: Enabled 2 GPEs in block 00 to 07
[    0.195795] ACPI: PCI Root Bridge [PCI0] (domain 0000 [bus 00-ff])
[    0.196007] acpi PNP0A03:00: _OSC: OS supports [ASPM ClockPM Segments MSI]
[    0.197510] acpi PNP0A03:00: _OSC: not requesting OS control; OS requires [ExtendedConfig ASPM ClockPM MSI]
[    0.199103] acpi PNP0A03:00: fail to add MMCONFIG information, can't access extended PCI configuration space under this bridge.
[    0.200326] PCI host bridge to bus 0000:00
[    0.201086] pci_bus 0000:00: root bus resource [io  0x0000-0x0cf7 window]
[    0.202160] pci_bus 0000:00: root bus resource [io  0x0d00-0xffff window]
[    0.204003] pci_bus 0000:00: root bus resource [mem 0x000a0000-0x000bffff window]
[    0.205187] pci_bus 0000:00: root bus resource [mem 0x40000000-0xfdffffff window]
[    0.206476] pci_bus 0000:00: root bus resource [bus 00-ff]
[    0.209341] pci 0000:00:01.1: legacy IDE quirk: reg 0x10: [io  0x01f0-0x01f7]
[    0.210448] pci 0000:00:01.1: legacy IDE quirk: reg 0x14: [io  0x03f6]
[    0.211504] pci 0000:00:01.1: legacy IDE quirk: reg 0x18: [io  0x0170-0x0177]
[    0.212002] pci 0000:00:01.1: legacy IDE quirk: reg 0x1c: [io  0x0376]
[    0.234504] pci 0000:00:07.0: quirk: [io  0x4000-0x403f] claimed by PIIX4 ACPI
[    0.236023] pci 0000:00:07.0: quirk: [io  0x4100-0x410f] claimed by PIIX4 SMB
[    0.246470] ACPI: PCI Interrupt Link [LNKA] (IRQs 5 9 10 *11)
[    0.248288] ACPI: PCI Interrupt Link [LNKB] (IRQs 5 9 *10 11)
[    0.249382] ACPI: PCI Interrupt Link [LNKC] (IRQs 5 *9 10 11)
[    0.250484] ACPI: PCI Interrupt Link [LNKD] (IRQs 5 9 10 *11)
[    0.252319] SCSI subsystem initialized
[    0.253031] pci 0000:00:02.0: vgaarb: setting as boot VGA device
[    0.253049] pci 0000:00:02.0: vgaarb: VGA device added: decodes=io+mem,owns=io+mem,locks=none
[    0.254507] pci 0000:00:02.0: vgaarb: bridge control possible
[    0.256010] vgaarb: loaded
[    0.256553] ACPI: bus type USB registered
[    0.257250] usbcore: registered new interface driver usbfs
[    0.258199] usbcore: registered new interface driver hub
[    0.259093] usbcore: registered new device driver usb
[    0.260045] EDAC MC: Ver: 3.0.0
[    0.260706] PCI: Using ACPI for IRQ routing
[    0.260913] NetLabel: Initializing
[    0.261481] NetLabel:  domain hash size = 128
[    0.262221] NetLabel:  protocols = UNLABELED CIPSOv4 CALIPSO
[    0.264016] NetLabel:  unlabeled traffic allowed by default
[    0.264902] clocksource: Switched to clocksource kvm-clock
[    0.275279] VFS: Disk quotas dquot_6.6.0
[    0.275982] VFS: Dquot-cache hash table entries: 512 (order 0, 4096 bytes)
[    0.277072] AppArmor: AppArmor Filesystem Enabled
[    0.277860] pnp: PnP ACPI init
[    0.279093] pnp: PnP ACPI: found 3 devices
[    0.290689] clocksource: acpi_pm: mask: 0xffffff max_cycles: 0xffffff, max_idle_ns: 2085701024 ns
[    0.292130] NET: Registered protocol family 2
[    0.293009] TCP established hash table entries: 8192 (order: 4, 65536 bytes)
[    0.294115] TCP bind hash table entries: 8192 (order: 5, 131072 bytes)
[    0.295794] TCP: Hash tables configured (established 8192 bind 8192)
[    0.296798] UDP hash table entries: 512 (order: 2, 16384 bytes)
[    0.297720] UDP-Lite hash table entries: 512 (order: 2, 16384 bytes)
[    0.298706] NET: Registered protocol family 1
[    0.299402] pci 0000:00:00.0: Limiting direct PCI/PCI transfers
[    0.300325] pci 0000:00:01.0: Activating ISA DMA hang workarounds
[    0.301278] pci 0000:00:02.0: Video device with shadowed ROM at [mem 0x000c0000-0x000dffff]
[    0.302673] Unpacking initramfs...
[    0.536404] Freeing initrd memory: 19204K
[    0.537190] clocksource: tsc: mask: 0xffffffffffffffff max_cycles: 0x256f22b38c7, max_idle_ns: 440795255999 ns
[    0.538712] platform rtc_cmos: registered platform RTC device (no PNP device found)
[    0.539921] Scanning for low memory corruption every 60 seconds
[    0.541714] Initialise system trusted keyrings
[    0.542460] Key type blacklist registered
[    0.543209] workingset: timestamp_bits=36 max_order=18 bucket_order=0
[    0.545202] zbud: loaded
[    0.546567] squashfs: version 4.0 (2009/01/31) Phillip Lougher
[    0.547793] fuse init (API version 7.26)
[    0.551669] Key type asymmetric registered
[    0.552371] Asymmetric key parser 'x509' registered
[    0.553179] Block layer SCSI generic (bsg) driver version 0.4 loaded (major 246)
[    0.554813] io scheduler noop registered
[    0.555441] io scheduler deadline registered
[    0.556157] io scheduler cfq registered (default)
[    0.557238] ACPI: AC Adapter [AC] (on-line)
[    0.557960] input: Power Button as /devices/LNXSYSTM:00/LNXPWRBN:00/input/input0
[    0.559208] ACPI: Power Button [PWRF]
[    0.559851] input: Sleep Button as /devices/LNXSYSTM:00/LNXSLPBN:00/input/input1
[    0.561019] ACPI: Sleep Button [SLPF]
[    0.562011] Serial: 8250/16550 driver, 32 ports, IRQ sharing enabled
[    0.583484] 00:02: ttyS0 at I/O 0x3f8 (irq = 4, base_baud = 115200) is a 16550A
[    0.587874] Linux agpgart interface v0.103
[    0.591041] loop: module loaded
[    0.592012] scsi host0: ata_piix
[    0.592787] scsi host1: ata_piix
[    0.593317] ata1: PATA max UDMA/33 cmd 0x1f0 ctl 0x3f6 bmdma 0xd000 irq 14
[    0.594312] ata2: PATA max UDMA/33 cmd 0x170 ctl 0x376 bmdma 0xd008 irq 15
[    0.595325] libphy: Fixed MDIO Bus: probed
[    0.596004] tun: Universal TUN/TAP device driver, 1.6
[    0.596909] PPP generic driver version 2.4.2
[    0.597690] ehci_hcd: USB 2.0 'Enhanced' Host Controller (EHCI) Driver
[    0.598568] ehci-pci: EHCI PCI platform driver
[    0.599239] ehci-platform: EHCI generic platform driver
[    0.599996] ohci_hcd: USB 1.1 'Open' Host Controller (OHCI) Driver
[    0.600877] ohci-pci: OHCI PCI platform driver
[    0.601568] ohci-platform: OHCI generic platform driver
[    0.602331] uhci_hcd: USB Universal Host Controller Interface driver
[    0.603245] i8042: PNP: PS/2 Controller [PNP0303:PS2K,PNP0f03:PS2M] at 0x60,0x64 irq 1,12
[    0.604872] serio: i8042 KBD port at 0x60,0x64 irq 1
[    0.605691] serio: i8042 AUX port at 0x60,0x64 irq 12
[    0.606781] mousedev: PS/2 mouse device common for all mice
[    0.608625] rtc_cmos rtc_cmos: rtc core: registered rtc_cmos as rtc0
[    0.609676] input: AT Translated Set 2 keyboard as /devices/platform/i8042/serio0/input/input2
[    0.611067] rtc_cmos rtc_cmos: alarms up to one day, 114 bytes nvram
[    0.612194] i2c /dev entries driver
[    0.612809] device-mapper: uevent: version 1.0.3
[    0.613740] device-mapper: ioctl: 4.37.0-ioctl (2017-09-20) initialised: dm-devel@redhat.com
[    0.615195] ledtrig-cpu: registered to indicate activity on CPUs
[    0.616587] NET: Registered protocol family 10
[    0.625841] Segment Routing with IPv6
[    0.626474] NET: Registered protocol family 17
[    0.627248] Key type dns_resolver registered
[    0.628240] mce: Using 0 MCE banks
[    0.628874] RAS: Correctable Errors collector initialized.
[    0.630066] sched_clock: Marking stable (628200359, 0)->(771446893, -143246534)
[    0.632450] registered taskstats version 1
[    0.633380] Loading compiled-in X.509 certificates
[    0.637512] Loaded X.509 cert 'Build time autogenerated kernel key: f0020782f0d3a548186fb3f47aed88387a71e859'
[    0.639592] zswap: loaded using pool lzo/zbud
[    0.646263] Key type big_key registered
[    0.646916] Key type trusted registered
[    0.650310] Key type encrypted registered
[    0.650959] AppArmor: AppArmor sha1 policy hashing enabled
[    0.651753] ima: No TPM chip found, activating TPM-bypass! (rc=-19)
[    0.652698] ima: Allocated hash algorithm: sha1
[    0.653378] evm: HMAC attrs: 0x1
[    0.654303]   Magic number: 4:449:291
[    0.655111] tty tty24: hash matches
[    0.655962] rtc_cmos rtc_cmos: setting system clock to 2020-05-11 18:15:21 UTC (1589220921)
[    0.657945] BIOS EDD facility v0.16 2004-Jun-25, 0 devices found
[    0.659185] EDD information not available.
[    0.799162] Freeing unused kernel image memory: 2428K
[    1.100191] Write protecting the kernel read-only data: 20480k
[    1.104058] Freeing unused kernel image memory: 2008K
[    1.107182] Freeing unused kernel image memory: 1880K
[    1.114836] x86/mm: Checked W+X mappings: passed, no W+X pages found.
[    1.115778] x86/mm: Checking user space page tables
[    1.121840] x86/mm: Checked W+X mappings: passed, no W+X pages found.
Loading, please wait...
starting version 237
[    1.226046] Fusion MPT base driver 3.04.20
[    1.227712] Copyright (c) 1999-2008 LSI Corporation
[    1.236153] e1000: Intel(R) PRO/1000 Network Driver - version 7.3.21-k8-NAPI
[    1.238320] e1000: Copyright (c) 1999-2006 Intel Corporation.
[    1.266031] Fusion MPT SPI Host driver 3.04.20
[    1.286193] AVX2 version of gcm_enc/dec engaged.
[    1.288044] AES CTR mode by8 optimization enabled
[    1.459715] input: ImExPS/2 Generic Explorer Mouse as /devices/platform/i8042/serio1/input/input4
[    1.625748] e1000 0000:00:03.0 eth0: (PCI:33MHz:32-bit) 02:86:7f:17:30:67
[    1.627077] e1000 0000:00:03.0 eth0: Intel(R) PRO/1000 Network Connection
[    1.629608] e1000 0000:00:03.0 enp0s3: renamed from eth0
[    1.630544] mptbase: ioc0: Initiating bringup
[    1.732491] ioc0: LSI53C1030 A0: Capabilities={Initiator}
[    1.974721] scsi host2: ioc0: LSI53C1030 A0, FwRev=00000000h, Ports=1, MaxQ=256, IRQ=20
[    2.144782] scsi 2:0:0:0: Direct-Access     VBOX     HARDDISK         1.0  PQ: 0 ANSI: 5
[    2.172135] scsi target2:0:0: Beginning Domain Validation
[    2.176215] scsi target2:0:0: Domain Validation skipping write tests
[    2.178393] scsi target2:0:0: Ending Domain Validation
[    2.180669] scsi target2:0:0: asynchronous
[    2.182512] scsi 2:0:1:0: Direct-Access     VBOX     HARDDISK         1.0  PQ: 0 ANSI: 5
[    2.212137] scsi target2:0:1: Beginning Domain Validation
[    2.216048] random: fast init done
[    2.217522] scsi target2:0:1: Domain Validation skipping write tests
[    2.219667] scsi target2:0:1: Ending Domain Validation
[    2.221609] scsi target2:0:1: asynchronous
[    2.228522] random: systemd-udevd: uninitialized urandom read (16 bytes read)
[    2.228587] sd 2:0:0:0: Attached scsi generic sg0 type 0
[    2.231014] sd 2:0:0:0: [sda] 20971520 512-byte logical blocks: (10.7 GB/10.0 GiB)
[    2.232029] sd 2:0:1:0: Attached scsi generic sg1 type 0
[    2.234252] random: systemd-udevd: uninitialized urandom read (16 bytes read)
[    2.237432] sd 2:0:0:0: [sda] Write Protect is off
[    2.238487] random: systemd-udevd: uninitialized urandom read (16 bytes read)
[    2.240024] sd 2:0:1:0: [sdb] 20480 512-byte logical blocks: (10.5 MB/10.0 MiB)
[    2.240115] sd 2:0:0:0: [sda] Incomplete mode parameter data
[    2.242782] sd 2:0:0:0: [sda] Assuming drive cache: write through
[    2.244105] sd 2:0:1:0: [sdb] Write Protect is off
[    2.245536] sd 2:0:1:0: [sdb] Incomplete mode parameter data
[    2.246305]  sda: sda1
[    2.246687] sd 2:0:1:0: [sdb] Assuming drive cache: write through
[    2.249118] sd 2:0:0:0: [sda] Attached SCSI disk
[    2.252617] sd 2:0:1:0: [sdb] Attached SCSI disk
Begin: Loading essential drivers ... [    3.899686] raid6: sse2x1   gen()  9175 MB/s
[    3.951675] raid6: sse2x1   xor()  6639 MB/s
[    4.007692] raid6: sse2x2   gen() 11950 MB/s
[    4.064195] raid6: sse2x2   xor()  7932 MB/s
[    4.112678] raid6: sse2x4   gen() 11934 MB/s
[    4.163890] raid6: sse2x4   xor()  8116 MB/s
[    4.216986] raid6: avx2x1   gen() 17851 MB/s
[    4.267677] raid6: avx2x1   xor() 12452 MB/s
[    4.324191] raid6: avx2x2   gen() 21821 MB/s
[    4.380112] raid6: avx2x2   xor() 14147 MB/s
[    4.435699] raid6: avx2x4   gen() 24310 MB/s
[    4.492202] raid6: avx2x4   xor() 15028 MB/s
[    4.493027] raid6: using algorithm avx2x4 gen() 24310 MB/s
[    4.494116] raid6: .... xor() 15028 MB/s, rmw enabled
[    4.495115] raid6: using avx2x2 recovery algorithm
[    4.497330] xor: automatically using best checksumming function   avx       
[    4.499814] async_tx: api initialized (async)
done.
Begin: Running /scripts/init-premount ... done.
Begin: Mounting root file system ... Begin: Running /scripts/local-top ... done.
Begin: Running /scripts/local-premount ... [    4.552970] Btrfs loaded, crc32c=crc32c-intel
Scanning for Btrfs filesystems
done.
Warning: fsck not present, so skipping root file system
[    4.604111] EXT4-fs (sda1): mounted filesystem with ordered data mode. Opts: (null)
done.
Begin: Running /scripts/local-bottom ... done.
Begin: Running /scripts/init-bottom ... done.
[    5.125473] ip_tables: (C) 2000-2006 Netfilter Core Team
[    5.160327] systemd[1]: systemd 237 running in system mode. (+PAM +AUDIT +SELINUX +IMA +APPARMOR +SMACK +SYSVINIT +UTMP +LIBCRYPTSETUP +GCRYPT +GNUTLS +ACL +XZ +LZ4 +SECCOMP +BLKID +ELFUTILS +KMOD -IDN2 +IDN -PCRE2 default-hierarchy=hybrid)
[    5.166325] systemd[1]: Detected virtualization oracle.
[    5.167590] systemd[1]: Detected architecture x86-64.

Welcome to [1mUbuntu 18.04.4 LTS[0m!

[    5.190313] systemd[1]: Set hostname to <ubuntu>.
[    5.200449] systemd[1]: Initializing machine ID from random generator.
[    5.202163] systemd[1]: Installed transient /etc/machine-id file.
[    5.892835] systemd[1]: Created slice System Slice.
[[0;32m  OK  [0m] Created slice System Slice.
[    5.895300] systemd[1]: Listening on udev Control Socket.
[[0;32m  OK  [0m] Listening on udev Control Socket.
[    5.897927] systemd[1]: Listening on Device-mapper event daemon FIFOs.
[[0;32m  OK  [0m] Listening on Device-mapper event daemon FIFOs.
[    5.900883] systemd[1]: Reached target Swap.
[[0;32m  OK  [0m] Reached target Swap.
[[0;32m  OK  [0m] Listening on Network Service Netlink Socket.
[[0;32m  OK  [0m] Listening on LVM2 poll daemon socket.
[[0;32m  OK  [0m] Listening on LVM2 metadata daemon socket.
[[0;32m  OK  [0m] Listening on Journal Audit Socket.
[[0;32m  OK  [0m] Started Forward Password Requests to Wall Directory Watch.
[[0;32m  OK  [0m] Listening on /dev/initctl Compatibility Named Pipe.
[[0;32m  OK  [0m] Listening on udev Kernel Socket.
[[0;32m  OK  [0m] Reached target User and Group Name Lookups.
[[0;32m  OK  [0m] Set up automount Arbitrary Executabâ€¦rmats File System Automount Point.
[[0;32m  OK  [0m] Listening on Journal Socket.
         Starting Load Kernel Modules...
         Mounting Kernel Debug File System...
         Mounting Huge Pages File System...
         Starting Remount Root and Kernel File Systems...
         Starting Monitoring of LVM2 mirrorsâ€¦ng dmeventd or progress polling...
         Starting Set the console keyboard layout...
         Mounting POSIX Message Queue File System...
[[0;32m  OK  [0m] Created slice system-serial\x2dgetty.slice.
         Starting udev Coldplug all Devices...
[[0;32m  OK  [0m] Listening on Syslog Socket.
[[0;32m  OK  [0m] Reached target System Time Synchronized.
[[0;32m  OK  [0m] Listening on Journal Socket (/dev/log).
         Starting Create list of required stâ€¦ce nodes for the current kernel...
         Starting Journal Service...
[[0;32m  OK  [0m] Created slice User and Session Slice.
[[0;32m  OK  [0m] Reached target Slices.
         Starting Uncomplicated firewall...
[[0;32m  OK  [0m] Mounted Kernel Debug File System.
[[0;32m  OK  [0m] Mounted Huge Pages File System.
[[0;32m  OK  [0m] Mounted POSIX Message Queue File System.
[[0;32m  OK  [0m] Started Create list of required staâ€¦vice nodes for the current kernel.
         Starting Create Static Device Nodes in /dev...
[[0;32m  OK  [0m] Started Uncomplicated firewall.
[    6.150955] Loading iSCSI transport class v2.0-870.
[    6.165787] iscsi: registered transport (tcp)
[[0;32m  OK  [0m] Started udev Coldplug all Devices.
[    6.177645] EXT4-fs (sda1): re-mounted. Opts: (null)
[[0;32m  OK  [0m] Started Remount Root and Kernel File Systems.
         Starting Load/Save Random Seed...
[    6.298722] iscsi: registered transport (iser)
[[0;32m  OK  [0m] Started Load Kernel Modules.
         Mounting FUSE Control File System...
         Starting Apply Kernel Variables...
         Mounting Kernel Configuration File System...
[[0;32m  OK  [0m] Mounted FUSE Control File System.
[[0;32m  OK  [0m] Mounted Kernel Configuration File System.
[[0;32m  OK  [0m] Started Load/Save Random Seed.
[[0;32m  OK  [0m] Started Journal Service.
         Starting Flush Journal to Persistent Storage...
[[0;32m  OK  [0m] Started Create Static Device Nodes in /dev.
         Starting udev Kernel Device Manager...
[[0;32m  OK  [0m] Started Apply Kernel Variables.
[[0;32m  OK  [0m] Started LVM2 metadata daemon.
[[0;32m  OK  [0m] Started Set the console keyboard layout.
[[0;32m  OK  [0m] Started udev Kernel Device Manager.
[[0;32m  OK  [0m] Started Dispatch Password Requests to Console Directory Watch.
[[0;32m  OK  [0m] Reached target Local Encrypted Volumes.
[[0;32m  OK  [0m] Started Flush Journal to Persistent Storage.
[[0;32m  OK  [0m] Started Monitoring of LVM2 mirrors,â€¦sing dmeventd or progress polling.
[[0;32m  OK  [0m] Reached target Local File Systems (Pre).
[[0;32m  OK  [0m] Reached target Local File Systems.
         Starting ebtables ruleset management...
         Starting Create Volatile Files and Directories...
         Starting Tell Plymouth To Write Out Runtime Data...
         Starting Commit a transient machine-id on disk...
         Starting Set console font and keymap...
         Starting AppArmor initialization...
[[0;32m  OK  [0m] Started Tell Plymouth To Write Out Runtime Data.
[[0;32m  OK  [0m] Started Set console font and keymap.
[[0;32m  OK  [0m] Started Create Volatile Files and Directories.
         Starting Update UTMP about System Boot/Shutdown...
[[0;32m  OK  [0m] Started Update UTMP about System Boot/Shutdown.
[[0;32m  OK  [0m] Started Commit a transient machine-id on disk.
[[0;32m  OK  [0m] Found device /dev/ttyS0.
[[0;32m  OK  [0m] Started ebtables ruleset management.
[[0;32m  OK  [0m] Listening on Load/Save RF Kill Switch Status /dev/rfkill Watch.
[[0;32m  OK  [0m] Started AppArmor initialization.
         Starting Initial cloud-init job (pre-networking)...
[   10.390075] cloud-init[550]: Cloud-init v. 19.4-33-gbb4131a2-0ubuntu1~18.04.1 running 'init-local' at Mon, 11 May 2020 18:15:30 +0000. Up 9.84 seconds.
[[0;32m  OK  [0m] Started Initial cloud-init job (pre-networking).
[[0;32m  OK  [0m] Reached target Network (Pre).
         Starting Network Service...
[[0;32m  OK  [0m] Started Network Service.
         Starting Network Name Resolution...
         Starting Wait for Network to be Configured...
[[0;32m  OK  [0m] Started Network Name Resolution.
[[0;32m  OK  [0m] Reached target Network.
[[0;32m  OK  [0m] Reached target Host and Network Name Lookups.
[[0;32m  OK  [0m] Started Wait for Network to be Configured.
         Starting Initial cloud-init job (metadata service crawler)...
[   13.075262] cloud-init[663]: Cloud-init v. 19.4-33-gbb4131a2-0ubuntu1~18.04.1 running 'init' at Mon, 11 May 2020 18:15:33 +0000. Up 12.88 seconds.
[   13.077466] cloud-init[663]: ci-info: ++++++++++++++++++++++++++++++++++++++Net device info++++++++++++++++++++++++++++++++++++++
[   13.079891] cloud-init[663]: ci-info: +--------+------+----------------------------+---------------+--------+-------------------+
[   13.083300] cloud-init[663]: ci-info: | Device |  Up  |          Address           |      Mask     | Scope  |     Hw-Address    |
[   13.085251] cloud-init[663]: ci-info: +--------+------+----------------------------+---------------+--------+-------------------+
[   13.087086] cloud-init[663]: ci-info: | enp0s3 | True |         10.0.2.15          | 255.255.255.0 | global | 02:86:7f:17:30:67 |
[   13.088997] cloud-init[663]: ci-info: | enp0s3 | True | fe80::86:7fff:fe17:3067/64 |       .       |  link  | 02:86:7f:17:30:67 |
[   13.090882] cloud-init[663]: ci-info: |   lo   | True |         127.0.0.1          |   255.0.0.0   |  host  |         .         |
[   13.092841] cloud-init[663]: ci-info: |   lo   | True |          ::1/128           |       .       |  host  |         .         |
[   13.094657] cloud-init[663]: ci-info: +--------+------+----------------------------+---------------+--------+-------------------+
[   13.096522] cloud-init[663]: ci-info: ++++++++++++++++++++++++++++Route IPv4 info+++++++++++++++++++++++++++++
[   13.098173] cloud-init[663]: ci-info: +-------+-------------+----------+-----------------+-----------+-------+
[   13.099804] cloud-init[663]: ci-info: | Route | Destination | Gateway  |     Genmask     | Interface | Flags |
[   13.101458] cloud-init[663]: ci-info: +-------+-------------+----------+-----------------+-----------+-------+
[   13.103088] cloud-init[663]: ci-info: |   0   |   0.0.0.0   | 10.0.2.2 |     0.0.0.0     |   enp0s3  |   UG  |
[   13.104754] cloud-init[663]: ci-info: |   1   |   10.0.2.0  | 0.0.0.0  |  255.255.255.0  |   enp0s3  |   U   |
[   13.106383] cloud-init[663]: ci-info: |   2   |   10.0.2.2  | 0.0.0.0  | 255.255.255.255 |   enp0s3  |   UH  |
[   13.108078] cloud-init[663]: ci-info: +-------+-------------+----------+-----------------+-----------+-------+
[   13.109741] cloud-init[663]: ci-info: +++++++++++++++++++Route IPv6 info+++++++++++++++++++
[   13.111077] cloud-init[663]: ci-info: +-------+-------------+---------+-----------+-------+
[   13.112595] cloud-init[663]: ci-info: | Route | Destination | Gateway | Interface | Flags |
[   13.114008] cloud-init[663]: ci-info: +-------+-------------+---------+-----------+-------+
[   13.115535] cloud-init[663]: ci-info: |   1   |  fe80::/64  |    ::   |   enp0s3  |   U   |
[   13.117041] cloud-init[663]: ci-info: |   3   |    local    |    ::   |   enp0s3  |   U   |
[   13.118451] cloud-init[663]: ci-info: |   4   |   ff00::/8  |    ::   |   enp0s3  |   U   |
[   13.119671] cloud-init[663]: ci-info: +-------+-------------+---------+-----------+-------+
[   15.160246] cloud-init[663]: Generating public/private rsa key pair.
[   15.162359] cloud-init[663]: Your identification has been saved in /etc/ssh/ssh_host_rsa_key.
[   15.164910] cloud-init[663]: Your public key has been saved in /etc/ssh/ssh_host_rsa_key.pub.
[   15.166518] cloud-init[663]: The key fingerprint is:
[   15.167433] cloud-init[663]: SHA256:uxj/Tc+eLnULxF6t+XpvTGRU2cS4CcVxBAsJ3WIgVP8 root@ubuntu-bionic
[   15.168829] cloud-init[663]: The key's randomart image is:
[   15.169766] cloud-init[663]: +---[RSA 2048]----+
[   15.170633] cloud-init[663]: |       .o.++.=+BO|
[   15.171484] cloud-init[663]: |         . .*.+++|
[   15.172381] cloud-init[663]: |           .oo.+.|
[   15.173248] cloud-init[663]: |             +o.+|
[   15.174114] cloud-init[663]: |        S   o E= |
[   15.174963] cloud-init[663]: |         .   o+ o|
[   15.176012] cloud-init[663]: |      . .   ...=.|
[   15.177136] cloud-init[663]: |       + . o.o o=|
[   15.178079] cloud-init[663]: |      . o.. .+B+o|
[   15.179024] cloud-init[663]: +----[SHA256]-----+
[   15.180353] cloud-init[663]: Generating public/private dsa key pair.
[   15.181826] cloud-init[663]: Your identification has been saved in /etc/ssh/ssh_host_dsa_key.
[   15.183641] cloud-init[663]: Your public key has been saved in /etc/ssh/ssh_host_dsa_key.pub.
[   15.185666] cloud-init[663]: The key fingerprint is:
[   15.186907] cloud-init[663]: SHA256:e+5bS8wUY+BC7t/fluUlrDM71mLIgDP6SM8JgSlyqC0 root@ubuntu-bionic
[   15.188892] cloud-init[663]: The key's randomart image is:
[   15.190240] cloud-init[663]: +---[DSA 1024]----+
[   15.191430] cloud-init[663]: |        . .      |
[   15.192691] cloud-init[663]: |       o . .     |
[   15.193905] cloud-init[663]: |        o . +    |
[   15.195092] cloud-init[663]: | . o   . . . o   |
[   15.196337] cloud-init[663]: |+ + .  .S   ..   |
[   15.197537] cloud-init[663]: |o+   .+ .o =  o o|
[   15.198734] cloud-init[663]: |E . o. o.oo.*o o+|
[   15.199928] cloud-init[663]: | . ..= . oooOo.oo|
[   15.201171] cloud-init[663]: |    ..=  .++o*...|
[   15.202377] cloud-init[663]: +----[SHA256]-----+
[   15.203565] cloud-init[663]: Generating public/private ecdsa key pair.
[   15.205113] cloud-init[663]: Your identification has been saved in /etc/ssh/ssh_host_ecdsa_key.
[   15.207073] cloud-init[663]: Your public key has been saved in /etc/ssh/ssh_host_ecdsa_key.pub.
[   15.209043] cloud-init[663]: The key fingerprint is:
[   15.210318] cloud-init[663]: SHA256:3lOM7gZSyo6uCe0FbnejpdmmzmEJEhwVWd7rvChlg7M root@ubuntu-bionic
[   15.212328] cloud-init[663]: The key's randomart image is:
[   15.213687] cloud-init[663]: +---[ECDSA 256]---+
[   15.214893] cloud-init[663]: | ..o+.           |
[   15.216121] cloud-init[663]: |. ... .          |
[   15.217409] cloud-init[663]: |..   . .         |
[   15.218619] cloud-init[663]: | .      o  o     |
[[0;32m  OK  [0m] Started Initial cloud-init job (metadata service crawler).
[   15.228965] cloud-init[663]: |. o .. +S . o    |[[0;32m  OK  [0m] Reached target System Initialization.
[[0;32m  OK  [0m] Started Daily Cleanup of Temporary Directories.

[   15.230759] cloud-init[663]: | + = =*..o .     |
[   15.231432] [[0;32m  OK  [0m] Started ACPI Events Check.
[[0;32m  OK  [0m] Reached target Paths.
[[0;32m  OK  [0m] Listening on D-Bus System Message Bus Socket.
[[0;32m  OK  [0m] Started Message of the Day.
[[0;32m  OK  [0m] Listening on UUID daemon activation socket.
cloud-init[663]: |. + @o=+..+      |
[   15.234382] cloud-init[663]: | + E.O+.....     |
[   15.235121] cloud-init[663]: |  ++X+.. ..      |
[   15.235759] cloud-init[663]: +----[SHA256]-----+
[   15.236479] cloud-init[663]: Generating public/private ed25519 key pair.
[   15.237356] cloud-init[663]: Your identification has been saved in /etc/ssh/ssh_host_ed25519_key.
[   15.238618] cloud-init[663]: Your public key has been saved in /etc/ssh/ssh_host_ed25519_key.pub.
[   15.239782] cloud-init[663]: The key fingerprint is:         Starting LXD - unix socket.
[[0;32m  OK  [0m] Listening on Open-iSCSI iscsid Socket.
[[0;32m  OK  [0m] Listening on ACPID Listen Socket.

[   15.242588] cloud-init[663]:          Starting Socket activation for snappy daemon.
[[0;32m  OK  [0m] Started Daily apt download activities.
[[0;32m  OK  [0m] Started Daily apt upgrade and clean activities.
[[0;32m  OK  [0m] Started Discard unused blocks once a week.
[[0;32m  OK  [0m] Reached target Timers.
[[0;32m  OK  [0m] Reached target Cloud-config availability.
[[0;32m  OK  [0m] Reached target Network is Online.
SHA256:26qmWYNyuqhIZtyTbdq96OiZ0wla0ZDwP9pp1/k46Pg root@ubuntu-bionic
[   15.254215] cloud-init[663]: The key's randomart image is:
[   15.255186] cloud-init[663]: +--[ED25519 256]--+
         Starting Availability of block devices...
[[0;32m  OK  [0m] Reached target Remote File Systems (Pre).
[[0;32m  OK  [0m] Reached target Remote File Systems.
[   15.256877] [[0;32m  OK  [0m] Listening on LXD - unix socket.
[[0;32m  OK  [0m] Listening on Socket activation for snappy daemon.
[[0;32m  OK  [0m] Reached target Sockets.
[[0;32m  OK  [0m] Reached target Basic System.
cloud-init[663]: | .. .            |
         Starting LSB: automatic crash report generation...
         Starting Virtualbox guest utils...
[   15.266382] cloud-init[663]: |  .o             |
[   15.267782]          Starting LXD - container startup/shutdown...
cloud-init[663]: |   .o            |
[   15.272480] cloud-init[663]: |   ...           |
[   15.273333] cloud-init[663]: |    .o  S        |
[   15.274086] cloud-init[663]: |. .o=.o .o.      |
[   15.274813] cloud-init[663]: | =+==*+.oo.      |
[   15.275589] cloud-init[663]: |=o =X=*o oo      |
[   15.276359] cloud-init[663]: |= +B=B+Eo...     |
[   15.277936] cloud-init[663]: +----[SHA256]-----+
[[0;32m  OK  [0m] Started irqbalance daemon.
[[0;32m  OK  [0m] Started FUSE filesystem for LXC.
[[0;32m  OK  [0m] Started Regular background program processing daemon.
         Starting Dispatcher daemon for systemd-networkd...
         Starting System Logging Service...
[[0;32m  OK  [0m] Started Deferred execution scheduler.
         Starting LSB: Record successful boot for GRUB...
         Starting Pollinate to seed the pseudo random number generator...
[[0;32m  OK  [0m] Started D-Bus System Message Bus.
         Starting Accounts Service...
         Starting Login Service...
         Starting Snappy daemon...
         Starting Permit User Sessions...
[[0;32m  OK  [0m] Started System Logging Service.
[[0;32m  OK  [0m] Started Availability of block devices.
[[0;32m  OK  [0m] Started Permit User Sessions.
         Starting Terminate Plymouth Boot Screen...
         Starting Hold until boot process finishes up...
[[0;32m  OK  [0m] Started Hold until boot process finishes up.
[[0;32m  OK  [0m] Started Serial Getty on ttyS0.
         Starting Set console scheme...
[[0;32m  OK  [0m] Started Terminate Plymouth Boot Screen.
[[0;32m  OK  [0m] Started Login Service.
[[0;32m  OK  [0m] Started Unattended Upgrades Shutdown.
[[0;32m  OK  [0m] Started Set console scheme.
[[0;32m  OK  [0m] Created slice system-getty.slice.
[[0;32m  OK  [0m] Started Getty on tty1.
[[0;32m  OK  [0m] Reached target Login Prompts.
[[0;32m  OK  [0m] Started LSB: automatic crash report generation.
[[0;32m  OK  [0m] Started LSB: Record successful boot for GRUB.
         Starting Authorization Manager...
[[0;32m  OK  [0m] Started Virtualbox guest utils.
[[0;32m  OK  [0m] Started Authorization Manager.
[[0;32m  OK  [0m] Started Accounts Service.
[[0;32m  OK  [0m] Started LXD - container startup/shutdown.
[[0;32m  OK  [0m] Started Dispatcher daemon for systemd-networkd.
[[0;32m  OK  [0m] Started Snappy daemon.
         Starting Wait until snapd is fully seeded...
[[0;32m  OK  [0m] Started Pollinate to seed the pseudo random number generator.
         Starting OpenBSD Secure Shell server...
[[0;32m  OK  [0m] Started OpenBSD Secure Shell server.
[[0;32m  OK  [0m] Created slice User Slice of vagrant.
         Starting User Manager for UID 1000...
[[0;32m  OK  [0m] Started Session 1 of user vagrant.
[[0;32m  OK  [0m] Started User Manager for UID 1000.
[[0;32m  OK  [0m] Started Wait until snapd is fully seeded.
         Starting Apply the settings specified in cloud-config...
[[0;32m  OK  [0m] Reached target Multi-User System.
[[0;32m  OK  [0m] Reached target Graphical Interface.
         Starting Update UTMP about System Runlevel Changes...
[[0;32m  OK  [0m] Started Update UTMP about System Runlevel Changes.

Ubuntu 18.04.4 LTS ubuntu-bionic ttyS0

ubuntu-bionic login: [   22.306142] cloud-init[1287]: Cloud-init v. 19.4-33-gbb4131a2-0ubuntu1~18.04.1 running 'modules:config' at Mon, 11 May 2020 18:15:41 +0000. Up 20.75 seconds.
ci-info: no authorized SSH keys fingerprints found for user ubuntu.
<14>May 11 18:15:43 ec2: 
<14>May 11 18:15:43 ec2: #############################################################
<14>May 11 18:15:43 ec2: -----BEGIN SSH HOST KEY FINGERPRINTS-----
<14>May 11 18:15:43 ec2: 1024 SHA256:e+5bS8wUY+BC7t/fluUlrDM71mLIgDP6SM8JgSlyqC0 root@ubuntu-bionic (DSA)
<14>May 11 18:15:43 ec2: 256 SHA256:3lOM7gZSyo6uCe0FbnejpdmmzmEJEhwVWd7rvChlg7M root@ubuntu-bionic (ECDSA)
<14>May 11 18:15:43 ec2: 256 SHA256:26qmWYNyuqhIZtyTbdq96OiZ0wla0ZDwP9pp1/k46Pg root@ubuntu-bionic (ED25519)
<14>May 11 18:15:43 ec2: 2048 SHA256:uxj/Tc+eLnULxF6t+XpvTGRU2cS4CcVxBAsJ3WIgVP8 root@ubuntu-bionic (RSA)
<14>May 11 18:15:43 ec2: -----END SSH HOST KEY FINGERPRINTS-----
<14>May 11 18:15:43 ec2: #############################################################
-----BEGIN SSH HOST KEY KEYS-----
ecdsa-sha2-nistp256 AAAAE2VjZHNhLXNoYTItbmlzdHAyNTYAAAAIbmlzdHAyNTYAAABBBNZ+iRJ/tIN7zb3L9fagXyc71g0X14AYpvs5NN22kn79vf0jGt81ysS9Kb8XKfah3+zSyeh6K6UPRonQ6EmwjgE= root@ubuntu-bionic
ssh-ed25519 AAAAC3NzaC1lZDI1NTE5AAAAIHyQmrVHsIYaTmAMTjMZIBwVS70bi4hxr9pr03FX1PWp root@ubuntu-bionic
ssh-rsa AAAAB3NzaC1yc2EAAAADAQABAAABAQCsaJ9eZQGXLzKmDt9B5BzrRDA85ZLk63BPaAwZITzCIdULEOS0jImZ4zTwowG58NrtT0L4Wyyx+ZuShz/EQXyOZLUzzJFW7VTUd+TmxGilDGiay9maW5LtOXrn7/bP1mFcvICukY19GkI6XDqaAm9s1kZLJ9IGHm6gCpiALe8yYY4qZEHSa9kviVw+Ee83BIY5DqFwTDSlKvYYUvONXv0D0r7+dJu06+eZtiWwPD+zYegrwiziSpMM55z6PJYjvZ4TqmLyFJbWLkWus9qxQAHxf6Z8Z/xsLTUWda1pZelO25Yk0SFgTGkSdo110poKAcBTcfupkB4Stjz7JDtKV9yZ root@ubuntu-bionic
-----END SSH HOST KEY KEYS-----
[   23.075948] cloud-init[1412]: Cloud-init v. 19.4-33-gbb4131a2-0ubuntu1~18.04.1 running 'modules:final' at Mon, 11 May 2020 18:15:43 +0000. Up 22.87 seconds.
[   23.076111] cloud-init[1412]: ci-info: no authorized SSH keys fingerprints found for user ubuntu.
[   23.076571] cloud-init[1412]: Cloud-init v. 19.4-33-gbb4131a2-0ubuntu1~18.04.1 finished at Mon, 11 May 2020 18:15:43 +0000. Datasource DataSourceNoCloud [seed=/dev/sdb][dsmode=net].  Up 23.06 seconds
