[    0.000000] Linux version 4.15.0-54-generic (buildd@lgw01-amd64-014) (gcc version 7.4.0 (Ubuntu 7.4.0-1ubuntu1~18.04.1)) #58-Ubuntu SMP Mon Jun 24 10:55:24 UTC 2019 (Ubuntu 4.15.0-54.58-generic 4.15.18)
[    0.000000] Command line: BOOT_IMAGE=/boot/vmlinuz-4.15.0-54-generic root=LABEL=cloudimg-rootfs ro console=tty1 console=ttyS0
[    0.000000] KERNEL supported cpus:
[    0.000000]   Intel GenuineIntel
[    0.000000]   AMD AuthenticAMD
[    0.000000]   Centaur CentaurHauls
[    0.000000] x86/fpu: Supporting XSAVE feature 0x001: 'x87 floating point registers'
[    0.000000] x86/fpu: Supporting XSAVE feature 0x002: 'SSE registers'
[    0.000000] x86/fpu: Supporting XSAVE feature 0x004: 'AVX registers'
[    0.000000] x86/fpu: xstate_offset[2]:  576, xstate_sizes[2]:  256
[    0.000000] x86/fpu: Enabled xstate features 0x7, context size is 832 bytes, using 'standard' format.
[    0.000000] e820: BIOS-provided physical RAM map:
[    0.000000] BIOS-e820: [mem 0x0000000000000000-0x000000000009fbff] usable
[    0.000000] BIOS-e820: [mem 0x000000000009fc00-0x000000000009ffff] reserved
[    0.000000] BIOS-e820: [mem 0x00000000000f0000-0x00000000000fffff] reserved
[    0.000000] BIOS-e820: [mem 0x0000000000100000-0x000000003ffeffff] usable
[    0.000000] BIOS-e820: [mem 0x000000003fff0000-0x000000003fffffff] ACPI data
[    0.000000] BIOS-e820: [mem 0x00000000fec00000-0x00000000fec00fff] reserved
[    0.000000] BIOS-e820: [mem 0x00000000fee00000-0x00000000fee00fff] reserved
[    0.000000] BIOS-e820: [mem 0x00000000fffc0000-0x00000000ffffffff] reserved
[    0.000000] NX (Execute Disable) protection: active
[    0.000000] SMBIOS 2.5 present.
[    0.000000] DMI: innotek GmbH VirtualBox/VirtualBox, BIOS VirtualBox 12/01/2006
[    0.000000] Hypervisor detected: KVM
[    0.000000] e820: last_pfn = 0x3fff0 max_arch_pfn = 0x400000000
[    0.000000] MTRR: Disabled
[    0.000000] x86/PAT: MTRRs disabled, skipping PAT initialization too.
[    0.000000] CPU MTRRs all blank - virtualized system.
[    0.000000] x86/PAT: Configuration [0-7]: WB  WT  UC- UC  WB  WT  UC- UC  
[    0.000000] found SMP MP-table at [mem 0x0009fff0-0x0009ffff] mapped at [        (ptrval)]
[    0.000000] Scanning 1 areas for low memory corruption
[    0.000000] RAMDISK: [mem 0x35a93000-0x36d40fff]
[    0.000000] ACPI: Early table checksum verification disabled
[    0.000000] ACPI: RSDP 0x00000000000E0000 000024 (v02 VBOX  )
[    0.000000] ACPI: XSDT 0x000000003FFF0030 00003C (v01 VBOX   VBOXXSDT 00000001 ASL  00000061)
[    0.000000] ACPI: FACP 0x000000003FFF00F0 0000F4 (v04 VBOX   VBOXFACP 00000001 ASL  00000061)
[    0.000000] ACPI: DSDT 0x000000003FFF0470 0022EA (v02 VBOX   VBOXBIOS 00000002 INTL 20180105)
[    0.000000] ACPI: FACS 0x000000003FFF0200 000040
[    0.000000] ACPI: FACS 0x000000003FFF0200 000040
[    0.000000] ACPI: APIC 0x000000003FFF0240 00005C (v02 VBOX   VBOXAPIC 00000001 ASL  00000061)
[    0.000000] ACPI: SSDT 0x000000003FFF02A0 0001CC (v01 VBOX   VBOXCPUT 00000002 INTL 20180105)
[    0.000000] No NUMA configuration found
[    0.000000] Faking a node at [mem 0x0000000000000000-0x000000003ffeffff]
[    0.000000] NODE_DATA(0) allocated [mem 0x3ffc5000-0x3ffeffff]
[    0.000000] kvm-clock: cpu 0, msr 0:3ff44001, primary cpu clock
[    0.000000] kvm-clock: Using msrs 4b564d01 and 4b564d00
[    0.000000] kvm-clock: using sched offset of 3329856946 cycles
[    0.000000] clocksource: kvm-clock: mask: 0xffffffffffffffff max_cycles: 0x1cd42e4dffb, max_idle_ns: 881590591483 ns
[    0.000000] Zone ranges:
[    0.000000]   DMA      [mem 0x0000000000001000-0x0000000000ffffff]
[    0.000000]   DMA32    [mem 0x0000000001000000-0x000000003ffeffff]
[    0.000000]   Normal   empty
[    0.000000]   Device   empty
[    0.000000] Movable zone start for each node
[    0.000000] Early memory node ranges
[    0.000000]   node   0: [mem 0x0000000000001000-0x000000000009efff]
[    0.000000]   node   0: [mem 0x0000000000100000-0x000000003ffeffff]
[    0.000000] Reserved but unavailable: 114 pages
[    0.000000] Initmem setup node 0 [mem 0x0000000000001000-0x000000003ffeffff]
[    0.000000] ACPI: PM-Timer IO Port: 0x4008
[    0.000000] IOAPIC[0]: apic_id 2, version 32, address 0xfec00000, GSI 0-23
[    0.000000] ACPI: INT_SRC_OVR (bus 0 bus_irq 0 global_irq 2 dfl dfl)
[    0.000000] ACPI: INT_SRC_OVR (bus 0 bus_irq 9 global_irq 9 low level)
[    0.000000] Using ACPI (MADT) for SMP configuration information
[    0.000000] smpboot: Allowing 2 CPUs, 0 hotplug CPUs
[    0.000000] PM: Registered nosave memory: [mem 0x00000000-0x00000fff]
[    0.000000] PM: Registered nosave memory: [mem 0x0009f000-0x0009ffff]
[    0.000000] PM: Registered nosave memory: [mem 0x000a0000-0x000effff]
[    0.000000] PM: Registered nosave memory: [mem 0x000f0000-0x000fffff]
[    0.000000] e820: [mem 0x40000000-0xfebfffff] available for PCI devices
[    0.000000] Booting paravirtualized kernel on KVM
[    0.000000] clocksource: refined-jiffies: mask: 0xffffffff max_cycles: 0xffffffff, max_idle_ns: 7645519600211568 ns
[    0.000000] random: get_random_bytes called from start_kernel+0x99/0x4fd with crng_init=0
[    0.000000] setup_percpu: NR_CPUS:8192 nr_cpumask_bits:2 nr_cpu_ids:2 nr_node_ids:1
[    0.000000] percpu: Embedded 46 pages/cpu @        (ptrval) s151552 r8192 d28672 u1048576
[    0.000000] PV qspinlock hash table entries: 256 (order: 0, 4096 bytes)
[    0.000000] Built 1 zonelists, mobility grouping on.  Total pages: 257913
[    0.000000] Policy zone: DMA32
[    0.000000] Kernel command line: BOOT_IMAGE=/boot/vmlinuz-4.15.0-54-generic root=LABEL=cloudimg-rootfs ro console=tty1 console=ttyS0
[    0.000000] Memory: 983456K/1048120K available (12300K kernel code, 2473K rwdata, 4272K rodata, 2408K init, 2416K bss, 64664K reserved, 0K cma-reserved)
[    0.000000] SLUB: HWalign=64, Order=0-3, MinObjects=0, CPUs=2, Nodes=1
[    0.000000] Kernel/User page tables isolation: enabled
[    0.000000] ftrace: allocating 39216 entries in 154 pages
[    0.004000] Hierarchical RCU implementation.
[    0.004000] 	RCU restricting CPUs from NR_CPUS=8192 to nr_cpu_ids=2.
[    0.004000] 	Tasks RCU enabled.
[    0.004000] RCU: Adjusting geometry for rcu_fanout_leaf=16, nr_cpu_ids=2
[    0.004000] NR_IRQS: 524544, nr_irqs: 440, preallocated irqs: 16
[    0.004000] Console: colour VGA+ 80x25
[    0.004000] console [tty1] enabled
[    0.004000] console [ttyS0] enabled
[    0.004000] ACPI: Core revision 20170831
[    0.004000] ACPI: 2 ACPI AML tables successfully acquired and loaded
[    0.004000] APIC: Switch to symmetric I/O mode setup
[    0.004000] x2apic enabled
[    0.004000] Switched APIC routing to physical x2apic.
[    0.004000] ..TIMER: vector=0x30 apic1=0 pin1=2 apic2=-1 pin2=-1
[    0.004000] tsc: Detected 2597.064 MHz processor
[    0.004009] Calibrating delay loop (skipped) preset value.. 5194.12 BogoMIPS (lpj=10388256)
[    0.005000] pid_max: default: 32768 minimum: 301
[    0.005577] Security Framework initialized
[    0.006078] Yama: becoming mindful.
[    0.006532] AppArmor: AppArmor initialized
[    0.008032] Dentry cache hash table entries: 131072 (order: 8, 1048576 bytes)
[    0.008912] Inode-cache hash table entries: 65536 (order: 7, 524288 bytes)
[    0.009704] Mount-cache hash table entries: 2048 (order: 2, 16384 bytes)
[    0.010470] Mountpoint-cache hash table entries: 2048 (order: 2, 16384 bytes)
[    0.011523] mce: CPU supports 0 MCE banks
[    0.012025] Last level iTLB entries: 4KB 1024, 2MB 1024, 4MB 1024
[    0.012751] Last level dTLB entries: 4KB 1024, 2MB 1024, 4MB 1024, 1GB 4
[    0.013515] Spectre V2 : Mitigation: Full generic retpoline
[    0.014166] Spectre V2 : Spectre v2 / SpectreRSB mitigation: Filling RSB on context switch
[    0.015131] Speculative Store Bypass: Vulnerable
[    0.015817] MDS: Vulnerable: Clear CPU buffers attempted, no microcode
[    0.016095] Freeing SMP alternatives memory: 36K
[    0.020000] smpboot: CPU0: Intel(R) Xeon(R) CPU E5-2640 v3 @ 2.60GHz (family: 0x6, model: 0x3f, stepping: 0x2)
[    0.020000] Performance Events: unsupported p6 CPU model 63 no PMU driver, software events only.
[    0.020000] Hierarchical SRCU implementation.
[    0.020000] NMI watchdog: Perf event create on CPU 0 failed with -2
[    0.020001] NMI watchdog: Perf NMI watchdog permanently disabled
[    0.020744] smp: Bringing up secondary CPUs ...
[    0.021356] x86: Booting SMP configuration:
[    0.021871] .... node  #0, CPUs:      #1
[    0.004000] kvm-clock: cpu 1, msr 0:3ff44041, secondary cpu clock
[    0.004000] mce: CPU supports 0 MCE banks
[    0.024000] smp: Brought up 1 node, 2 CPUs
[    0.024005] smpboot: Max logical packages: 1
[    0.028002] smpboot: Total of 2 processors activated (10388.25 BogoMIPS)
[    0.028898] devtmpfs: initialized
[    0.028898] x86/mm: Memory block size: 128MB
[    0.029126] evm: security.selinux
[    0.029551] evm: security.SMACK64
[    0.029992] evm: security.SMACK64EXEC
[    0.032003] evm: security.SMACK64TRANSMUTE
[    0.032523] evm: security.SMACK64MMAP
[    0.032979] evm: security.apparmor
[    0.033448] evm: security.ima
[    0.033831] evm: security.capability
[    0.034302] clocksource: jiffies: mask: 0xffffffff max_cycles: 0xffffffff, max_idle_ns: 7645041785100000 ns
[    0.034302] futex hash table entries: 512 (order: 3, 32768 bytes)
[    0.036052] pinctrl core: initialized pinctrl subsystem
[    0.037435] RTC time: 19:09:59, date: 07/10/19
[    0.038113] NET: Registered protocol family 16
[    0.038737] audit: initializing netlink subsys (disabled)
[    0.040024] audit: type=2000 audit(1562785803.903:1): state=initialized audit_enabled=0 res=1
[    0.041132] cpuidle: using governor ladder
[    0.041132] cpuidle: using governor menu
[    0.041132] ACPI: bus type PCI registered
[    0.041616] acpiphp: ACPI Hot Plug PCI Controller Driver version: 0.5
[    0.042505] PCI: Using configuration type 1 for base access
[    0.044859] HugeTLB registered 2.00 MiB page size, pre-allocated 0 pages
[    0.044859] ACPI: Added _OSI(Module Device)
[    0.044859] ACPI: Added _OSI(Processor Device)
[    0.045227] ACPI: Added _OSI(3.0 _SCP Extensions)
[    0.048007] ACPI: Added _OSI(Processor Aggregator Device)
[    0.048668] ACPI: Added _OSI(Linux-Dell-Video)
[    0.049203] ACPI: Added _OSI(Linux-Lenovo-NV-HDMI-Audio)
[    0.049823] ACPI: Added _OSI(Linux-HPI-Hybrid-Graphics)
[    0.050636] ACPI: Executed 1 blocks of module-level executable AML code
[    0.054908] ACPI: Interpreter enabled
[    0.055398] ACPI: (supports S0 S5)
[    0.055927] ACPI: Using IOAPIC for interrupt routing
[    0.056197] PCI: Using host bridge windows from ACPI; if necessary, use "pci=nocrs" and report a bug
[    0.057380] ACPI: Enabled 2 GPEs in block 00 to 07
[    0.063467] ACPI: PCI Root Bridge [PCI0] (domain 0000 [bus 00-ff])
[    0.064006] acpi PNP0A03:00: _OSC: OS supports [ASPM ClockPM Segments MSI]
[    0.065195] acpi PNP0A03:00: _OSC: not requesting OS control; OS requires [ExtendedConfig ASPM ClockPM MSI]
[    0.066321] acpi PNP0A03:00: fail to add MMCONFIG information, can't access extended PCI configuration space under this bridge.
[    0.068241] PCI host bridge to bus 0000:00
[    0.068758] pci_bus 0000:00: root bus resource [io  0x0000-0x0cf7 window]
[    0.069531] pci_bus 0000:00: root bus resource [io  0x0d00-0xffff window]
[    0.070304] pci_bus 0000:00: root bus resource [mem 0x000a0000-0x000bffff window]
[    0.071187] pci_bus 0000:00: root bus resource [mem 0x40000000-0xfdffffff window]
[    0.072007] pci_bus 0000:00: root bus resource [bus 00-ff]
[    0.074012] pci 0000:00:01.1: legacy IDE quirk: reg 0x10: [io  0x01f0-0x01f7]
[    0.074824] pci 0000:00:01.1: legacy IDE quirk: reg 0x14: [io  0x03f6]
[    0.075625] pci 0000:00:01.1: legacy IDE quirk: reg 0x18: [io  0x0170-0x0177]
[    0.076003] pci 0000:00:01.1: legacy IDE quirk: reg 0x1c: [io  0x0376]
[    0.089938] pci 0000:00:07.0: quirk: [io  0x4000-0x403f] claimed by PIIX4 ACPI
[    0.090817] pci 0000:00:07.0: quirk: [io  0x4100-0x410f] claimed by PIIX4 SMB
[    0.095733] ACPI: PCI Interrupt Link [LNKA] (IRQs 5 9 10 *11)
[    0.096274] ACPI: PCI Interrupt Link [LNKB] (IRQs 5 9 *10 11)
[    0.097076] ACPI: PCI Interrupt Link [LNKC] (IRQs 5 *9 10 11)
[    0.097878] ACPI: PCI Interrupt Link [LNKD] (IRQs 5 9 10 *11)
[    0.098894] SCSI subsystem initialized
[    0.100023] pci 0000:00:02.0: vgaarb: setting as boot VGA device
[    0.100743] pci 0000:00:02.0: vgaarb: VGA device added: decodes=io+mem,owns=io+mem,locks=none
[    0.101737] pci 0000:00:02.0: vgaarb: bridge control possible
[    0.102405] vgaarb: loaded
[    0.102785] ACPI: bus type USB registered
[    0.103291] usbcore: registered new interface driver usbfs
[    0.104018] usbcore: registered new interface driver hub
[    0.104692] usbcore: registered new device driver usb
[    0.105365] EDAC MC: Ver: 3.0.0
[    0.105365] PCI: Using ACPI for IRQ routing
[    0.105365] NetLabel: Initializing
[    0.105365] NetLabel:  domain hash size = 128
[    0.105776] NetLabel:  protocols = UNLABELED CIPSOv4 CALIPSO
[    0.108031] NetLabel:  unlabeled traffic allowed by default
[    0.108728] clocksource: Switched to clocksource kvm-clock
[    0.118800] VFS: Disk quotas dquot_6.6.0
[    0.119331] VFS: Dquot-cache hash table entries: 512 (order 0, 4096 bytes)
[    0.120242] AppArmor: AppArmor Filesystem Enabled
[    0.120827] pnp: PnP ACPI init
[    0.121964] pnp: PnP ACPI: found 3 devices
[    0.130581] clocksource: acpi_pm: mask: 0xffffff max_cycles: 0xffffff, max_idle_ns: 2085701024 ns
[    0.131718] NET: Registered protocol family 2
[    0.133228] TCP established hash table entries: 8192 (order: 4, 65536 bytes)
[    0.134095] TCP bind hash table entries: 8192 (order: 5, 131072 bytes)
[    0.134908] TCP: Hash tables configured (established 8192 bind 8192)
[    0.135706] UDP hash table entries: 512 (order: 2, 16384 bytes)
[    0.136454] UDP-Lite hash table entries: 512 (order: 2, 16384 bytes)
[    0.137220] NET: Registered protocol family 1
[    0.137759] pci 0000:00:00.0: Limiting direct PCI/PCI transfers
[    0.138469] pci 0000:00:01.0: Activating ISA DMA hang workarounds
[    0.139208] pci 0000:00:02.0: Video device with shadowed ROM at [mem 0x000c0000-0x000dffff]
[    0.140263] Unpacking initramfs...
[    0.375413] Freeing initrd memory: 19128K
[    0.376078] clocksource: tsc: mask: 0xffffffffffffffff max_cycles: 0x256f66c8dec, max_idle_ns: 440795298823 ns
[    0.377313] platform rtc_cmos: registered platform RTC device (no PNP device found)
[    0.378246] Scanning for low memory corruption every 60 seconds
[    0.379617] Initialise system trusted keyrings
[    0.380233] Key type blacklist registered
[    0.380857] workingset: timestamp_bits=36 max_order=18 bucket_order=0
[    0.382624] zbud: loaded
[    0.383493] squashfs: version 4.0 (2009/01/31) Phillip Lougher
[    0.384471] fuse init (API version 7.26)
[    0.386907] Key type asymmetric registered
[    0.387460] Asymmetric key parser 'x509' registered
[    0.388137] Block layer SCSI generic (bsg) driver version 0.4 loaded (major 246)
[    0.389147] io scheduler noop registered
[    0.389673] io scheduler deadline registered
[    0.390228] io scheduler cfq registered (default)
[    0.391102] ACPI: AC Adapter [AC] (on-line)
[    0.391684] input: Power Button as /devices/LNXSYSTM:00/LNXPWRBN:00/input/input0
[    0.392733] ACPI: Power Button [PWRF]
[    0.393282] input: Sleep Button as /devices/LNXSYSTM:00/LNXSLPBN:00/input/input1
[    0.394178] ACPI: Sleep Button [SLPF]
[    0.394984] Serial: 8250/16550 driver, 32 ports, IRQ sharing enabled
 	
 !"#$%&'()*+,-./0123456789:;<=>?@ABCDEFGHIJKLMNOPQRSTUVWXYZ[\]^_`abcdefghijklmnopqrstuvwxyz{|}~€‚ƒ„…†‡ˆ‰Š‹ŒŽ‘’“”•–—˜™š›œžŸ ¡¢£¤¥¦§¨©ª«¬­®¯°±²³´µ¶·¸¹º»¼½¾¿ÀÁÂÃÄÅÆÇÈÉÊËÌÍÎÏÐÑÒÓÔÕÖ×ØÙÚÛÜÝÞßàáâãäåæçèéêëìíîïðñòóôõö÷øùúûüýþÿ[    0.417503] 00:02: ttyS0 at I/O 0x3f8 (irq = 4, base_baud = 115200) is a 16550A
[    0.420690] Linux agpgart interface v0.103
[    0.422546] loop: module loaded
[    0.423434] scsi host0: ata_piix
[    0.424021] scsi host1: ata_piix
[    0.424501] ata1: PATA max UDMA/33 cmd 0x1f0 ctl 0x3f6 bmdma 0xd000 irq 14
[    0.425355] ata2: PATA max UDMA/33 cmd 0x170 ctl 0x376 bmdma 0xd008 irq 15
[    0.426262] libphy: Fixed MDIO Bus: probed
[    0.426875] tun: Universal TUN/TAP device driver, 1.6
[    0.427586] PPP generic driver version 2.4.2
[    0.428224] ehci_hcd: USB 2.0 'Enhanced' Host Controller (EHCI) Driver
[    0.429025] ehci-pci: EHCI PCI platform driver
[    0.429579] ehci-platform: EHCI generic platform driver
[    0.430207] ohci_hcd: USB 1.1 'Open' Host Controller (OHCI) Driver
[    0.430946] ohci-pci: OHCI PCI platform driver
[    0.431504] ohci-platform: OHCI generic platform driver
[    0.432191] uhci_hcd: USB Universal Host Controller Interface driver
[    0.432998] i8042: PNP: PS/2 Controller [PNP0303:PS2K,PNP0f03:PS2M] at 0x60,0x64 irq 1,12
[    0.434346] serio: i8042 KBD port at 0x60,0x64 irq 1
[    0.434974] serio: i8042 AUX port at 0x60,0x64 irq 12
[    0.435739] mousedev: PS/2 mouse device common for all mice
[    0.436983] input: AT Translated Set 2 keyboard as /devices/platform/i8042/serio0/input/input2
[    0.438240] rtc_cmos rtc_cmos: rtc core: registered rtc_cmos as rtc0
[    0.439086] rtc_cmos rtc_cmos: alarms up to one day, 114 bytes nvram
[    0.439868] i2c /dev entries driver
[    0.440416] device-mapper: uevent: version 1.0.3
[    0.441141] device-mapper: ioctl: 4.37.0-ioctl (2017-09-20) initialised: dm-devel@redhat.com
[    0.442290] ledtrig-cpu: registered to indicate activity on CPUs
[    0.443358] NET: Registered protocol family 10
[    0.447226] Segment Routing with IPv6
[    0.447742] NET: Registered protocol family 17
[    0.448386] Key type dns_resolver registered
[    0.449126] RAS: Correctable Errors collector initialized.
[    0.449811] sched_clock: Marking stable (449079135, 0)->(681411595, -232332460)
[    0.451111] registered taskstats version 1
[    0.451667] Loading compiled-in X.509 certificates
[    0.454301] Loaded X.509 cert 'Build time autogenerated kernel key: 1cc14bc8298a06d551159822c55fa35abd77a621'
[    0.455544] zswap: loaded using pool lzo/zbud
[    0.462781] Key type big_key registered
[    0.463305] Key type trusted registered
[    0.465237] Key type encrypted registered
[    0.465776] AppArmor: AppArmor sha1 policy hashing enabled
[    0.466477] ima: No TPM chip found, activating TPM-bypass! (rc=-19)
[    0.467255] ima: Allocated hash algorithm: sha1
[    0.467855] evm: HMAC attrs: 0x1
[    0.468495]   Magic number: 11:389:192
[    0.469079] rtc_cmos rtc_cmos: setting system clock to 2019-07-10 19:10:00 UTC (1562785800)
[    0.470211] BIOS EDD facility v0.16 2004-Jun-25, 0 devices found
[    0.470952] EDD information not available.
[    0.586509] Freeing unused kernel image memory: 2408K
[    0.611921] Write protecting the kernel read-only data: 20480k
[    0.613546] Freeing unused kernel image memory: 2008K
[    0.614817] Freeing unused kernel image memory: 1872K
[    0.620789] x86/mm: Checked W+X mappings: passed, no W+X pages found.
[    0.621536] x86/mm: Checking user space page tables
[    0.627257] x86/mm: Checked W+X mappings: passed, no W+X pages found.
Loading, please wait...
starting version 237
[    0.702830] Fusion MPT base driver 3.04.20
[    0.703439] Copyright (c) 1999-2008 LSI Corporation
[    0.712995] e1000: Intel(R) PRO/1000 Network Driver - version 7.3.21-k8-NAPI
[    0.713920] e1000: Copyright (c) 1999-2006 Intel Corporation.
[    0.718568] AVX2 version of gcm_enc/dec engaged.
[    0.719201] AES CTR mode by8 optimization enabled
[    0.723508] Fusion MPT SPI Host driver 3.04.20
[    0.918244] input: ImExPS/2 Generic Explorer Mouse as /devices/platform/i8042/serio1/input/input4
[    1.073059] e1000 0000:00:03.0 eth0: (PCI:33MHz:32-bit) 02:26:45:5c:bc:af
[    1.073843] e1000 0000:00:03.0 eth0: Intel(R) PRO/1000 Network Connection
[    1.075517] mptbase: ioc0: Initiating bringup
[    1.076759] e1000 0000:00:03.0 enp0s3: renamed from eth0
[    2.262189] ioc0: LSI53C1030 A0: Capabilities={Initiator}
[    3.553050] scsi host2: ioc0: LSI53C1030 A0, FwRev=00000000h, Ports=1, MaxQ=256, IRQ=20
[    3.985473] scsi 2:0:0:0: Direct-Access     VBOX     HARDDISK         1.0  PQ: 0 ANSI: 5
[    4.008043] scsi target2:0:0: Beginning Domain Validation
[    4.009699] scsi target2:0:0: Domain Validation skipping write tests
[    4.010548] scsi target2:0:0: Ending Domain Validation
[    4.011288] scsi target2:0:0: asynchronous
[    4.012253] scsi 2:0:1:0: Direct-Access     VBOX     HARDDISK         1.0  PQ: 0 ANSI: 5
[    4.044026] scsi target2:0:1: Beginning Domain Validation
[    4.045628] random: fast init done
[    4.045630] scsi target2:0:1: Domain Validation skipping write tests
[    4.045631] scsi target2:0:1: Ending Domain Validation
[    4.047649] scsi target2:0:1: asynchronous
[    4.051207] random: systemd-udevd: uninitialized urandom read (16 bytes read)
[    4.051312] sd 2:0:0:0: Attached scsi generic sg0 type 0
[    4.051458] sd 2:0:1:0: Attached scsi generic sg1 type 0
[    4.053676] random: systemd-udevd: uninitialized urandom read (16 bytes read)
[    4.054636] random: systemd-udevd: uninitialized urandom read (16 bytes read)
[    4.055594] sd 2:0:0:0: [sda] 20971520 512-byte logical blocks: (10.7 GB/10.0 GiB)
[    4.056036] sd 2:0:1:0: [sdb] 20480 512-byte logical blocks: (10.5 MB/10.0 MiB)
[    4.056070] sd 2:0:1:0: [sdb] Write Protect is off
[    4.056126] sd 2:0:1:0: [sdb] Incomplete mode parameter data
[    4.056127] sd 2:0:1:0: [sdb] Assuming drive cache: write through
[    4.059882] sd 2:0:0:0: [sda] Write Protect is off
[    4.060823] sd 2:0:0:0: [sda] Incomplete mode parameter data
[    4.061312] sd 2:0:1:0: [sdb] Attached SCSI disk
[    4.062212] sd 2:0:0:0: [sda] Assuming drive cache: write through
[    4.063736]  sda: sda1
[    4.065236] sd 2:0:0:0: [sda] Attached SCSI disk
Begin: Loading essential drivers ... [    5.472005] raid6: sse2x1   gen() 10425 MB/s
[    5.520019] raid6: sse2x1   xor()  7829 MB/s
[    5.568011] raid6: sse2x2   gen() 13299 MB/s
[    5.616011] raid6: sse2x2   xor()  8678 MB/s
[    5.664010] raid6: sse2x4   gen() 15741 MB/s
[    5.712014] raid6: sse2x4   xor() 10028 MB/s
[    5.760012] raid6: avx2x1   gen() 21466 MB/s
[    5.808015] raid6: avx2x1   xor() 15061 MB/s
[    5.856011] raid6: avx2x2   gen() 24748 MB/s
[    5.904011] raid6: avx2x2   xor() 15652 MB/s
[    5.952015] raid6: avx2x4   gen() 28446 MB/s
[    6.000017] raid6: avx2x4   xor() 17716 MB/s
[    6.000573] raid6: using algorithm avx2x4 gen() 28446 MB/s
[    6.001223] raid6: .... xor() 17716 MB/s, rmw enabled
[    6.001841] raid6: using avx2x2 recovery algorithm
[    6.003556] xor: automatically using best checksumming function   avx       
[    6.005614] async_tx: api initialized (async)
done.
Begin: Running /scripts/init-premount ... done.
Begin: Mounting root file system ... Begin: Running /scripts/local-top ... done.
Begin: Running /scripts/local-premount ... [    6.045276] Btrfs loaded, crc32c=crc32c-intel
Scanning for Btrfs filesystems
done.
Warning: fsck not present, so skipping root file system
[    6.065147] EXT4-fs (sda1): mounted filesystem with ordered data mode. Opts: (null)
done.
Begin: Running /scripts/local-bottom ... done.
Begin: Running /scripts/init-bottom ... done.
[    6.185562] ip_tables: (C) 2000-2006 Netfilter Core Team
[    6.190637] systemd[1]: systemd 237 running in system mode. (+PAM +AUDIT +SELINUX +IMA +APPARMOR +SMACK +SYSVINIT +UTMP +LIBCRYPTSETUP +GCRYPT +GNUTLS +ACL +XZ +LZ4 +SECCOMP +BLKID +ELFUTILS +KMOD -IDN2 +IDN -PCRE2 default-hierarchy=hybrid)
[    6.193339] systemd[1]: Detected virtualization oracle.
[    6.194033] systemd[1]: Detected architecture x86-64.

Welcome to [1mUbuntu 18.04.2 LTS[0m!

[    6.199102] systemd[1]: Set hostname to <ubuntu>.
[    6.201256] systemd[1]: Initializing machine ID from random generator.
[    6.202151] systemd[1]: Installed transient /etc/machine-id file.
[    6.360676] systemd[1]: Reached target System Time Synchronized.
[[0;32m  OK  [0m] Reached target System Time Synchronized.
[    6.362411] systemd[1]: Reached target Swap.
[[0;32m  OK  [0m] Reached target Swap.
[    6.364851] systemd[1]: Created slice System Slice.
[[0;32m  OK  [0m] Created slice System Slice.
[    6.365977] systemd[1]: Listening on udev Kernel Socket.
[[0;32m  OK  [0m] Listening on udev Kernel Socket.
[[0;32m  OK  [0m] Listening on LVM2 metadata daemon socket.
[[0;32m  OK  [0m] Listening on Journal Socket (/dev/log).
[[0;32m  OK  [0m] Listening on Syslog Socket.
[[0;32m  OK  [0m] Set up automount Arbitrary Executabâ€¦rmats File System Automount Point.
[[0;32m  OK  [0m] Listening on LVM2 poll daemon socket.
[[0;32m  OK  [0m] Listening on Journal Audit Socket.
[[0;32m  OK  [0m] Created slice User and Session Slice.
[[0;32m  OK  [0m] Listening on Journal Socket.
         Starting Uncomplicated firewall...
         Mounting Kernel Debug File System...
         Starting Load Kernel Modules...
         Starting Remount Root and Kernel File Systems...
         Starting Journal Service...
         Starting Set the console keyboard layout...
         Mounting POSIX Message Queue File System...
[[0;32m  OK  [0m] Listening on Device-mapper event daemon FIFOs.
         Starting Monitoring of LVM2 mirrorsâ€¦ng dmeventd or progress polling...
[[0;32m  OK  [0m] Reached target User and Group Name Lookups.
[[0;32m  OK  [0m] Listening on Network Service Netlink Socket.
[[0;32m  OK  [0m] Reached target Slices.
[[0;32m  OK  [0m] Listening on udev Control Socket.
[[0;32m  OK  [0m] Created slice system-serial\x2dgetty.slice.
[[0;32m  OK  [0m] Listening on /dev/initctl Compatibility Named Pipe.
         Mounting Huge Pages File System...
[[0;32m  OK  [0m] Started Forward Password Requests to Wall Directory Watch.
         Starting udev Coldplug all Devices...
         Starting Create list of required stâ€¦ce nodes for the current kernel...
[[0;32m  OK  [0m] Started Uncomplicated firewall.
[    6.402758] Loading iSCSI transport class v2.0-870.
[    6.407556] iscsi: registered transport (tcp)
[    6.419773] iscsi: registered transport (iser)
[[0;32m  OK  [0m] Started Load Kernel Modules.
         Mounting Kernel Configuration File System...
         Starting Apply Kernel Variables...
         Mounting FUSE Control File System...
[[0;32m  OK  [0m] Mounted Kernel Debug File System.
[[0;32m  OK  [0m] Mounted POSIX Message Queue File System.
[[0;32m  OK  [0m] Mounted Huge Pages File System.
[[0;32m  OK  [0m] Mounted Kernel Configuration File System.
[[0;32m  OK  [0m] Mounted FUSE Control File System.
[[0;32m  OK  [0m] Started LVM2 metadata daemon.
[[0;32m  OK  [0m] Started Create list of required staâ€¦vice nodes for the current kernel.
         Starting Create Static Device Nodes in /dev...
[[0;32m  OK  [0m] Started Journal Service.
[[0;32m  OK  [0m] Started udev Coldplug all Devices.
[[0;32m  OK  [0m] Started Remount Root and Kernel File Systems.
         Starting Flush Journal to Persistent Storage...
         Starting Load/Save Random Seed...
[[0;32m  OK  [0m] Started Apply Kernel Variables.
[[0;32m  OK  [0m] Started Create Static Device Nodes in /dev.
         Starting udev Kernel Device Manager...
[[0;32m  OK  [0m] Started Monitoring of LVM2 mirrors,â€¦sing dmeventd or progress polling.
[[0;32m  OK  [0m] Started Load/Save Random Seed.
[[0;32m  OK  [0m] Started udev Kernel Device Manager.
[[0;32m  OK  [0m] Started Flush Journal to Persistent Storage.
[[0;32m  OK  [0m] Started Set the console keyboard layout.
[[0;32m  OK  [0m] Started Dispatch Password Requests to Console Directory Watch.
[[0;32m  OK  [0m] Reached target Local Encrypted Volumes.
[[0;32m  OK  [0m] Reached target Local File Systems (Pre).
[[0;32m  OK  [0m] Reached target Local File Systems.
         Starting Tell Plymouth To Write Out Runtime Data...
         Starting ebtables ruleset management...
         Starting Set console font and keymap...
         Starting Create Volatile Files and Directories...
         Starting AppArmor initialization...
         Starting Commit a transient machine-id on disk...
[[0;32m  OK  [0m] Started Set console font and keymap.
[[0;32m  OK  [0m] Started Tell Plymouth To Write Out Runtime Data.
[[0;32m  OK  [0m] Started Create Volatile Files and Directories.
         Starting Update UTMP about System Boot/Shutdown...
[[0;32m  OK  [0m] Started Update UTMP about System Boot/Shutdown.
[[0;32m  OK  [0m] Started Commit a transient machine-id on disk.
[[0;32m  OK  [0m] Started ebtables ruleset management.
[[0;32m  OK  [0m] Found device /dev/ttyS0.
[[0;32m  OK  [0m] Listening on Load/Save RF Kill Switch Status /dev/rfkill Watch.
[[0;32m  OK  [0m] Started AppArmor initialization.
         Starting Initial cloud-init job (pre-networking)...
[    8.235334] cloud-init[534]: Cloud-init v. 19.1-1-gbaa47854-0ubuntu1~18.04.1 running 'init-local' at Wed, 10 Jul 2019 19:10:07 +0000. Up 7.93 seconds.
[[0;32m  OK  [0m] Started Initial cloud-init job (pre-networking).
[[0;32m  OK  [0m] Reached target Network (Pre).
         Starting Network Service...
[[0;32m  OK  [0m] Started Network Service.
         Starting Network Name Resolution...
         Starting Wait for Network to be Configured...
[[0;32m  OK  [0m] Started Network Name Resolution.
[[0;32m  OK  [0m] Reached target Network.
[[0;32m  OK  [0m] Reached target Host and Network Name Lookups.
[[0;32m  OK  [0m] Started Wait for Network to be Configured.
         Starting Initial cloud-init job (metadata service crawler)...
[   10.162899] cloud-init[639]: Cloud-init v. 19.1-1-gbaa47854-0ubuntu1~18.04.1 running 'init' at Wed, 10 Jul 2019 19:10:10 +0000. Up 10.05 seconds.
[   10.164056] cloud-init[639]: ci-info: ++++++++++++++++++++++++++++++++++++++Net device info++++++++++++++++++++++++++++++++++++++
[   10.165209] cloud-init[639]: ci-info: +--------+------+----------------------------+---------------+--------+-------------------+
[   10.166394] cloud-init[639]: ci-info: | Device |  Up  |          Address           |      Mask     | Scope  |     Hw-Address    |
[   10.167490] cloud-init[639]: ci-info: +--------+------+----------------------------+---------------+--------+-------------------+
[   10.168751] cloud-init[639]: ci-info: | enp0s3 | True |         10.0.2.15          | 255.255.255.0 | global | 02:26:45:5c:bc:af |
[   10.169899] cloud-init[639]: ci-info: | enp0s3 | True | fe80::26:45ff:fe5c:bcaf/64 |       .       |  link  | 02:26:45:5c:bc:af |
[   10.170940] cloud-init[639]: ci-info: |   lo   | True |         127.0.0.1          |   255.0.0.0   |  host  |         .         |
[   10.172103] cloud-init[639]: ci-info: |   lo   | True |          ::1/128           |       .       |  host  |         .         |
[   10.173227] cloud-init[639]: ci-info: +--------+------+----------------------------+---------------+--------+-------------------+
[   10.174397] cloud-init[639]: ci-info: ++++++++++++++++++++++++++++Route IPv4 info+++++++++++++++++++++++++++++
[   10.175403] cloud-init[639]: ci-info: +-------+-------------+----------+-----------------+-----------+-------+
[   10.176428] cloud-init[639]: ci-info: | Route | Destination | Gateway  |     Genmask     | Interface | Flags |
[   10.177437] cloud-init[639]: ci-info: +-------+-------------+----------+-----------------+-----------+-------+
[   10.178389] cloud-init[639]: ci-info: |   0   |   0.0.0.0   | 10.0.2.2 |     0.0.0.0     |   enp0s3  |   UG  |
[   10.179337] cloud-init[639]: ci-info: |   1   |   10.0.2.0  | 0.0.0.0  |  255.255.255.0  |   enp0s3  |   U   |
[   10.180453] cloud-init[639]: ci-info: |   2   |   10.0.2.2  | 0.0.0.0  | 255.255.255.255 |   enp0s3  |   UH  |
[   10.181415] cloud-init[639]: ci-info: +-------+-------------+----------+-----------------+-----------+-------+
[   10.182471] cloud-init[639]: ci-info: +++++++++++++++++++Route IPv6 info+++++++++++++++++++
[   10.183298] cloud-init[639]: ci-info: +-------+-------------+---------+-----------+-------+
[   10.184169] cloud-init[639]: ci-info: | Route | Destination | Gateway | Interface | Flags |
[   10.185069] cloud-init[639]: ci-info: +-------+-------------+---------+-----------+-------+
[   10.186016] cloud-init[639]: ci-info: |   1   |  fe80::/64  |    ::   |   enp0s3  |   U   |
[   10.186921] cloud-init[639]: ci-info: |   3   |    local    |    ::   |   enp0s3  |   U   |
[   10.187965] cloud-init[639]: ci-info: |   4   |   ff00::/8  |    ::   |   enp0s3  |   U   |
[   10.188871] cloud-init[639]: ci-info: +-------+-------------+---------+-----------+-------+
[   10.883037] cloud-init[639]: Generating public/private rsa key pair.
[   10.883724] cloud-init[639]: Your identification has been saved in /etc/ssh/ssh_host_rsa_key.
[   10.884777] cloud-init[639]: Your public key has been saved in /etc/ssh/ssh_host_rsa_key.pub.
[   10.885797] cloud-init[639]: The key fingerprint is:
[   10.886397] cloud-init[639]: SHA256:HcsE58egiPrHpIFxkoE2yoXV7Qm+oFyHmOcp539c5VM root@ubuntu-bionic
[   10.887518] cloud-init[639]: The key's randomart image is:
[   10.888245] cloud-init[639]: +---[RSA 2048]----+
[   10.888788] cloud-init[639]: | .+.. . . o      |
[   10.889399] cloud-init[639]: |.+ + + o = o     |
[   10.889961] cloud-init[639]: |+ O = + o + o    |
[   10.890539] cloud-init[639]: |.+ @ o o + = E   |
[   10.891157] cloud-init[639]: |. B = o S * .    |
[   10.891738] cloud-init[639]: | + = *   . o     |
[   10.892350] cloud-init[639]: |  + o + .   .    |
[   10.892921] cloud-init[639]: |   . . o         |
[   10.893473] cloud-init[639]: |    ...          |
[   10.894071] cloud-init[639]: +----[SHA256]-----+
[   10.894650] cloud-init[639]: Generating public/private dsa key pair.
[   10.895319] cloud-init[639]: Your identification has been saved in /etc/ssh/ssh_host_dsa_key.
[   10.896298] cloud-init[639]: Your public key has been saved in /etc/ssh/ssh_host_dsa_key.pub.
[   10.897299] cloud-init[639]: The key fingerprint is:
[   10.897882] cloud-init[639]: SHA256:3fVyqf1T4Ab2HUSxi0NNhk/TNjcOurwbEwbgibNPASc root@ubuntu-bionic
[   10.898881] cloud-init[639]: The key's randomart image is:
[   10.899539] cloud-init[639]: +---[DSA 1024]----+
[   10.900132] cloud-init[639]: |     E o      o=o|
[   10.900684] cloud-init[639]: |      * o    o+*=|
[   10.901249] cloud-init[639]: |     o + .  ..B+=|
[   10.901805] cloud-init[639]: |      o ...o+.o=o|
[   10.902383] cloud-init[639]: |     . .S o+o*.=+|
[   10.902986] cloud-init[639]: |      o   .o. Boo|
[   10.903551] cloud-init[639]: |       .   o.o ..|
[   10.904084] cloud-init[639]: |           .o  ..|
[   10.904682] cloud-init[639]: |           ..   o|
[   10.905263] cloud-init[639]: +----[SHA256]-----+
[   10.905838] cloud-init[639]: Generating public/private ecdsa key pair.
[   10.906589] cloud-init[639]: Your identification has been saved in /etc/ssh/ssh_host_ecdsa_key.
[   10.907642] cloud-init[639]: Your public key has been saved in /etc/ssh/ssh_host_ecdsa_key.pub.
[   10.908599] cloud-init[639]: The key fingerprint is:
[   10.909234] cloud-init[639]: SHA256:cHec5ArS4RPcl4nSUCiqHIZhKbxcjhDVFmtPuxxJz2c root@ubuntu-bionic
[   10.910264] cloud-init[639]: The key's randomart image is:
[   10.910929] cloud-init[639]: +---[ECDSA 256]---+
[   10.911482] cloud-init[639]: |ooo... .+*...o   |
[   10.912091] cloud-init[639]: |++ .o..o+o+++.   |
[   10.912642] cloud-init[639]: |=o=.o.=.*...=    |
[   10.913183] cloud-init[639]: |.+oo.+ O + o     |
[   10.913751] cloud-init[639]: | o o  = S E      |
[   10.914298] cloud-init[639]: |  o  . o o       |
[   10.914883] cloud-init[639]: |      o          |
[   10.915449] cloud-init[639]: |                 |
[   10.916017] cloud-init[639]: |                 |
[   10.916580] cloud-init[639]: +----[SHA256]-----+
[   10.917130] cloud-init[639]: Generating public/private ed25519 key pair.
[   10.917928] cloud-init[639]: Your identification has been saved in /etc/ssh/ssh_host_ed25519_key.
[   10.918992] cloud-init[639]: Your public key has been saved in /etc/ssh/ssh_host_ed25519_key.pub.
[   10.919969] cloud-init[639]: The key fingerprint is:
[   10.920580] cloud-init[639]: SHA256:677mhNayWj9gRy5Ll2xDug2fJ4vqArYnC58vnIQxiFU root@ubuntu-bionic
[   10.921547] cloud-init[639]: The key's randomart image is:
[   10.922218] cloud-init[639]: +--[ED25519 256]--+
[   10.922796] cloud-init[639]: |   .E            |
[   10.923370] cloud-init[639]: |  .              |
[   10.923883] cloud-init[639]: |o.               |
[   10.924449] cloud-init[639]: |=       o        |
[   10.924956] cloud-init[639]: | +     *S.       |
[   10.925487] cloud-init[639]: |o..   BoO.       |
[   10.926002] cloud-init[639]: |o+.. o=%+o       |
[   10.926577] cloud-init[639]: |.+=o ooBB .      |
[   10.927118] cloud-init[639]: | .*==oo+B*       |
[   10.927674] cloud-init[639]: +----[SHA256]-----+
[[0;32m  OK  [0m] Started Initial cloud-init job (metadata service crawler).
[[0;32m  OK  [0m] Reached target Network is Online.
         Starting Availability of block devices...
[[0;32m  OK  [0m] Reached target Remote File Systems (Pre).
[[0;32m  OK  [0m] Reached target Remote File Systems.
[[0;32m  OK  [0m] Reached target Cloud-config availability.
[[0;32m  OK  [0m] Reached target System Initialization.
[[0;32m  OK  [0m] Started Message of the Day.
[[0;32m  OK  [0m] Started Daily Cleanup of Temporary Directories.
[[0;32m  OK  [0m] Listening on UUID daemon activation socket.
[[0;32m  OK  [0m] Started Discard unused blocks once a week.
[[0;32m  OK  [0m] Started Daily apt download activities.
[[0;32m  OK  [0m] Started Daily apt upgrade and clean activities.
[[0;32m  OK  [0m] Reached target Timers.
         Starting LXD - unix socket.
[[0;32m  OK  [0m] Listening on D-Bus System Message Bus Socket.
[[0;32m  OK  [0m] Listening on Open-iSCSI iscsid Socket.
[[0;32m  OK  [0m] Listening on ACPID Listen Socket.
[[0;32m  OK  [0m] Started ACPI Events Check.
[[0;32m  OK  [0m] Reached target Paths.
         Starting Socket activation for snappy daemon.
[[0;32m  OK  [0m] Started Availability of block devices.
[[0;32m  OK  [0m] Listening on LXD - unix socket.
[[0;32m  OK  [0m] Listening on Socket activation for snappy daemon.
[[0;32m  OK  [0m] Reached target Sockets.
[[0;32m  OK  [0m] Reached target Basic System.
         Starting LSB: automatic crash report generation...
         Starting Virtualbox guest utils...
         Starting System Logging Service...
[[0;32m  OK  [0m] Started FUSE filesystem for LXC.
[[0;32m  OK  [0m] Started Regular background program processing daemon.
[[0;32m  OK  [0m] Started D-Bus System Message Bus.
         Starting LXD - container startup/shutdown...
         Starting Accounts Service...
[[0;32m  OK  [0m] Started Deferred execution scheduler.
         Starting Pollinate to seed the pseudo random number generator...
         Starting Login Service...
         Starting Permit User Sessions...
         Starting LSB: Record successful boot for GRUB...
[[0;32m  OK  [0m] Started irqbalance daemon.
         Starting Snappy daemon...
         Starting Dispatcher daemon for systemd-networkd...
[[0;32m  OK  [0m] Started System Logging Service.
[[0;32m  OK  [0m] Started LXD - container startup/shutdown.
[[0;32m  OK  [0m] Started Permit User Sessions.
         Starting Hold until boot process finishes up...
         Starting Terminate Plymouth Boot Screen...
[[0;32m  OK  [0m] Started Login Service.
[[0;32m  OK  [0m] Started Unattended Upgrades Shutdown.
[[0;32m  OK  [0m] Started Hold until boot process finishes up.
         Starting Set console scheme...
[[0;32m  OK  [0m] Started Serial Getty on ttyS0.
[[0;32m  OK  [0m] Started Terminate Plymouth Boot Screen.
[[0;32m  OK  [0m] Started Set console scheme.
[[0;32m  OK  [0m] Created slice system-getty.slice.
[[0;32m  OK  [0m] Started Getty on tty1.
[[0;32m  OK  [0m] Reached target Login Prompts.
         Starting Authorization Manager...
[[0;32m  OK  [0m] Started LSB: automatic crash report generation.
[[0;32m  OK  [0m] Started LSB: Record successful boot for GRUB.
[[0;32m  OK  [0m] Started Authorization Manager.
[[0;32m  OK  [0m] Started Accounts Service.
[[0;32m  OK  [0m] Started Virtualbox guest utils.
[[0;32m  OK  [0m] Started Dispatcher daemon for systemd-networkd.
[[0;32m  OK  [0m] Started Snappy daemon.
         Starting Wait until snapd is fully seeded...

Ubuntu 18.04.2 LTS ubuntu-bionic ttyS0

ubuntu-bionic login: [   44.767954] cloud-init[1256]: Cloud-init v. 19.1-1-gbaa47854-0ubuntu1~18.04.1 running 'modules:config' at Wed, 10 Jul 2019 19:10:44 +0000. Up 44.43 seconds.
ci-info: no authorized ssh keys fingerprints found for user ubuntu.
<14>Jul 10 19:10:45 ec2: 
<14>Jul 10 19:10:45 ec2: #############################################################
<14>Jul 10 19:10:45 ec2: -----BEGIN SSH HOST KEY FINGERPRINTS-----
<14>Jul 10 19:10:45 ec2: 1024 SHA256:3fVyqf1T4Ab2HUSxi0NNhk/TNjcOurwbEwbgibNPASc root@ubuntu-bionic (DSA)
<14>Jul 10 19:10:45 ec2: 256 SHA256:cHec5ArS4RPcl4nSUCiqHIZhKbxcjhDVFmtPuxxJz2c root@ubuntu-bionic (ECDSA)
<14>Jul 10 19:10:45 ec2: 256 SHA256:677mhNayWj9gRy5Ll2xDug2fJ4vqArYnC58vnIQxiFU root@ubuntu-bionic (ED25519)
<14>Jul 10 19:10:45 ec2: 2048 SHA256:HcsE58egiPrHpIFxkoE2yoXV7Qm+oFyHmOcp539c5VM root@ubuntu-bionic (RSA)
<14>Jul 10 19:10:45 ec2: -----END SSH HOST KEY FINGERPRINTS-----
<14>Jul 10 19:10:45 ec2: #############################################################
-----BEGIN SSH HOST KEY KEYS-----
ecdsa-sha2-nistp256 AAAAE2VjZHNhLXNoYTItbmlzdHAyNTYAAAAIbmlzdHAyNTYAAABBBH4/dz7biYlFmNEduc10zPaCB45601GpTERzgayiDjjNa/e5dXbWURtKAq9ZWBSh5CDq4yd9UNMvv+a+ChmBaxs= root@ubuntu-bionic
ssh-ed25519 AAAAC3NzaC1lZDI1NTE5AAAAIP4cIyFRVeh73SPq9gnBOk9TQdwscopcJ7IMj789cevb root@ubuntu-bionic
ssh-rsa AAAAB3NzaC1yc2EAAAADAQABAAABAQCnOyqIwBCv7jkfeNaugaOB7RW5V00teqM2JsJASXnwFs/99Q5TDWaavmWDLnAwo7of+Oy8lSKxDPGTZ/0YgEtQTtn+FVafvPI8Em2qj9RiCO/ZiuS+80+WGnQfeYs9RECd/vJPIg1SADtJcMSlLQRn65vCYcP6RtZSTZlIkEM+GlNgDV1fdm+peGs0MO7xoFAf4c08yQuQFQUxBJ21F3Hl9+jGfLFEiFNKglAQmdudka5Eet3vA/KVAR3qetDn+8YCmbxZykZRMfREqMKSAWeGiJQKZDCAMi0zu0I0wNrzOGp20dHMsDiH2UKLIk2qnT9Jp2SPRfN75/RJeNc3lhLl root@ubuntu-bionic
-----END SSH HOST KEY KEYS-----
[   45.263437] cloud-init[1310]: Cloud-init v. 19.1-1-gbaa47854-0ubuntu1~18.04.1 running 'modules:final' at Wed, 10 Jul 2019 19:10:45 +0000. Up 45.12 seconds.
[   45.263539] cloud-init[1310]: ci-info: no authorized ssh keys fingerprints found for user ubuntu.
[   45.263598] cloud-init[1310]: Cloud-init v. 19.1-1-gbaa47854-0ubuntu1~18.04.1 finished at Wed, 10 Jul 2019 19:10:45 +0000. Datasource DataSourceNoCloud [seed=/dev/sdb][dsmode=net].  Up 45.25 seconds
