[    0.000000] Linux version 4.15.0-88-generic (buildd@lgw01-amd64-036) (gcc version 7.4.0 (Ubuntu 7.4.0-1ubuntu1~18.04.1)) #88-Ubuntu SMP Tue Feb 11 20:11:34 UTC 2020 (Ubuntu 4.15.0-88.88-generic 4.15.18)
[    0.000000] Command line: BOOT_IMAGE=/boot/vmlinuz-4.15.0-88-generic root=LABEL=cloudimg-rootfs ro console=tty1 console=ttyS0
[    0.000000] KERNEL supported cpus:
[    0.000000]   Intel GenuineIntel
[    0.000000]   AMD AuthenticAMD
[    0.000000]   Centaur CentaurHauls
[    0.000000] x86/fpu: Supporting XSAVE feature 0x001: 'x87 floating point registers'
[    0.000000] x86/fpu: Supporting XSAVE feature 0x002: 'SSE registers'
[    0.000000] x86/fpu: Supporting XSAVE feature 0x004: 'AVX registers'
[    0.000000] x86/fpu: xstate_offset[2]:  576, xstate_sizes[2]:  256
[    0.000000] x86/fpu: Enabled xstate features 0x7, context size is 832 bytes, using 'standard' format.
[    0.000000] e820: BIOS-provided physical RAM map:
[    0.000000] BIOS-e820: [mem 0x0000000000000000-0x000000000009fbff] usable
[    0.000000] BIOS-e820: [mem 0x000000000009fc00-0x000000000009ffff] reserved
[    0.000000] BIOS-e820: [mem 0x00000000000f0000-0x00000000000fffff] reserved
[    0.000000] BIOS-e820: [mem 0x0000000000100000-0x000000003ffeffff] usable
[    0.000000] BIOS-e820: [mem 0x000000003fff0000-0x000000003fffffff] ACPI data
[    0.000000] BIOS-e820: [mem 0x00000000fec00000-0x00000000fec00fff] reserved
[    0.000000] BIOS-e820: [mem 0x00000000fee00000-0x00000000fee00fff] reserved
[    0.000000] BIOS-e820: [mem 0x00000000fffc0000-0x00000000ffffffff] reserved
[    0.000000] NX (Execute Disable) protection: active
[    0.000000] SMBIOS 2.5 present.
[    0.000000] DMI: innotek GmbH VirtualBox/VirtualBox, BIOS VirtualBox 12/01/2006
[    0.000000] Hypervisor detected: KVM
[    0.000000] e820: last_pfn = 0x3fff0 max_arch_pfn = 0x400000000
[    0.000000] MTRR: Disabled
[    0.000000] x86/PAT: MTRRs disabled, skipping PAT initialization too.
[    0.000000] CPU MTRRs all blank - virtualized system.
[    0.000000] x86/PAT: Configuration [0-7]: WB  WT  UC- UC  WB  WT  UC- UC  
[    0.000000] found SMP MP-table at [mem 0x0009fff0-0x0009ffff]
[    0.000000] Scanning 1 areas for low memory corruption
[    0.000000] RAMDISK: [mem 0x35a6d000-0x36d2dfff]
[    0.000000] ACPI: Early table checksum verification disabled
[    0.000000] ACPI: RSDP 0x00000000000E0000 000024 (v02 VBOX  )
[    0.000000] ACPI: XSDT 0x000000003FFF0030 00003C (v01 VBOX   VBOXXSDT 00000001 ASL  00000061)
[    0.000000] ACPI: FACP 0x000000003FFF00F0 0000F4 (v04 VBOX   VBOXFACP 00000001 ASL  00000061)
[    0.000000] ACPI: DSDT 0x000000003FFF0470 002325 (v02 VBOX   VBOXBIOS 00000002 INTL 20180105)
[    0.000000] ACPI: FACS 0x000000003FFF0200 000040
[    0.000000] ACPI: FACS 0x000000003FFF0200 000040
[    0.000000] ACPI: APIC 0x000000003FFF0240 00005C (v02 VBOX   VBOXAPIC 00000001 ASL  00000061)
[    0.000000] ACPI: SSDT 0x000000003FFF02A0 0001CC (v01 VBOX   VBOXCPUT 00000002 INTL 20180105)
[    0.000000] No NUMA configuration found
[    0.000000] Faking a node at [mem 0x0000000000000000-0x000000003ffeffff]
[    0.000000] NODE_DATA(0) allocated [mem 0x3ffc5000-0x3ffeffff]
[    0.000000] kvm-clock: cpu 0, msr 0:3ff44001, primary cpu clock
[    0.000000] kvm-clock: Using msrs 4b564d01 and 4b564d00
[    0.000000] kvm-clock: using sched offset of 3672743431 cycles
[    0.000000] clocksource: kvm-clock: mask: 0xffffffffffffffff max_cycles: 0x1cd42e4dffb, max_idle_ns: 881590591483 ns
[    0.000000] Zone ranges:
[    0.000000]   DMA      [mem 0x0000000000001000-0x0000000000ffffff]
[    0.000000]   DMA32    [mem 0x0000000001000000-0x000000003ffeffff]
[    0.000000]   Normal   empty
[    0.000000]   Device   empty
[    0.000000] Movable zone start for each node
[    0.000000] Early memory node ranges
[    0.000000]   node   0: [mem 0x0000000000001000-0x000000000009efff]
[    0.000000]   node   0: [mem 0x0000000000100000-0x000000003ffeffff]
[    0.000000] Reserved but unavailable: 98 pages
[    0.000000] Initmem setup node 0 [mem 0x0000000000001000-0x000000003ffeffff]
[    0.000000] ACPI: PM-Timer IO Port: 0x4008
[    0.000000] IOAPIC[0]: apic_id 2, version 32, address 0xfec00000, GSI 0-23
[    0.000000] ACPI: INT_SRC_OVR (bus 0 bus_irq 0 global_irq 2 dfl dfl)
[    0.000000] ACPI: INT_SRC_OVR (bus 0 bus_irq 9 global_irq 9 low level)
[    0.000000] Using ACPI (MADT) for SMP configuration information
[    0.000000] smpboot: Allowing 2 CPUs, 0 hotplug CPUs
[    0.000000] PM: Registered nosave memory: [mem 0x00000000-0x00000fff]
[    0.000000] PM: Registered nosave memory: [mem 0x0009f000-0x0009ffff]
[    0.000000] PM: Registered nosave memory: [mem 0x000a0000-0x000effff]
[    0.000000] PM: Registered nosave memory: [mem 0x000f0000-0x000fffff]
[    0.000000] e820: [mem 0x40000000-0xfebfffff] available for PCI devices
[    0.000000] Booting paravirtualized kernel on KVM
[    0.000000] clocksource: refined-jiffies: mask: 0xffffffff max_cycles: 0xffffffff, max_idle_ns: 7645519600211568 ns
[    0.000000] random: get_random_bytes called from start_kernel+0x99/0x4fd with crng_init=0
[    0.000000] setup_percpu: NR_CPUS:8192 nr_cpumask_bits:2 nr_cpu_ids:2 nr_node_ids:1
[    0.000000] percpu: Embedded 45 pages/cpu s147456 r8192 d28672 u1048576
[    0.000000] PV qspinlock hash table entries: 256 (order: 0, 4096 bytes)
[    0.000000] Built 1 zonelists, mobility grouping on.  Total pages: 257913
[    0.000000] Policy zone: DMA32
[    0.000000] Kernel command line: BOOT_IMAGE=/boot/vmlinuz-4.15.0-88-generic root=LABEL=cloudimg-rootfs ro console=tty1 console=ttyS0
[    0.000000] Memory: 983068K/1048120K available (12300K kernel code, 2481K rwdata, 4264K rodata, 2428K init, 2712K bss, 65052K reserved, 0K cma-reserved)
[    0.000000] SLUB: HWalign=64, Order=0-3, MinObjects=0, CPUs=2, Nodes=1
[    0.000000] Kernel/User page tables isolation: enabled
[    0.000000] ftrace: allocating 39344 entries in 154 pages
[    0.004000] Hierarchical RCU implementation.
[    0.004000] 	RCU restricting CPUs from NR_CPUS=8192 to nr_cpu_ids=2.
[    0.004000] 	Tasks RCU enabled.
[    0.004000] RCU: Adjusting geometry for rcu_fanout_leaf=16, nr_cpu_ids=2
[    0.004000] NR_IRQS: 524544, nr_irqs: 440, preallocated irqs: 16
[    0.004000] Console: colour VGA+ 80x25
[    0.004000] console [tty1] enabled
[    0.004000] console [ttyS0] enabled
[    0.004000] ACPI: Core revision 20170831
[    0.004000] ACPI: 2 ACPI AML tables successfully acquired and loaded
[    0.004000] APIC: Switch to symmetric I/O mode setup
[    0.004000] x2apic enabled
[    0.004000] Switched APIC routing to physical x2apic.
[    0.004000] ..TIMER: vector=0x30 apic1=0 pin1=2 apic2=-1 pin2=-1
[    0.004000] tsc: Detected 2596.992 MHz processor
[    0.004010] Calibrating delay loop (skipped) preset value.. 5193.98 BogoMIPS (lpj=10387968)
[    0.005169] pid_max: default: 32768 minimum: 301
[    0.005900] Security Framework initialized
[    0.006620] Yama: becoming mindful.
[    0.007177] AppArmor: AppArmor initialized
[    0.008804] Dentry cache hash table entries: 131072 (order: 8, 1048576 bytes)
[    0.009769] Inode-cache hash table entries: 65536 (order: 7, 524288 bytes)
[    0.010711] Mount-cache hash table entries: 2048 (order: 2, 16384 bytes)
[    0.012005] Mountpoint-cache hash table entries: 2048 (order: 2, 16384 bytes)
[    0.013242] Last level iTLB entries: 4KB 1024, 2MB 1024, 4MB 1024
[    0.014184] Last level dTLB entries: 4KB 1024, 2MB 1024, 4MB 1024, 1GB 4
[    0.015103] Spectre V1 : Mitigation: usercopy/swapgs barriers and __user pointer sanitization
[    0.016002] Spectre V2 : Mitigation: Full generic retpoline
[    0.016728] Spectre V2 : Spectre v2 / SpectreRSB mitigation: Filling RSB on context switch
[    0.017841] Speculative Store Bypass: Vulnerable
[    0.018519] MDS: Mitigation: Clear CPU buffers
[    0.020158] Freeing SMP alternatives memory: 36K
[    0.130155] smpboot: CPU0: Intel(R) Xeon(R) CPU E5-2640 v3 @ 2.60GHz (family: 0x6, model: 0x3f, stepping: 0x2)
[    0.131567] Performance Events: unsupported p6 CPU model 63 no PMU driver, software events only.
[    0.132000] Hierarchical SRCU implementation.
[    0.132000] NMI watchdog: Perf event create on CPU 0 failed with -2
[    0.132002] NMI watchdog: Perf NMI watchdog permanently disabled
[    0.132887] smp: Bringing up secondary CPUs ...
[    0.133610] x86: Booting SMP configuration:
[    0.134216] .... node  #0, CPUs:      #1
[    0.004000] kvm-clock: cpu 1, msr 0:3ff44041, secondary cpu clock
[    0.140061] smp: Brought up 1 node, 2 CPUs
[    0.140633] smpboot: Max logical packages: 1
[    0.141255] smpboot: Total of 2 processors activated (10387.96 BogoMIPS)
[    0.142235] devtmpfs: initialized
[    0.142235] x86/mm: Memory block size: 128MB
[    0.142235] evm: security.selinux
[    0.144015] evm: security.SMACK64
[    0.144520] evm: security.SMACK64EXEC
[    0.145048] evm: security.SMACK64TRANSMUTE
[    0.145612] evm: security.SMACK64MMAP
[    0.146122] evm: security.apparmor
[    0.146599] evm: security.ima
[    0.147023] evm: security.capability
[    0.148031] clocksource: jiffies: mask: 0xffffffff max_cycles: 0xffffffff, max_idle_ns: 7645041785100000 ns
[    0.149366] futex hash table entries: 512 (order: 3, 32768 bytes)
[    0.150916] pinctrl core: initialized pinctrl subsystem
[    0.151743] RTC time: 21:59:17, date: 02/27/20
[    0.152188] NET: Registered protocol family 16
[    0.152852] audit: initializing netlink subsys (disabled)
[    0.153557] audit: type=2000 audit(1582840763.087:1): state=initialized audit_enabled=0 res=1
[    0.156033] cpuidle: using governor ladder
[    0.156583] cpuidle: using governor menu
[    0.157137] ACPI: bus type PCI registered
[    0.157670] acpiphp: ACPI Hot Plug PCI Controller Driver version: 0.5
[    0.158548] PCI: Using configuration type 1 for base access
[    0.160861] HugeTLB registered 2.00 MiB page size, pre-allocated 0 pages
[    0.160932] ACPI: Added _OSI(Module Device)
[    0.160932] ACPI: Added _OSI(Processor Device)
[    0.164007] ACPI: Added _OSI(3.0 _SCP Extensions)
[    0.164661] ACPI: Added _OSI(Processor Aggregator Device)
[    0.165386] ACPI: Added _OSI(Linux-Dell-Video)
[    0.166006] ACPI: Added _OSI(Linux-Lenovo-NV-HDMI-Audio)
[    0.166728] ACPI: Added _OSI(Linux-HPI-Hybrid-Graphics)
[    0.167652] ACPI: Executed 1 blocks of module-level executable AML code
[    0.170815] ACPI: Interpreter enabled
[    0.172015] ACPI: (supports S0 S5)
[    0.172525] ACPI: Using IOAPIC for interrupt routing
[    0.173392] PCI: Using host bridge windows from ACPI; if necessary, use "pci=nocrs" and report a bug
[    0.174711] ACPI: Enabled 2 GPEs in block 00 to 07
[    0.180533] ACPI: PCI Root Bridge [PCI0] (domain 0000 [bus 00-ff])
[    0.181393] acpi PNP0A03:00: _OSC: OS supports [ASPM ClockPM Segments MSI]
[    0.182672] acpi PNP0A03:00: _OSC: not requesting OS control; OS requires [ExtendedConfig ASPM ClockPM MSI]
[    0.184015] acpi PNP0A03:00: fail to add MMCONFIG information, can't access extended PCI configuration space under this bridge.
[    0.185835] PCI host bridge to bus 0000:00
[    0.186791] pci_bus 0000:00: root bus resource [io  0x0000-0x0cf7 window]
[    0.187741] pci_bus 0000:00: root bus resource [io  0x0d00-0xffff window]
[    0.188003] pci_bus 0000:00: root bus resource [mem 0x000a0000-0x000bffff window]
[    0.189017] pci_bus 0000:00: root bus resource [mem 0x40000000-0xfdffffff window]
[    0.190035] pci_bus 0000:00: root bus resource [bus 00-ff]
[    0.192995] pci 0000:00:01.1: legacy IDE quirk: reg 0x10: [io  0x01f0-0x01f7]
[    0.193899] pci 0000:00:01.1: legacy IDE quirk: reg 0x14: [io  0x03f6]
[    0.194762] pci 0000:00:01.1: legacy IDE quirk: reg 0x18: [io  0x0170-0x0177]
[    0.195714] pci 0000:00:01.1: legacy IDE quirk: reg 0x1c: [io  0x0376]
[    0.214270] pci 0000:00:07.0: quirk: [io  0x4000-0x403f] claimed by PIIX4 ACPI
[    0.215695] pci 0000:00:07.0: quirk: [io  0x4100-0x410f] claimed by PIIX4 SMB
[    0.226348] ACPI: PCI Interrupt Link [LNKA] (IRQs 5 9 10 *11)
[    0.227621] ACPI: PCI Interrupt Link [LNKB] (IRQs 5 9 *10 11)
[    0.228111] ACPI: PCI Interrupt Link [LNKC] (IRQs 5 *9 10 11)
[    0.229169] ACPI: PCI Interrupt Link [LNKD] (IRQs 5 9 10 *11)
[    0.230520] SCSI subsystem initialized
[    0.232045] pci 0000:00:02.0: vgaarb: setting as boot VGA device
[    0.233069] pci 0000:00:02.0: vgaarb: VGA device added: decodes=io+mem,owns=io+mem,locks=none
[    0.234525] pci 0000:00:02.0: vgaarb: bridge control possible
[    0.235506] vgaarb: loaded
[    0.236033] ACPI: bus type USB registered
[    0.236765] usbcore: registered new interface driver usbfs
[    0.237658] usbcore: registered new interface driver hub
[    0.238367] usbcore: registered new device driver usb
[    0.239085] EDAC MC: Ver: 3.0.0
[    0.240045] PCI: Using ACPI for IRQ routing
[    0.240814] NetLabel: Initializing
[    0.241309] NetLabel:  domain hash size = 128
[    0.241916] NetLabel:  protocols = UNLABELED CIPSOv4 CALIPSO
[    0.242633] NetLabel:  unlabeled traffic allowed by default
[    0.243342] clocksource: Switched to clocksource kvm-clock
[    0.251006] VFS: Disk quotas dquot_6.6.0
[    0.251575] VFS: Dquot-cache hash table entries: 512 (order 0, 4096 bytes)
[    0.252551] AppArmor: AppArmor Filesystem Enabled
[    0.253195] pnp: PnP ACPI init
[    0.254389] pnp: PnP ACPI: found 3 devices
[    0.264609] clocksource: acpi_pm: mask: 0xffffff max_cycles: 0xffffff, max_idle_ns: 2085701024 ns
[    0.265943] NET: Registered protocol family 2
[    0.266759] TCP established hash table entries: 8192 (order: 4, 65536 bytes)
[    0.267854] TCP bind hash table entries: 8192 (order: 5, 131072 bytes)
[    0.269692] TCP: Hash tables configured (established 8192 bind 8192)
[    0.270662] UDP hash table entries: 512 (order: 2, 16384 bytes)
[    0.271613] UDP-Lite hash table entries: 512 (order: 2, 16384 bytes)
[    0.272665] NET: Registered protocol family 1
[    0.273320] pci 0000:00:00.0: Limiting direct PCI/PCI transfers
[    0.274262] pci 0000:00:01.0: Activating ISA DMA hang workarounds
[    0.275223] pci 0000:00:02.0: Video device with shadowed ROM at [mem 0x000c0000-0x000dffff]
[    0.276552] Unpacking initramfs...
[    0.514006] Freeing initrd memory: 19204K
[    0.514698] clocksource: tsc: mask: 0xffffffffffffffff max_cycles: 0x256f22b38c7, max_idle_ns: 440795255999 ns
[    0.516126] platform rtc_cmos: registered platform RTC device (no PNP device found)
[    0.517274] Scanning for low memory corruption every 60 seconds
[    0.518840] Initialise system trusted keyrings
[    0.519609] Key type blacklist registered
[    0.520383] workingset: timestamp_bits=36 max_order=18 bucket_order=0
[    0.522288] zbud: loaded
[    0.523250] squashfs: version 4.0 (2009/01/31) Phillip Lougher
[    0.524280] fuse init (API version 7.26)
[    0.527456] Key type asymmetric registered
[    0.528200] Asymmetric key parser 'x509' registered
[    0.528967] Block layer SCSI generic (bsg) driver version 0.4 loaded (major 246)
[    0.530133] io scheduler noop registered
[    0.530707] io scheduler deadline registered
[    0.531313] io scheduler cfq registered (default)
[    0.532263] ACPI: AC Adapter [AC] (on-line)
[    0.532898] input: Power Button as /devices/LNXSYSTM:00/LNXPWRBN:00/input/input0
[    0.534016] ACPI: Power Button [PWRF]
[    0.534608] input: Sleep Button as /devices/LNXSYSTM:00/LNXSLPBN:00/input/input1
[    0.535596] ACPI: Sleep Button [SLPF]
[    0.536493] Serial: 8250/16550 driver, 32 ports, IRQ sharing enabled
[    0.557906] 00:02: ttyS0 at I/O 0x3f8 (irq = 4, base_baud = 115200) is a 16550A
[    0.562204] Linux agpgart interface v0.103
[    0.565070] loop: module loaded
[    0.566056] scsi host0: ata_piix
[    0.566749] scsi host1: ata_piix
[    0.567319] ata1: PATA max UDMA/33 cmd 0x1f0 ctl 0x3f6 bmdma 0xd000 irq 14
[    0.568299] ata2: PATA max UDMA/33 cmd 0x170 ctl 0x376 bmdma 0xd008 irq 15
[    0.569353] libphy: Fixed MDIO Bus: probed
[    0.570060] tun: Universal TUN/TAP device driver, 1.6
[    0.570955] PPP generic driver version 2.4.2
[    0.571711] ehci_hcd: USB 2.0 'Enhanced' Host Controller (EHCI) Driver
[    0.572734] ehci-pci: EHCI PCI platform driver
[    0.573456] ehci-platform: EHCI generic platform driver
[    0.574184] ohci_hcd: USB 1.1 'Open' Host Controller (OHCI) Driver
[    0.575017] ohci-pci: OHCI PCI platform driver
[    0.575654] ohci-platform: OHCI generic platform driver
[    0.576473] uhci_hcd: USB Universal Host Controller Interface driver
[    0.577384] i8042: PNP: PS/2 Controller [PNP0303:PS2K,PNP0f03:PS2M] at 0x60,0x64 irq 1,12
[    0.578938] serio: i8042 KBD port at 0x60,0x64 irq 1
[    0.579659] serio: i8042 AUX port at 0x60,0x64 irq 12
[    0.580690] mousedev: PS/2 mouse device common for all mice
[    0.582139] rtc_cmos rtc_cmos: rtc core: registered rtc_cmos as rtc0
[    0.583038] input: AT Translated Set 2 keyboard as /devices/platform/i8042/serio0/input/input2
[    0.584273] rtc_cmos rtc_cmos: alarms up to one day, 114 bytes nvram
[    0.585252] i2c /dev entries driver
[    0.585829] device-mapper: uevent: version 1.0.3
[    0.586562] device-mapper: ioctl: 4.37.0-ioctl (2017-09-20) initialised: dm-devel@redhat.com
[    0.587756] ledtrig-cpu: registered to indicate activity on CPUs
[    0.589055] NET: Registered protocol family 10
[    0.596777] Segment Routing with IPv6
[    0.597309] NET: Registered protocol family 17
[    0.597983] Key type dns_resolver registered
[    0.598859] mce: Using 0 MCE banks
[    0.599437] RAS: Correctable Errors collector initialized.
[    0.600301] sched_clock: Marking stable (600282085, 0)->(746270543, -145988458)
[    0.601988] registered taskstats version 1
[    0.602649] Loading compiled-in X.509 certificates
[    0.606738] Loaded X.509 cert 'Build time autogenerated kernel key: f0020782f0d3a548186fb3f47aed88387a71e859'
[    0.608244] zswap: loaded using pool lzo/zbud
[    0.613772] Key type big_key registered
[    0.614474] Key type trusted registered
[    0.617068] Key type encrypted registered
[    0.617671] AppArmor: AppArmor sha1 policy hashing enabled
[    0.618460] ima: No TPM chip found, activating TPM-bypass! (rc=-19)
[    0.619408] ima: Allocated hash algorithm: sha1
[    0.620216] evm: HMAC attrs: 0x1
[    0.620971]   Magic number: 8:675:1006
[    0.621765] rtc_cmos rtc_cmos: setting system clock to 2020-02-27 21:59:18 UTC (1582840758)
[    0.623317] BIOS EDD facility v0.16 2004-Jun-25, 0 devices found
[    0.624368] EDD information not available.
[    0.758240] Freeing unused kernel image memory: 2428K
[    0.768190] Write protecting the kernel read-only data: 20480k
[    0.771243] Freeing unused kernel image memory: 2008K
[    0.773138] Freeing unused kernel image memory: 1880K
[    0.782255] x86/mm: Checked W+X mappings: passed, no W+X pages found.
[    0.783176] x86/mm: Checking user space page tables
[    0.789168] x86/mm: Checked W+X mappings: passed, no W+X pages found.
Loading, please wait...
starting version 237
[    0.873384] Fusion MPT base driver 3.04.20
[    0.874210] Copyright (c) 1999-2008 LSI Corporation
[    0.876295] e1000: Intel(R) PRO/1000 Network Driver - version 7.3.21-k8-NAPI
[    0.877662] e1000: Copyright (c) 1999-2006 Intel Corporation.
[    0.893849] Fusion MPT SPI Host driver 3.04.20
[    0.898543] AVX2 version of gcm_enc/dec engaged.
[    0.899446] AES CTR mode by8 optimization enabled
[    1.086844] input: ImExPS/2 Generic Explorer Mouse as /devices/platform/i8042/serio1/input/input4
[    1.265008] e1000 0000:00:03.0 eth0: (PCI:33MHz:32-bit) 02:86:7f:17:30:67
[    1.266480] e1000 0000:00:03.0 eth0: Intel(R) PRO/1000 Network Connection
[    1.269077] mptbase: ioc0: Initiating bringup
[    1.364515] ioc0: LSI53C1030 A0: Capabilities={Initiator}
[    1.607141] scsi host2: ioc0: LSI53C1030 A0, FwRev=00000000h, Ports=1, MaxQ=256, IRQ=20
[    1.776843] scsi 2:0:0:0: Direct-Access     VBOX     HARDDISK         1.0  PQ: 0 ANSI: 5
[    1.812137] scsi target2:0:0: Beginning Domain Validation
[    1.835141] scsi target2:0:0: Domain Validation skipping write tests
[    1.836371] scsi target2:0:0: Ending Domain Validation
[    1.845781] scsi target2:0:0: asynchronous
[    1.876387] scsi 2:0:1:0: Direct-Access     VBOX     HARDDISK         1.0  PQ: 0 ANSI: 5
[    1.923600] scsi target2:0:1: Beginning Domain Validation
[    1.926444] random: fast init done
[    1.927847] scsi target2:0:1: Domain Validation skipping write tests
[    1.929291] scsi target2:0:1: Ending Domain Validation
[    1.930564] scsi target2:0:1: asynchronous
[    1.938696] sd 2:0:0:0: Attached scsi generic sg0 type 0
[    1.938787] sd 2:0:0:0: [sda] 20971520 512-byte logical blocks: (10.7 GB/10.0 GiB)
[    1.941628] random: systemd-udevd: uninitialized urandom read (16 bytes read)
[    1.943370] sd 2:0:0:0: [sda] Write Protect is off
[    1.944660] random: systemd-udevd: uninitialized urandom read (16 bytes read)
[    1.946382] random: systemd-udevd: uninitialized urandom read (16 bytes read)
[    1.948093] sd 2:0:0:0: [sda] Incomplete mode parameter data
[    1.949440] sd 2:0:0:0: [sda] Assuming drive cache: write through
[    1.952048] sd 2:0:1:0: Attached scsi generic sg1 type 0
[    1.952201]  sda: sda1
[    1.954301] sd 2:0:0:0: [sda] Attached SCSI disk
[    1.955759] sd 2:0:1:0: [sdb] 20480 512-byte logical blocks: (10.5 MB/10.0 MiB)
[    1.957643] sd 2:0:1:0: [sdb] Write Protect is off
[    1.958892] sd 2:0:1:0: [sdb] Incomplete mode parameter data
[    1.960148] sd 2:0:1:0: [sdb] Assuming drive cache: write through
[    1.975136] sd 2:0:1:0: [sdb] Attached SCSI disk
[    2.195488] e1000 0000:00:08.0 eth1: (PCI:33MHz:32-bit) 08:00:27:6f:6e:9a
[    2.196824] e1000 0000:00:08.0 eth1: Intel(R) PRO/1000 Network Connection
[    2.200275] e1000 0000:00:08.0 enp0s8: renamed from eth1
[    2.232772] e1000 0000:00:03.0 enp0s3: renamed from eth0
Begin: Loading essential drivers ... [    4.088089] raid6: sse2x1   gen()  5965 MB/s
[    4.136076] raid6: sse2x1   xor()  3567 MB/s
[    4.184080] raid6: sse2x2   gen()  5926 MB/s
[    4.232069] raid6: sse2x2   xor()  6759 MB/s
[    4.280071] raid6: sse2x4   gen() 11965 MB/s
[    4.328068] raid6: sse2x4   xor()  7484 MB/s
[    4.376068] raid6: avx2x1   gen() 16261 MB/s
[    4.424067] raid6: avx2x1   xor() 11684 MB/s
[    4.472065] raid6: avx2x2   gen() 18508 MB/s
[    4.520066] raid6: avx2x2   xor() 12177 MB/s
[    4.568065] raid6: avx2x4   gen() 20773 MB/s
[    4.616066] raid6: avx2x4   xor() 12821 MB/s
[    4.617036] raid6: using algorithm avx2x4 gen() 20773 MB/s
[    4.618214] raid6: .... xor() 12821 MB/s, rmw enabled
[    4.619315] raid6: using avx2x2 recovery algorithm
[    4.623134] xor: automatically using best checksumming function   avx       
[    4.628436] async_tx: api initialized (async)
done.
Begin: Running /scripts/init-premount ... done.
Begin: Mounting root file system ... Begin: Running /scripts/local-top ... done.
Begin: Running /scripts/local-premount ... [    4.692317] Btrfs loaded, crc32c=crc32c-intel
Scanning for Btrfs filesystems
done.
Warning: fsck not present, so skipping root file system
[    4.743008] EXT4-fs (sda1): mounted filesystem with ordered data mode. Opts: (null)
done.
Begin: Running /scripts/local-bottom ... done.
Begin: Running /scripts/init-bottom ... done.
[    5.244641] ip_tables: (C) 2000-2006 Netfilter Core Team
[    5.277514] systemd[1]: systemd 237 running in system mode. (+PAM +AUDIT +SELINUX +IMA +APPARMOR +SMACK +SYSVINIT +UTMP +LIBCRYPTSETUP +GCRYPT +GNUTLS +ACL +XZ +LZ4 +SECCOMP +BLKID +ELFUTILS +KMOD -IDN2 +IDN -PCRE2 default-hierarchy=hybrid)
[    5.284721] systemd[1]: Detected virtualization oracle.
[    5.286628] systemd[1]: Detected architecture x86-64.

Welcome to [1mUbuntu 18.04.4 LTS[0m!

[    5.304553] systemd[1]: Set hostname to <ubuntu>.
[    5.312315] systemd[1]: Initializing machine ID from random generator.
[    5.314616] systemd[1]: Installed transient /etc/machine-id file.
[    5.930795] systemd[1]: Created slice System Slice.
[[0;32m  OK  [0m] Created slice System Slice.
[    5.932950] systemd[1]: Listening on Network Service Netlink Socket.
[[0;32m  OK  [0m] Listening on Network Service Netlink Socket.
[    5.937159] systemd[1]: Listening on Device-mapper event daemon FIFOs.
[[0;32m  OK  [0m] Listening on Device-mapper event daemon FIFOs.
[    5.941320] systemd[1]: Listening on /dev/initctl Compatibility Named Pipe.
[[0;32m  OK  [0m] Listening on /dev/initctl Compatibility Named Pipe.
[[0;32m  OK  [0m] Listening on LVM2 metadata daemon socket.
[[0;32m  OK  [0m] Listening on udev Control Socket.
[[0;32m  OK  [0m] Started Forward Password Requests to Wall Directory Watch.
[[0;32m  OK  [0m] Reached target System Time Synchronized.
[[0;32m  OK  [0m] Listening on Journal Socket (/dev/log).
[[0;32m  OK  [0m] Listening on udev Kernel Socket.
[[0;32m  OK  [0m] Created slice system-serial\x2dgetty.slice.
[[0;32m  OK  [0m] Listening on Journal Audit Socket.
[[0;32m  OK  [0m] Reached target Swap.
[[0;32m  OK  [0m] Created slice User and Session Slice.
[[0;32m  OK  [0m] Reached target Slices.
[[0;32m  OK  [0m] Listening on LVM2 poll daemon socket.
[[0;32m  OK  [0m] Set up automount Arbitrary Executabâ€¦rmats File System Automount Point.
[[0;32m  OK  [0m] Listening on Syslog Socket.
[[0;32m  OK  [0m] Reached target User and Group Name Lookups.
[[0;32m  OK  [0m] Listening on Journal Socket.
         Mounting POSIX Message Queue File System...
         Starting Monitoring of LVM2 mirrorsâ€¦ng dmeventd or progress polling...
         Starting Remount Root and Kernel File Systems...
         Starting Load Kernel Modules...
         Mounting Huge Pages File System...
         Starting Create list of required stâ€¦ce nodes for the current kernel...
         Starting Uncomplicated firewall...
         Starting udev Coldplug all Devices...
         Starting Set the console keyboard layout...
         Starting Journal Service...
         Mounting Kernel Debug File System...
[    6.139964] EXT4-fs (sda1): re-mounted. Opts: (null)
[[0;32m  OK  [0m] Mounted POSIX Message Queue File System.
[[0;32m  OK  [0m] Started Remount Root and Kernel File Systems.
[[0;32m  OK  [0m] Mounted Huge Pages File System.
[[0;32m  OK  [0m] Started Create list of required staâ€¦vice nodes for the current kernel.
[[0;32m  OK  [0m] Started Uncomplicated firewall.
[[0;32m  OK  [0m] Mounted Kernel Debug File System.
[[0;32m  OK  [0m] Started LVM2 metadata daemon.
         Starting Create Static Device Nodes in /dev...
         Starting Load/Save Random Seed...
[    6.204162] Loading iSCSI transport class v2.0-870.
[[0;32m  OK  [0m] Started Journal Service.
[[0;32m  OK  [0m] Started udev Coldplug all Devices.
[[0;32m  OK  [0m] Started Create Static Device Nodes in /dev.
         Starting udev Kernel Device Manager...
         Starting Flush Journal to Persistent Storage...
[[0;32m  OK  [0m] Started Load/Save Random Seed.
[    6.344358] iscsi: registered transport (tcp)
[    6.403578] systemd-journald[402]: Received request to flush runtime journal from PID 1
[[0;32m  OK  [0m] Started Monitoring of LVM2 mirrors,â€¦sing dmeventd or progress polling.
[    6.496542] iscsi: registered transport (iser)
[[0;32m  OK  [0m] Started Load Kernel Modules.
         Starting Apply Kernel Variables...
         Mounting Kernel Configuration File System...
         Mounting FUSE Control File System...
[[0;32m  OK  [0m] Mounted Kernel Configuration File System.
[[0;32m  OK  [0m] Mounted FUSE Control File System.
[[0;32m  OK  [0m] Started udev Kernel Device Manager.
[[0;32m  OK  [0m] Started Apply Kernel Variables.
[[0;32m  OK  [0m] Started Flush Journal to Persistent Storage.
[[0;32m  OK  [0m] Started Set the console keyboard layout.
[[0;32m  OK  [0m] Reached target Local File Systems (Pre).
[[0;32m  OK  [0m] Reached target Local File Systems.
         Starting AppArmor initialization...
         Starting Commit a transient machine-id on disk...
         Starting Create Volatile Files and Directories...
         Starting ebtables ruleset management...
         Starting Tell Plymouth To Write Out Runtime Data...
         Starting Set console font and keymap...
[[0;32m  OK  [0m] Started Dispatch Password Requests to Console Directory Watch.
[[0;32m  OK  [0m] Reached target Local Encrypted Volumes.
[[0;32m  OK  [0m] Started Set console font and keymap.
[[0;32m  OK  [0m] Started Commit a transient machine-id on disk.
[[0;32m  OK  [0m] Started Tell Plymouth To Write Out Runtime Data.
[[0;32m  OK  [0m] Started Create Volatile Files and Directories.
         Starting Update UTMP about System Boot/Shutdown...
[[0;32m  OK  [0m] Started Update UTMP about System Boot/Shutdown.
[[0;32m  OK  [0m] Started ebtables ruleset management.
[[0;32m  OK  [0m] Found device /dev/ttyS0.
[[0;32m  OK  [0m] Listening on Load/Save RF Kill Switch Status /dev/rfkill Watch.
[[0;32m  OK  [0m] Started AppArmor initialization.
         Starting Initial cloud-init job (pre-networking)...
[   10.456980] cloud-init[552]: Cloud-init v. 19.4-33-gbb4131a2-0ubuntu1~18.04.1 running 'init-local' at Thu, 27 Feb 2020 21:59:27 +0000. Up 9.87 seconds.
[[0;32m  OK  [0m] Started Initial cloud-init job (pre-networking).
[[0;32m  OK  [0m] Reached target Network (Pre).
         Starting Network Service...
[[0;32m  OK  [0m] Started Network Service.
         Starting Network Name Resolution...
         Starting Wait for Network to be Configured...
[[0;32m  OK  [0m] Started Network Name Resolution.
[[0;32m  OK  [0m] Reached target Host and Network Name Lookups.
[[0;32m  OK  [0m] Reached target Network.
[[0;32m  OK  [0m] Started Wait for Network to be Configured.
         Starting Initial cloud-init job (metadata service crawler)...
[   13.087247] cloud-init[669]: Cloud-init v. 19.4-33-gbb4131a2-0ubuntu1~18.04.1 running 'init' at Thu, 27 Feb 2020 21:59:30 +0000. Up 12.88 seconds.
[   13.090432] cloud-init[669]: ci-info: ++++++++++++++++++++++++++++++++++++++Net device info+++++++++++++++++++++++++++++++++++++++
[   13.093659] cloud-init[669]: ci-info: +--------+-------+----------------------------+---------------+--------+-------------------+
[   13.096378] cloud-init[669]: ci-info: | Device |   Up  |          Address           |      Mask     | Scope  |     Hw-Address    |
[   13.098430] cloud-init[669]: ci-info: +--------+-------+----------------------------+---------------+--------+-------------------+
[   13.099718] cloud-init[669]: ci-info: | enp0s3 |  True |         10.0.2.15          | 255.255.255.0 | global | 02:86:7f:17:30:67 |
[   13.101192] cloud-init[669]: ci-info: | enp0s3 |  True | fe80::86:7fff:fe17:3067/64 |       .       |  link  | 02:86:7f:17:30:67 |
[   13.102662] cloud-init[669]: ci-info: | enp0s8 | False |             .              |       .       |   .    | 08:00:27:6f:6e:9a |
[   13.104091] cloud-init[669]: ci-info: |   lo   |  True |         127.0.0.1          |   255.0.0.0   |  host  |         .         |
[   13.105555] cloud-init[669]: ci-info: |   lo   |  True |          ::1/128           |       .       |  host  |         .         |
[   13.106993] cloud-init[669]: ci-info: +--------+-------+----------------------------+---------------+--------+-------------------+
[   13.108420] cloud-init[669]: ci-info: ++++++++++++++++++++++++++++Route IPv4 info+++++++++++++++++++++++++++++
[   13.109653] cloud-init[669]: ci-info: +-------+-------------+----------+-----------------+-----------+-------+
[   13.110867] cloud-init[669]: ci-info: | Route | Destination | Gateway  |     Genmask     | Interface | Flags |
[   13.112148] cloud-init[669]: ci-info: +-------+-------------+----------+-----------------+-----------+-------+
[   13.113348] cloud-init[669]: ci-info: |   0   |   0.0.0.0   | 10.0.2.2 |     0.0.0.0     |   enp0s3  |   UG  |
[   13.114575] cloud-init[669]: ci-info: |   1   |   10.0.2.0  | 0.0.0.0  |  255.255.255.0  |   enp0s3  |   U   |
[   13.116170] cloud-init[669]: ci-info: |   2   |   10.0.2.2  | 0.0.0.0  | 255.255.255.255 |   enp0s3  |   UH  |
[   13.117406] cloud-init[669]: ci-info: +-------+-------------+----------+-----------------+-----------+-------+
[   13.118639] cloud-init[669]: ci-info: +++++++++++++++++++Route IPv6 info+++++++++++++++++++
[   13.119650] cloud-init[669]: ci-info: +-------+-------------+---------+-----------+-------+
[   13.120686] cloud-init[669]: ci-info: | Route | Destination | Gateway | Interface | Flags |
[   13.121720] cloud-init[669]: ci-info: +-------+-------------+---------+-----------+-------+
[   13.122761] cloud-init[669]: ci-info: |   1   |  fe80::/64  |    ::   |   enp0s3  |   U   |
[   13.123779] cloud-init[669]: ci-info: |   3   |    local    |    ::   |   enp0s3  |   U   |
[   13.124807] cloud-init[669]: ci-info: |   4   |   ff00::/8  |    ::   |   enp0s3  |   U   |
[   13.125837] cloud-init[669]: ci-info: +-------+-------------+---------+-----------+-------+
[   15.099397] cloud-init[669]: Generating public/private rsa key pair.
[   15.101382] cloud-init[669]: Your identification has been saved in /etc/ssh/ssh_host_rsa_key.
[   15.103655] cloud-init[669]: Your public key has been saved in /etc/ssh/ssh_host_rsa_key.pub.
[   15.105899] cloud-init[669]: The key fingerprint is:
[   15.107402] cloud-init[669]: SHA256:1Rzolts1NNHBatqe8RuPfjJWoTQJRQkcFtaqcCFbzl8 root@ubuntu-bionic
[   15.109750] cloud-init[669]: The key's randomart image is:
[   15.111294] cloud-init[669]: +---[RSA 2048]----+
[   15.112775] cloud-init[669]: |          .BOo++.|
[   15.114133] cloud-init[669]: |       . o+= +o..|
[   15.114859] cloud-init[669]: |        *.o.=.o. |
[   15.115582] cloud-init[669]: |       o =+. Eo. |
[   15.116348] cloud-init[669]: |        S.oo*.o..|
[   15.117098] cloud-init[669]: |         ..o.+  .|
[   15.117842] cloud-init[669]: |            . +o |
[   15.118601] cloud-init[669]: |             o+o+|
[   15.119337] cloud-init[669]: |             oo=o|
[   15.120084] cloud-init[669]: +----[SHA256]-----+
[   15.120856] cloud-init[669]: Generating public/private dsa key pair.
[   15.121763] cloud-init[669]: Your identification has been saved in /etc/ssh/ssh_host_dsa_key.
[   15.123383] cloud-init[669]: Your public key has been saved in /etc/ssh/ssh_host_dsa_key.pub.
[   15.124991] cloud-init[669]: The key fingerprint is:
[   15.125966] cloud-init[669]: SHA256:j6ycoUBL8M0PZn70oxsMQT1xXE1dHE1qpiP9D45KTeo root@ubuntu-bionic
[   15.127071] cloud-init[669]: The key's randomart image is:
[   15.127844] cloud-init[669]: +---[DSA 1024]----+
[   15.128627] cloud-init[669]: |    ...o...o.. ==|
[   15.129349] cloud-init[669]: |   .  o..   . ..o|
[   15.130049] cloud-init[669]: |.   .  .      +  |
[   15.130772] cloud-init[669]: | o o .     . +   |
[   15.131493] cloud-init[669]: |  + B . S . =    |
[   15.132253] cloud-init[669]: | o = * o o = o   |
[   15.132971] cloud-init[669]: |  o . * = + . o  |
[   15.133692] cloud-init[669]: |   . + * +   o o |
[   15.134442] cloud-init[669]: |    . *.  E.. . .|
[   15.135145] cloud-init[669]: +----[SHA256]-----+
[   15.135862] cloud-init[669]: Generating public/private ecdsa key pair.
[   15.136794] cloud-init[669]: Your identification has been saved in /etc/ssh/ssh_host_ecdsa_key.
[   15.137891] cloud-init[669]: Your public key has been saved in /etc/ssh/ssh_host_ecdsa_key.pub.
[   15.138966] cloud-init[669]: The key fingerprint is:
[   15.139694] cloud-init[669]: SHA256:O8CM+tUuCsl8OXuAHSagpL7o9955RykpzGlQT9dXaro root@ubuntu-bionic
[   15.140853] cloud-init[669]: The key's randomart image is:
[   15.141662] cloud-init[669]: +---[ECDSA 256]---+
[   15.142357] cloud-init[669]: |            .   o|
[   15.143065] cloud-init[669]: |..     . . . . o |
[   15.143768] cloud-init[669]: |+.    . o .   +  |
[   15.144503] cloud-init[669]: |o . o=   .   o   |
[   15.145224] cloud-init[669]: |.  =..B S . o    |
[   15.145929] cloud-init[669]: | +.oo. O + o .   |
[   15.146633] cloud-init[669]: |. B +.o = o E    |
[   15.147319] cloud-init[669]: |.. = ++..o .     |
[   15.148017] cloud-init[669]: |... *= +o .      |
[   15.148766] cloud-init[669]: +----[SHA256]-----+
[   15.149461] cloud-init[669]: Generating public/private ed25519 key pair.
[   15.150349] cloud-init[669]: Your identification has been saved in /etc/ssh/ssh_host_ed25519_key.
[   15.151470] cloud-init[669]: Your public key has been saved in /etc/ssh/ssh_host_ed25519_key.pub.
[   15.152691] cloud-init[669]: The key fingerprint is:
[   15.153471] cloud-init[669]: SHA256:6oY+hLSMYymf4GxEa46CObXzCSMXIIuH+svd+1qKvLs root@ubuntu-bionic
[   15.154674] cloud-init[669]: The key's randomart image is:
[   15.155503] cloud-init[669]: +--[ED25519 256]--+
[   15.156282] cloud-init[669]: |                 |
[   15.157031] cloud-init[669]: |                 |
[   15.157781] cloud-init[669]: [[0;32m  OK  [0m] Started Initial cloud-init job (metadata service crawler).
[[0;32m  OK  [0m] Reached target Cloud-config availability.
[[0;32m  OK  [0m] Reached target Network is Online.
|o                |
[[0;32m  OK  [0m] Reached target Remote File Systems (Pre).
[   15.166010] cloud-init[669]: |o=.              |
[   15.166793] cloud-init[669]: |=+=o    S        |
[[0;32m  OK  [0m] Reached target Remote File Systems.
[   15.168446] cloud-init[669]: |*B=..  .         |
[   15.170413] cloud-init[669]: |&*++ .. .        |
         Starting Availability of block devices...
[   15.172179] cloud-init[669]: |*X==o=.o         |
[[0;32m  OK  [0m[   15.173009] cloud-init[669]: |o.+=E**+.        |
[   15.173308] cloud-init[669]: +----[SHA256]-----+
] Reached target System Initialization.
[[0;32m  OK  [0m] Started Message of the Day.
         Starting LXD - unix socket.
[[0;32m  OK  [0m] Listening on ACPID Listen Socket.
[[0;32m  OK  [0m] Started Discard unused blocks once a week.
[[0;32m  OK  [0m] Started Daily apt download activities.
[[0;32m  OK  [0m] Started Daily apt upgrade and clean activities.
[[0;32m  OK  [0m] Started ACPI Events Check.
[[0;32m  OK  [0m] Reached target Paths.
         Starting Socket activation for snappy daemon.
[[0;32m  OK  [0m] Listening on UUID daemon activation socket.
[[0;32m  OK  [0m] Listening on Open-iSCSI iscsid Socket.
[[0;32m  OK  [0m] Started Daily Cleanup of Temporary Directories.
[[0;32m  OK  [0m] Listening on D-Bus System Message Bus Socket.
[[0;32m  OK  [0m] Reached target Timers.
[[0;32m  OK  [0m] Started Availability of block devices.
[[0;32m  OK  [0m] Listening on LXD - unix socket.
[[0;32m  OK  [0m] Listening on Socket activation for snappy daemon.
[[0;32m  OK  [0m] Reached target Sockets.
[[0;32m  OK  [0m] Reached target Basic System.
[[0;32m  OK  [0m] Started irqbalance daemon.
         Starting LSB: automatic crash report generation...
         Starting Accounts Service...
         Starting Dispatcher daemon for systemd-networkd...
         Starting Pollinate to seed the pseudo random number generator...
[[0;32m  OK  [0m] Started Regular background program processing daemon.
         Starting Permit User Sessions...
         Starting Login Service...
[[0;32m  OK  [0m] Started D-Bus System Message Bus.
         Starting System Logging Service...
[[0;32m  OK  [0m] Started FUSE filesystem for LXC.
         Starting Virtualbox guest utils...
         Starting LSB: Record successful boot for GRUB...
         Starting Snappy daemon...
[[0;32m  OK  [0m] Started Deferred execution scheduler.
         Starting LXD - container startup/shutdown...
[[0;32m  OK  [0m] Started System Logging Service.
[[0;32m  OK  [0m] Started Permit User Sessions.
[[0;32m  OK  [0m] Started Login Service.
         Starting Authorization Manager...
[[0;32m  OK  [0m] Started Unattended Upgrades Shutdown.
         Starting Terminate Plymouth Boot Screen...
         Starting Hold until boot process finishes up...
[[0;32m  OK  [0m] Started Hold until boot process finishes up.
[[0;32m  OK  [0m] Started Serial Getty on ttyS0.
         Starting Set console scheme...
[[0;32m  OK  [0m] Started Terminate Plymouth Boot Screen.
[[0;32m  OK  [0m] Started LSB: automatic crash report generation.
[[0;32m  OK  [0m] Started Set console scheme.
[[0;32m  OK  [0m] Created slice system-getty.slice.
[[0;32m  OK  [0m] Started Getty on tty1.
[[0;32m  OK  [0m] Reached target Login Prompts.
[[0;32m  OK  [0m] Started Authorization Manager.
[[0;32m  OK  [0m] Started Accounts Service.
[[0;32m  OK  [0m] Started LSB: Record successful boot for GRUB.
[[0;32m  OK  [0m] Started Virtualbox guest utils.
[[0;32m  OK  [0m] Started LXD - container startup/shutdown.
[[0;32m  OK  [0m] Started Dispatcher daemon for systemd-networkd.
[[0;32m  OK  [0m] Started Snappy daemon.
         Starting Wait until snapd is fully seeded...
[[0;32m  OK  [0m] Started Pollinate to seed the pseudo random number generator.
         Starting OpenBSD Secure Shell server...
[[0;32m  OK  [0m] Started OpenBSD Secure Shell server.
[[0;32m  OK  [0m] Created slice User Slice of vagrant.
         Starting User Manager for UID 1000...
[[0;32m  OK  [0m] Started Session 1 of user vagrant.
[[0;32m  OK  [0m] Started User Manager for UID 1000.
[[0;32m  OK  [0m] Started Wait until snapd is fully seeded.
         Starting Apply the settings specified in cloud-config...
[[0;32m  OK  [0m] Reached target Multi-User System.
[[0;32m  OK  [0m] Reached target Graphical Interface.
         Starting Update UTMP about System Runlevel Changes...
[[0;32m  OK  [0m] Started Update UTMP about System Runlevel Changes.

Ubuntu 18.04.4 LTS ubuntu-bionic ttyS0

ubuntu-bionic login: [   22.100438] cloud-init[1284]: Cloud-init v. 19.4-33-gbb4131a2-0ubuntu1~18.04.1 running 'modules:config' at Thu, 27 Feb 2020 21:59:38 +0000. Up 20.42 seconds.
ci-info: no authorized SSH keys fingerprints found for user ubuntu.
<14>Feb 27 21:59:40 ec2: 
<14>Feb 27 21:59:40 ec2: #############################################################
<14>Feb 27 21:59:40 ec2: -----BEGIN SSH HOST KEY FINGERPRINTS-----
<14>Feb 27 21:59:40 ec2: 1024 SHA256:j6ycoUBL8M0PZn70oxsMQT1xXE1dHE1qpiP9D45KTeo root@ubuntu-bionic (DSA)
<14>Feb 27 21:59:40 ec2: 256 SHA256:O8CM+tUuCsl8OXuAHSagpL7o9955RykpzGlQT9dXaro root@ubuntu-bionic (ECDSA)
<14>Feb 27 21:59:40 ec2: 256 SHA256:6oY+hLSMYymf4GxEa46CObXzCSMXIIuH+svd+1qKvLs root@ubuntu-bionic (ED25519)
<14>Feb 27 21:59:40 ec2: 2048 SHA256:1Rzolts1NNHBatqe8RuPfjJWoTQJRQkcFtaqcCFbzl8 root@ubuntu-bionic (RSA)
<14>Feb 27 21:59:40 ec2: -----END SSH HOST KEY FINGERPRINTS-----
<14>Feb 27 21:59:40 ec2: #############################################################
-----BEGIN SSH HOST KEY KEYS-----
ecdsa-sha2-nistp256 AAAAE2VjZHNhLXNoYTItbmlzdHAyNTYAAAAIbmlzdHAyNTYAAABBBKzEbcfZk04uo+eGTfYkLqb3UOpCTeHr8NHE6nigCcI3t5eprp7LXkwQdscm/hkB5HvdV1tXczu2geMIa9bdmPc= root@ubuntu-bionic
ssh-ed25519 AAAAC3NzaC1lZDI1NTE5AAAAII0BTMug0ayq248vty9XxB4IwOlblgCWcgxptvt4zGP1 root@ubuntu-bionic
ssh-rsa AAAAB3NzaC1yc2EAAAADAQABAAABAQDDmB95aABo23AXdK3qT5KpaoMJsIjlNl/G9KkU7pKZ5CQyNAnIwuFrjn0C2HKQnOkRywc6hP7YHLnNO644sz4/VPh/QapsbdnqiRvp9R4e+JNv6JF+o7EanEdLzon57u/981/QmI3KZF3u6muoWkW58S3mpCJF3djS7HyF1Dh5FAlJMzA5nu++QgczOe3+tcWDEF+9jrZG0UsiRKEy9wfFOPUuWjkr8GWsGTDB4Sk24MOOzH4eAFqYfK7D3IhXCfoAEDpc2nWzhj3aq3NLxx0BnfKZuiVPCcQZ44W25q5DDlVMd2XwGVbeoxc2lWGJQd0D/ClLuWwvrzD0oHxz7DyZ root@ubuntu-bionic
-----END SSH HOST KEY KEYS-----
[   22.853767] cloud-init[1411]: Cloud-init v. 19.4-33-gbb4131a2-0ubuntu1~18.04.1 running 'modules:final' at Thu, 27 Feb 2020 21:59:40 +0000. Up 22.61 seconds.
[   22.853876] cloud-init[1411]: ci-info: no authorized SSH keys fingerprints found for user ubuntu.
[   22.854433] cloud-init[1411]: Cloud-init v. 19.4-33-gbb4131a2-0ubuntu1~18.04.1 finished at Thu, 27 Feb 2020 21:59:40 +0000. Datasource DataSourceNoCloud [seed=/dev/sdb][dsmode=net].  Up 22.84 seconds
